17 200 3.713261
11 200 3.811167
4 200 3.814883
10 200 3.929364
23 200 3.916501
2 200 3.934743
16 200 3.929127
20 200 3.924922
21 200 4.020783
7 200 4.181702
12 200 4.178247
18 200 4.173123
8 200 4.181264
13 200 4.236011
24 200 4.330994
22 200 4.419496
19 200 4.424969
1 200 4.434925
5 200 4.436575
6 200 4.435226
15 200 4.737786
9 200 4.917343
14 200 4.914634
3 200 4.923441
26 200 3.029636
28 200 3.705241
32 200 3.697771
25 200 3.915426
27 200 4.117585
43 200 3.832047
38 200 4.257626
36 200 4.320040
37 200 4.320124
34 200 4.322147
40 200 4.336628
47 200 4.054643
39 200 4.624969
41 200 4.539840
48 200 4.053891
46 200 4.057133
29 200 5.202591
31 200 5.200322
33 200 5.296349
45 200 4.587370
30 200 5.398514
42 200 4.896334
35 200 5.150330
44 200 4.895728
52 200 2.355123
49 200 3.326433
51 200 2.894845
50 200 3.205752
53 200 2.951751
54 200 4.122273
55 200 4.486840
58 200 4.486897
62 200 4.052505
56 200 4.630503
59 200 4.498362
57 200 4.823645
64 200 4.729933
66 200 4.573555
70 200 4.375310
60 200 4.887382
67 200 4.543377
61 200 4.899096
68 200 4.784001
63 200 5.138706
65 200 4.981340
69 200 4.951355
71 200 5.316406
72 200 5.313583
77 200 4.211636
74 200 5.035333
73 200 5.347695
76 200 4.660141
75 200 4.971280
78 200 3.531136
80 200 3.390115
79 200 4.307180
81 200 4.327174
85 200 3.685883
88 200 3.532199
83 200 4.186472
84 200 4.129928
92 200 3.522047
86 200 3.929823
90 200 3.764629
82 200 5.570187
87 200 5.097869
89 200 4.932428
91 200 5.155332
94 200 4.985798
95 200 4.676544
93 200 5.231680
103 200 3.129896
98 200 4.762225
96 200 5.324349
99 200 4.946455
97 200 5.191217
100 200 4.887459
106 200 3.347580
107 200 3.509048
110 200 3.518439
102 200 5.520799
101 200 6.016408
104 200 4.364151
114 200 3.203845
109 200 4.771289
112 200 4.588635
105 200 4.870603
111 200 4.588736
108 200 4.772127
118 200 3.992300
117 200 4.076011
119 200 4.245406
121 200 3.652117
113 200 5.314509
115 200 5.289938
116 200 4.827693
120 200 4.587074
122 200 4.186833
126 200 4.421047
123 200 5.025346
130 200 3.842295
124 200 5.265419
125 200 5.165017
129 200 4.669219
127 200 5.209482
131 200 4.684721
132 200 4.514838
128 200 5.366553
138 200 3.235667
133 200 4.585873
135 200 4.846371
139 200 3.905891
137 200 5.186203
140 200 3.822545
136 200 5.311431
134 200 5.314326
145 200 4.114209
144 200 4.126665
141 200 4.599684
142 200 4.203438
146 200 4.064377
143 200 4.643911
151 200 3.188414
147 200 3.733118
155 200 3.275244
148 200 4.527206
154 200 3.642834
150 200 4.505056
157 200 3.762606
149 200 5.041953
152 200 4.937804
153 200 5.205438
156 200 4.828211
161 200 4.411470
163 200 4.440500
158 200 5.261522
159 200 5.001117
167 200 4.258313
165 200 4.270437
160 200 6.037702
172 200 4.604153
176 200 3.440360
166 200 5.404240
171 200 4.881410
168 200 5.404644
169 200 5.404917
162 200 6.215599
164 200 6.091136
174 200 4.286722
173 200 4.330109
170 200 5.393654
177 200 4.111879
175 200 4.436122
178 200 5.100918
187 200 3.340214
182 200 3.997993
185 200 3.751548
179 200 4.904229
180 200 4.820541
184 200 4.709002
186 200 4.300295
183 200 4.884589
181 200 5.739446
192 200 4.579294
197 200 4.187814
190 200 4.815387
194 200 4.687123
196 200 4.993884
199 200 4.838750
188 200 6.012578
203 200 3.585399
200 200 5.123201
191 200 6.090952
193 200 6.088741
189 200 6.215513
195 200 6.085708
201 200 6.070493
198 200 6.367302
205 200 4.989599
204 200 4.989408
212 200 2.910142
202 200 6.007237
216 200 3.261787
209 200 5.130118
207 200 5.791804
208 200 5.147421
211 200 4.976349
206 200 6.112008
215 200 4.098423
210 200 5.550529
214 200 4.213900
217 200 4.188391
218 200 4.721217
213 200 5.712216
224 200 4.611482
220 200 5.449288
219 200 5.698733
225 200 4.843640
221 200 5.862583
222 200 5.864474
223 200 5.897851
226 200 5.837102
227 200 5.523602
228 200 6.025816
233 200 5.011294
235 200 4.875027
236 200 4.873619
230 200 5.461372
237 200 5.148044
232 200 5.650393
229 200 6.527976
234 200 5.716079
239 200 5.165483
242 200 3.878075
246 200 3.266055
231 200 6.884295
238 200 6.359767
244 200 4.210558
240 200 6.346924
241 200 5.655109
243 200 5.345856
250 200 3.667127
248 200 4.422854
245 200 5.712773
256 200 3.848339
254 200 4.608454
253 200 4.608901
255 200 4.936402
251 200 5.542248
249 200 6.267026
247 200 6.302504
263 200 3.460563
259 200 4.423829
260 200 4.892188
257 200 5.262729
252 200 5.985566
261 200 5.129897
258 200 6.086875
262 200 5.795986
264 200 4.927872
269 200 4.250227
266 200 4.769301
265 200 5.313940
270 200 4.495734
267 200 4.994090
268 200 5.753061
271 200 5.425931
275 200 4.109541
279 200 3.968462
273 200 5.359261
272 200 5.361130
276 200 4.344085
278 200 4.342142
282 200 3.887054
277 200 5.602191
286 200 4.025019
274 200 6.125032
293 200 3.720778
284 200 5.466297
280 200 6.226550
281 200 6.225175
287 200 4.941059
283 200 5.815989
290 200 4.663839
285 200 5.816906
288 200 4.941875
291 200 5.252806
295 200 4.368461
296 200 4.183209
289 200 6.001252
292 200 5.526905
302 200 4.082169
294 200 5.629007
303 200 4.002996
299 200 5.422488
305 200 4.274974
301 200 5.729639
297 200 6.187126
300 200 5.816028
308 200 3.942201
298 200 6.054920
313 200 3.812293
312 200 3.812083
307 200 4.163430
306 200 4.338999
311 200 4.415572
309 200 5.172986
304 200 5.793042
319 200 3.685522
316 200 4.150248
314 200 5.300459
310 200 5.304924
320 200 3.745685
318 200 4.382507
315 200 4.970236
317 200 5.154590
321 200 4.119099
322 200 3.874702
323 200 4.099747
327 200 3.819444
325 200 3.905003
324 200 4.148250
332 200 3.895516
331 200 3.895595
334 200 4.089509
333 200 4.588909
329 200 5.074454
326 200 5.274786
328 200 5.074127
335 200 4.090415
341 200 3.606333
337 200 4.284068
340 200 4.191534
338 200 4.191807
339 200 4.192225
336 200 4.902527
330 200 5.915447
346 200 3.438781
345 200 4.048293
347 200 3.955684
342 200 5.381431
343 200 5.381386
344 200 4.691514
348 200 3.880249
351 200 3.589164
352 200 4.566070
350 200 4.819858
349 200 5.058853
357 200 3.794727
355 200 3.863151
356 200 4.183906
354 200 4.533712
353 200 4.533956
358 200 4.716399
359 200 4.586319
365 200 4.075779
362 200 4.307799
360 200 4.452339
368 200 3.277185
367 200 3.713551
366 200 4.302932
370 200 3.483339
372 200 3.786861
369 200 4.047135
361 200 5.675942
363 200 5.973934
364 200 5.742153
373 200 4.436482
371 200 5.038677
376 200 3.894786
377 200 4.243726
375 200 4.429460
374 200 5.069975
384 200 3.757033
385 200 3.755776
380 200 4.816429
381 200 4.816813
378 200 5.460211
383 200 4.363061
379 200 5.671982
390 200 4.133229
388 200 4.491433
386 200 4.983620
387 200 4.492746
382 200 5.159725
389 200 4.546254
391 200 4.628925
394 200 4.084927
393 200 4.385154
392 200 4.629550
395 200 4.321632
396 200 4.699296
397 200 4.345413
398 200 4.335449
399 200 4.505081
400 200 4.505108
406 200 3.657646
403 200 4.229841
414 200 3.185737
413 200 3.406135
401 200 4.918496
402 200 4.701907
410 200 4.059398
407 200 4.929686
404 200 5.242666
405 200 5.240823
412 200 4.533677
419 200 3.530320
417 200 3.923443
422 200 3.174924
409 200 5.079594
411 200 5.332946
408 200 5.770759
416 200 4.738525
415 200 4.782698
425 200 2.849028
421 200 5.028561
418 200 5.739879
420 200 5.029272
430 200 3.748917
427 200 3.815922
424 200 5.114303
423 200 5.114894
426 200 5.332029
428 200 4.929259
429 200 5.049303
436 200 4.156641
431 200 4.826082
435 200 4.351893
434 200 4.696785
437 200 4.436407
439 200 4.246934
438 200 4.307686
441 200 4.170681
444 200 4.261390
432 200 5.665457
433 200 5.665679
442 200 4.469448
440 200 5.072093
451 200 3.913476
447 200 4.900483
445 200 5.183601
446 200 5.439377
449 200 5.980366
448 200 5.982132
450 200 5.667809
457 200 4.850953
454 200 5.217187
458 200 4.735911
461 200 4.585323
459 200 4.658618
456 200 4.902146
460 200 4.588703
455 200 5.671337
466 200 4.923206
462 200 5.221872
464 200 5.081112
465 200 5.081125
467 200 4.725653
463 200 5.177492
471 200 3.159764
469 200 4.695639
468 200 5.732614
474 200 4.027490
473 200 4.028817
472 200 4.030101
470 200 5.647646
478 200 3.716425
477 200 3.764527
479 200 4.160033
475 200 4.903108
480 200 5.240247
481 200 5.238046
482 200 4.666091
486 200 4.170044
488 200 4.644811
487 200 4.987019
484 200 5.220435
483 200 5.220700
489 200 4.844887
485 200 5.062448
490 200 4.062858
496 200 3.513750
493 200 3.869096
498 200 3.979614
495 200 4.853169
494 200 5.820271
492 200 5.821002
497 200 5.550004
491 200 5.874241
504 200 4.570663
509 200 4.246696
502 200 5.339898
503 200 5.381998
500 200 5.580779
510 200 4.593225
508 200 4.808145
499 200 6.328417
501 200 5.941396
512 200 3.927648
506 200 4.927171
505 200 5.157044
507 200 5.433375
514 200 3.238812
513 200 3.802749
511 200 4.711838
517 200 2.682919
518 200 4.370856
516 200 4.577573
515 200 4.634083
526 200 3.671037
522 200 4.289214
521 200 4.771644
530 200 3.951691
531 200 3.966052
519 200 5.151087
523 200 4.909396
520 200 5.150376
528 200 4.639793
529 200 4.820013
532 200 4.269089
527 200 5.212795
525 200 5.255307
524 200 5.456541
538 200 2.769064
537 200 2.825704
535 200 5.444093
534 200 5.452634
533 200 5.452814
536 200 5.298901
544 200 3.326033
540 200 4.376316
539 200 5.370696
543 200 4.492579
547 200 5.123733
548 200 5.191758
549 200 5.188792
550 200 4.875202
551 200 4.976916
541 200 6.086415
542 200 5.999655
546 200 5.707789
545 200 5.708601
556 200 4.338146
555 200 4.337142
557 200 4.338157
552 200 5.382839
553 200 5.304231
554 200 5.304677
558 200 3.592394
559 200 3.477238
560 200 3.248260
562 200 4.906817
572 200 3.805884
576 200 3.874526
567 200 4.482064
566 200 4.842327
565 200 4.843295
570 200 4.672714
563 200 5.199248
568 200 4.926347
573 200 4.840864
574 200 4.839842
579 200 4.099772
575 200 4.658899
577 200 4.660932
578 200 4.972311
580 200 5.190808
582 200 3.469945
584 200 4.415625
583 200 4.416195
592 200 4.141786
588 200 4.568072
585 200 4.668615
593 200 4.144064
591 200 4.208675
594 200 4.337295
597 200 2.161941
596 200 3.331597
595 200 5.572870
601 200 3.761498
600 200 4.152246
602 200 4.164209
606 200 3.946870
603 200 5.580928
604 200 5.575498
607 200 5.101223
605 200 5.386143
608 200 4.039093
609 200 3.311145
611 200 3.894174
610 200 4.060154
612 200 4.270057
616 200 3.053829
614 200 3.970489
615 200 4.643329
618 200 3.204617
613 200 4.699298
622 200 2.849761
617 200 5.194779
619 200 3.822321
621 200 3.442669
620 200 4.040422
623 200 4.411695
625 200 3.877824
626 200 3.919594
624 200 3.976957
629 200 2.685656
628 200 3.292445
627 200 3.337433
630 200 4.692082
631 200 4.676364
635 200 3.257166
632 200 3.547210
633 200 3.351877
634 200 3.419340
638 200 3.568589
639 200 3.187984
636 200 5.390551
637 200 5.134442
645 200 1.944571
642 200 3.279169
640 200 3.948355
641 200 5.093575
643 200 5.041851
644 200 4.931980
646 200 2.910419
648 200 3.465775
647 200 4.324263
651 200 3.499617
649 200 4.485169
650 200 4.033506
653 200 3.606233
652 200 3.770931
656 200 3.064275
654 200 3.985927
655 200 3.823618
657 200 3.169661
660 200 3.064951
658 200 5.462723
659 200 5.013819
661 200 4.444057
665 200 4.131174
664 200 4.334159
663 200 4.381917
662 200 4.805965
666 200 3.932225
667 200 3.609571
668 200 2.254341
669 200 4.029164
670 200 3.267842
672 200 4.094359
674 200 4.057944
675 200 4.077683
671 200 4.710460
676 200 4.115583
673 200 4.831727
677 200 3.608611
678 200 2.772944
679 200 3.333022
682 200 2.422911
680 200 3.223859
681 200 3.001388
684 200 3.528542
687 200 2.779878
690 200 2.069981
686 200 4.709895
688 200 4.676444
692 200 2.844539
691 200 4.369158
689 200 5.038495
693 200 3.501378
694 200 3.760777
696 200 3.039128
697 200 4.215341
698 200 3.648243
700 200 4.050144
699 200 4.050405
702 200 3.251656
704 200 2.770776
707 200 2.679708
708 200 1.876870
710 200 0.895667
709 200 1.086370
712 200 0.743517
713 200 1.823374
714 200 0.876347
443 000 120.001335
716 200 1.046047
452 000 120.001317
453 000 120.001777
718 200 1.157268
476 000 120.001201
561 000 120.002006
564 000 120.001115
569 000 120.000416
571 000 120.000796
722 200 1.660539
724 200 1.069112
725 200 1.186113
727 200 1.371879
728 200 1.440682
729 200 1.068767
581 000 120.002014
730 200 1.373825
586 000 120.001521
587 000 120.000571
589 000 120.000942
590 000 120.001160
731 200 2.804077
732 200 2.770558
733 200 2.841036
736 200 2.097011
734 200 2.406184
735 200 2.520801
737 200 2.241453
740 200 1.252594
598 000 120.001257
599 000 120.001134
738 200 2.668367
739 200 2.701255
742 200 2.111286
741 200 3.088508
743 200 2.925107
745 200 2.092934
744 200 2.955954
749 200 2.156914
750 200 2.671066
748 200 2.994573
747 200 3.162705
746 200 3.163976
753 200 1.956907
754 200 1.957534
751 200 2.209356
752 200 2.263352
755 200 2.317423
757 200 2.037444
758 200 2.277179
756 200 2.634927
760 200 2.345429
759 200 2.575548
763 200 2.323626
761 200 3.051121
762 200 3.265080
764 200 2.515108
769 200 1.767985
770 200 1.893920
767 200 2.354535
765 200 3.096371
768 200 2.621545
766 200 2.855110
771 200 2.033811
772 200 2.058393
773 200 2.753907
774 200 2.770523
776 200 2.299210
775 200 2.667544
778 200 2.431397
777 200 2.610070
779 200 2.609547
781 200 2.152425
780 200 2.547692
783 200 1.834077
788 200 1.749633
785 200 2.579591
782 200 3.009156
784 200 3.350477
786 200 2.949757
789 200 2.955306
787 200 3.226406
790 200 3.204663
791 200 2.514250
792 200 2.220545
793 200 2.064300
796 200 2.178071
794 200 3.076426
795 200 2.694942
799 200 2.572061
797 200 3.230469
798 200 3.222729
800 200 2.840003
801 200 2.869220
802 200 2.808879
803 200 2.241979
805 200 2.228474
804 200 2.608787
809 200 1.728903
808 200 2.080231
806 200 2.758325
811 200 2.510360
812 200 2.587360
816 200 1.450151
807 200 4.382609
810 200 3.880562
813 200 3.617740
814 200 3.438774
815 200 3.315694
819 200 1.953993
822 200 1.831511
824 200 1.697796
817 200 4.878181
818 200 4.263824
823 200 2.526189
826 200 2.215130
820 200 4.826747
821 200 4.173264
829 200 2.118684
825 200 4.317096
832 200 2.275509
834 200 1.777481
831 200 3.207377
833 200 2.366248
835 200 1.813115
838 200 2.124158
839 200 1.783035
837 200 3.794518
842 200 1.678216
840 200 4.661764
844 200 1.974305
841 200 4.462665
845 200 2.428930
848 200 2.538968
847 200 2.562803
849 200 2.111897
683 000 120.001905
685 000 120.001825
850 200 1.735799
852 200 1.833958
853 200 1.762984
854 200 1.826151
855 200 1.543938
858 200 1.220287
856 200 1.667314
857 200 1.682565
859 200 1.624801
862 200 1.026997
695 000 120.001603
860 200 1.953865
861 200 1.940018
863 200 2.235375
866 200 1.404526
867 200 1.413273
864 200 2.226006
865 200 2.095936
701 000 120.001504
869 200 1.979912
872 200 1.736479
871 200 2.147919
868 200 2.424103
870 200 2.314487
876 200 1.511686
875 200 1.729300
873 200 1.988900
703 000 120.001251
874 200 2.223059
878 200 2.381698
705 000 120.001308
706 000 120.001828
877 200 2.581244
885 200 1.285785
882 200 2.246974
883 200 2.155729
879 200 2.666520
881 200 2.784015
880 200 2.818742
887 200 2.158151
884 200 2.443085
886 200 2.367888
891 200 1.923093
890 200 2.564183
889 200 2.649882
888 200 3.025928
892 200 2.710076
895 200 2.165403
711 000 120.001147
893 200 3.101710
894 200 3.078156
897 200 1.915787
896 200 3.312043
898 200 1.914343
899 200 2.095335
900 200 1.968057
715 000 120.001782
717 000 120.001151
719 000 120.001355
720 000 120.001244
721 000 120.001475
723 000 120.001832
726 000 120.001830
827 000 120.001677
828 000 120.000854
830 000 120.001276
836 000 120.001673
843 000 120.001191
846 000 120.001610
851 000 120.001900
