18 200 2.943033
13 200 3.122262
8 200 3.173852
1 200 3.228495
24 200 3.210905
7 200 3.231452
4 200 3.251343
12 200 3.480504
14 200 3.574811
3 200 3.670694
11 200 3.693912
9 200 3.740499
16 200 3.987453
31 200 1.943931
28 200 2.170015
21 200 5.483206
34 200 2.433726
5 200 6.132053
25 200 3.443679
27 200 3.248184
30 200 3.198597
37 200 2.569554
22 200 6.646869
6 200 6.664357
23 200 6.644023
17 200 6.651030
10 200 6.668177
19 200 6.647796
15 200 6.656221
20 200 6.643222
2 200 6.674428
38 200 2.220035
26 200 5.139465
29 200 5.036371
39 200 3.146572
42 200 3.624280
55 200 3.086567
53 200 3.088954
45 200 3.336461
40 200 4.407179
41 200 3.813192
46 200 3.679277
54 200 3.621080
56 200 3.402614
44 200 4.713371
58 200 2.884148
59 200 2.855659
51 200 4.757580
47 200 4.917054
52 200 4.914152
61 200 2.410423
64 200 2.627974
57 200 5.319635
68 200 2.827108
66 200 3.696440
69 200 2.812544
62 200 4.344858
70 200 3.206705
73 200 2.820215
71 200 3.252395
74 200 3.069588
81 200 2.001542
79 200 2.262791
75 200 4.697122
78 200 4.616198
80 200 4.299690
82 200 4.290936
84 200 4.302781
86 200 3.371257
88 200 3.230077
90 200 1.890312
92 200 2.090560
93 200 2.348484
91 200 3.220113
95 200 2.233410
96 200 1.558565
97 200 1.154891
100 200 1.867856
101 200 1.618550
103 200 1.203410
104 200 1.341122
105 200 1.406882
106 200 1.154485
107 200 1.006730
108 200 2.900161
109 200 2.202709
32 000 120.000995
33 000 120.001903
35 000 120.001378
36 000 120.001343
114 200 1.092952
111 200 2.072233
112 200 2.169561
43 000 120.001915
116 200 0.858780
50 000 120.001366
48 000 120.001564
49 000 120.000770
119 200 1.423223
118 200 1.845396
121 200 1.999659
122 200 2.044409
120 200 2.061171
60 000 120.001350
63 000 120.000764
127 200 1.141549
65 000 120.001525
123 200 2.140526
67 000 120.001409
124 200 2.384839
125 200 2.320858
126 200 2.289538
72 000 120.001789
129 200 1.668345
132 200 1.845209
135 200 1.454966
76 000 120.001361
136 200 1.613775
137 200 1.325602
138 200 1.997791
141 200 0.969248
77 000 120.001960
139 200 1.952690
140 200 1.641142
83 000 120.001587
142 200 1.868327
85 000 120.001456
146 200 1.104625
143 200 1.956911
144 200 1.282384
148 200 1.104404
145 200 2.112430
147 200 2.042696
149 200 1.801793
87 000 120.001888
150 200 1.823152
151 200 1.838590
152 200 1.814448
154 200 2.839189
156 200 2.080087
153 200 3.073371
155 200 2.678918
158 200 1.917368
157 200 2.293710
89 000 120.000940
162 200 1.759201
159 200 2.244893
160 200 2.429326
161 200 2.401034
163 200 1.969132
165 200 2.038353
164 200 2.173035
94 000 120.001640
166 200 2.441393
168 200 2.433035
169 200 2.350974
167 200 2.684776
170 200 3.027579
172 200 2.671333
173 200 2.643378
171 200 3.187549
175 200 1.902466
174 200 2.293143
98 000 120.001157
99 000 120.001390
177 200 2.406001
180 200 2.020501
176 200 2.923875
181 200 2.079426
178 200 3.317227
183 200 2.326207
185 200 2.093145
184 200 2.200721
179 200 3.249923
186 200 2.184462
187 200 2.257507
182 200 3.091874
102 000 120.000933
193 200 1.593958
188 200 3.105594
195 200 1.282032
192 200 2.339889
189 200 3.342177
196 200 2.375604
194 200 2.528724
200 200 2.366119
191 200 3.949077
190 200 4.222855
203 200 2.759369
197 200 4.153270
199 200 4.060451
198 200 4.158888
207 200 2.503374
208 200 2.154015
209 200 2.192154
201 200 4.049460
211 200 2.026874
204 200 3.713005
202 200 4.216103
212 200 2.148589
205 200 3.882632
206 200 3.759853
210 200 2.717700
213 200 2.175301
215 200 1.936607
214 200 2.311279
216 200 2.574434
219 200 2.250528
218 200 2.631068
220 200 2.467891
217 200 2.770828
222 200 2.335998
224 200 2.624422
225 200 2.607211
221 200 2.982518
227 200 2.475483
226 200 3.092677
223 200 3.308854
228 200 3.319530
231 200 2.317590
236 200 1.925119
229 200 3.458570
232 200 2.937868
230 200 3.372704
239 200 2.001821
235 200 2.804978
233 200 2.953398
234 200 2.979871
237 200 2.644298
238 200 2.707620
244 200 1.737120
242 200 2.691052
240 200 3.455858
241 200 3.534893
110 000 120.001115
243 200 3.219207
245 200 3.011365
247 200 3.315783
248 200 3.378289
246 200 3.762158
251 200 3.433162
250 200 3.562112
249 200 3.988245
252 200 3.744611
253 200 3.719676
256 200 3.244210
255 200 3.373712
261 200 2.648506
257 200 3.636945
259 200 3.020931
264 200 2.469267
266 200 2.454289
265 200 2.575555
268 200 2.250585
267 200 2.935022
274 200 1.995888
269 200 3.934733
270 200 3.933257
271 200 4.300102
273 200 3.779149
282 200 1.281015
276 200 3.722573
275 200 3.949836
279 200 3.380303
281 200 2.788428
284 200 2.800082
285 200 2.923389
287 200 2.968463
286 200 3.075329
289 200 2.328558
288 200 3.090055
290 200 2.194815
291 200 1.982872
295 200 1.191264
294 200 1.889206
293 200 2.471972
292 200 2.579375
296 200 1.954320
298 200 1.521867
297 200 1.963957
303 200 1.171431
299 200 2.190889
301 200 2.029732
304 200 1.446773
302 200 2.223241
300 200 2.663288
306 200 1.897941
307 200 1.789509
305 200 2.055398
310 200 1.909600
311 200 1.381036
313 200 1.464041
315 200 1.346984
113 000 120.001255
115 000 120.001549
117 000 120.000775
320 200 0.872842
128 000 120.001062
130 000 120.001282
131 000 120.001345
133 000 120.001111
134 000 120.000838
322 200 0.892717
323 200 1.698574
324 200 1.676846
327 200 1.040696
330 200 0.926417
328 200 1.566686
329 200 1.612306
331 200 1.549212
332 200 1.275048
254 000 120.001671
258 000 120.001272
260 000 120.001386
337 200 1.216134
262 000 120.001820
263 000 120.001341
338 200 1.552672
339 200 1.531584
340 200 1.711522
272 000 120.001027
341 200 1.852832
342 200 2.289951
277 000 120.001120
278 000 120.001233
280 000 120.000996
343 200 2.641822
344 200 2.469087
345 200 2.462131
349 200 1.327044
347 200 2.173243
348 200 2.128006
283 000 120.000940
352 200 1.789862
350 200 2.730250
351 200 2.849681
356 200 1.828947
353 200 2.862132
355 200 2.702924
359 200 1.958935
358 200 2.744924
361 200 2.156165
362 200 2.116112
363 200 1.811702
364 200 1.850795
367 200 1.342869
366 200 1.907164
368 200 1.873501
370 200 1.929478
369 200 1.991586
371 200 1.685204
373 200 0.917446
374 200 0.884964
375 200 1.049525
308 000 120.001093
309 000 120.001567
376 200 1.943743
377 200 2.153304
378 200 1.976360
312 000 120.001815
379 200 1.556248
380 200 1.693526
314 000 120.001746
381 200 1.605852
383 200 1.432426
382 200 1.772000
384 200 1.469558
316 000 120.001373
385 200 1.621617
386 200 1.923338
317 000 120.001813
393 200 1.246482
389 200 2.051395
388 200 2.299372
387 200 2.593691
390 200 2.193759
392 200 2.006697
391 200 2.074227
394 200 1.985917
399 200 1.148298
396 200 1.887920
398 200 1.952182
397 200 1.967405
395 200 2.507591
400 200 2.292064
401 200 2.454467
402 200 2.465405
403 200 2.219383
405 200 1.779084
406 200 2.153788
408 200 2.325001
404 200 3.070675
407 200 2.645858
410 200 2.165538
409 200 2.394686
411 200 2.354824
412 200 1.923786
413 200 1.877504
414 200 2.063772
422 200 1.088563
416 200 2.360090
415 200 2.407928
421 200 1.525519
417 200 2.346226
418 200 2.412324
420 200 2.361212
419 200 2.584326
423 200 1.471348
424 200 1.568845
425 200 1.727924
426 200 2.291631
431 200 1.611793
430 200 1.821240
428 200 2.430669
427 200 2.521622
433 200 1.664529
434 200 1.566222
429 200 2.883656
432 200 2.658233
436 200 1.789860
439 200 1.951105
437 200 1.986037
440 200 1.836404
442 200 1.610590
435 200 3.031887
444 200 1.476711
441 200 2.687464
446 200 1.507653
447 200 2.482530
450 200 1.732408
448 200 2.858751
449 200 2.827262
453 200 2.257994
454 200 2.140946
455 200 1.664228
459 200 0.978197
460 200 0.886038
461 200 1.268469
318 000 120.001738
319 000 120.001459
321 000 120.001786
325 000 120.001011
326 000 120.001145
466 200 1.283272
333 000 120.001757
469 200 0.767923
334 000 120.000872
335 000 120.002006
470 200 0.820814
472 200 1.000350
473 200 1.350747
475 200 1.039612
476 200 0.998167
336 000 120.001635
478 200 0.901143
479 200 1.104532
346 000 120.001233
354 000 120.001555
357 000 120.000991
482 200 1.125224
360 000 120.001367
365 000 120.001128
486 200 0.867056
487 200 1.146598
372 000 120.001118
488 200 0.936625
489 200 1.771951
490 200 1.731058
492 200 1.088874
493 200 1.067578
438 000 120.001556
443 000 120.001073
495 200 1.135365
496 200 0.839546
445 000 120.002046
498 200 1.421502
451 000 120.001925
499 200 1.413845
452 000 120.001143
500 200 1.832193
502 200 1.898157
503 200 1.996853
456 000 120.000575
501 200 2.304873
505 200 1.494250
457 000 120.001313
458 000 120.001190
506 200 1.477852
508 200 1.842299
507 200 2.346097
511 200 1.621253
510 200 2.115679
512 200 2.181234
513 200 1.966734
514 200 1.938482
462 000 120.001638
517 200 1.181703
516 200 1.360198
519 200 1.538902
521 200 1.549722
520 200 2.386465
522 200 2.309136
523 200 1.670937
524 200 2.140197
525 200 1.836054
527 200 1.434101
528 200 1.508745
530 200 1.168280
529 200 1.981974
531 200 1.482088
533 200 1.306240
535 200 0.877089
536 200 1.064108
537 200 0.932545
538 200 0.985660
539 200 1.153255
540 200 0.875518
541 200 0.906677
542 200 0.860343
543 200 0.869508
544 200 1.072113
545 200 1.011563
546 200 1.030260
547 200 1.083293
548 200 0.874407
463 000 120.001993
464 000 120.001283
550 200 1.190347
551 200 1.013097
465 000 120.001275
553 200 0.909370
554 200 1.153493
555 200 1.073792
556 200 1.250253
467 000 120.000839
468 000 120.001067
559 200 1.010257
560 200 0.809624
561 200 0.782973
563 200 0.967309
471 000 120.001541
564 200 1.179817
565 200 1.075613
474 000 120.001190
566 200 1.043420
567 200 1.370072
568 200 1.452216
570 200 1.446189
477 000 120.000913
571 200 1.473322
572 200 0.801867
575 200 0.914297
576 200 0.839105
577 200 0.894516
578 200 0.680083
579 200 0.860878
480 000 120.001160
581 200 1.009570
481 000 120.001601
583 200 1.082396
584 200 0.782599
585 200 0.868910
483 000 120.001759
484 000 120.002033
588 200 1.174175
485 000 120.001325
589 200 1.210968
590 200 1.530026
491 000 120.001227
593 200 0.970353
594 200 0.902830
494 000 120.001172
595 200 0.872711
596 200 1.189668
598 200 0.887445
497 000 120.001237
600 200 0.757488
601 200 0.830105
504 000 120.002045
603 200 0.886851
509 000 120.001374
605 200 1.058842
515 000 120.001604
606 200 1.346312
518 000 120.001485
608 200 1.435847
609 200 1.402697
611 200 0.912376
612 200 0.842591
526 000 120.001292
532 000 120.001450
534 000 120.001186
616 200 1.348357
617 200 0.937235
618 200 1.321418
619 200 1.069770
620 200 1.082669
621 200 0.956721
622 200 0.869293
623 200 1.089751
624 200 0.906602
625 200 0.908036
626 200 0.970079
627 200 0.805332
549 000 120.001819
629 200 1.546440
630 200 0.953814
631 200 1.021484
552 000 120.001079
633 200 0.980408
557 000 120.000552
635 200 0.947720
558 000 120.000648
636 200 0.850464
638 200 0.812566
562 000 120.002004
640 200 0.865931
569 000 120.001080
573 000 120.001895
574 000 120.001636
644 200 0.993477
645 200 1.011616
580 000 120.000454
647 200 1.010102
648 200 0.907014
582 000 120.001075
650 200 0.792960
651 200 0.996242
586 000 120.001454
587 000 120.001711
591 000 120.001688
592 000 120.001884
656 200 0.780266
657 200 0.760646
658 200 1.031060
659 200 0.994113
660 200 1.064521
597 000 120.001508
599 000 120.001647
663 200 1.200398
602 000 120.000441
604 000 120.000941
666 200 0.952586
667 200 1.044362
607 000 120.001737
668 200 1.012876
670 200 0.971938
610 000 120.001365
671 200 0.969824
672 200 1.330936
613 000 120.001724
614 000 120.001652
675 200 1.186955
615 000 120.001277
678 200 1.019242
679 200 0.876408
680 200 1.623536
681 200 0.714899
628 000 120.001943
683 200 1.024052
632 000 120.001579
634 000 120.001161
637 000 120.000938
639 000 120.001465
687 200 3.290942
641 000 120.001354
689 200 0.975317
690 200 0.938817
691 200 0.934070
692 200 1.149428
642 000 120.001652
694 200 1.137022
695 200 1.173678
696 200 0.939453
697 200 1.041568
643 000 120.001707
698 200 0.988887
700 200 0.849481
702 200 1.077563
646 000 120.001699
704 200 0.761385
649 000 120.001771
706 200 0.925275
707 200 1.016633
652 000 120.001204
709 200 0.917902
710 200 0.977404
653 000 120.000959
711 200 0.849519
654 000 120.001602
713 200 1.240273
712 200 2.362605
715 200 1.316113
714 200 2.297790
655 000 120.001465
716 200 2.208473
717 200 2.194537
719 200 2.782162
720 200 1.963358
722 200 1.625478
723 200 1.265695
661 000 120.001383
724 200 1.101219
727 200 1.040736
728 200 0.828541
662 000 120.000735
729 200 0.878948
730 200 0.934692
731 200 0.980095
732 200 0.919750
664 000 120.000696
734 200 1.100684
735 200 1.221349
665 000 120.000773
738 200 0.989003
739 200 1.074821
669 000 120.001199
741 200 1.223588
673 000 120.001265
742 200 1.288368
743 200 1.063476
674 000 120.001918
744 200 1.031793
676 000 120.000305
745 200 1.041972
677 000 120.001097
749 200 1.316321
750 200 1.223497
752 200 1.763779
753 200 1.031870
754 200 1.120934
682 000 120.001232
755 200 1.128424
756 200 1.135550
758 200 0.776992
759 200 0.909194
760 200 1.057202
761 200 1.001343
684 000 120.001547
763 200 1.093791
685 000 120.001137
686 000 120.001908
766 200 0.801318
767 200 1.247482
768 200 0.789104
769 200 0.973395
688 000 120.001488
693 000 120.001339
699 000 120.001327
701 000 120.000733
773 200 1.043576
774 200 0.946235
703 000 120.000430
776 200 0.990232
705 000 120.000642
777 200 1.097993
778 200 1.162450
781 200 1.052063
708 000 120.001999
783 200 1.193960
718 000 120.000561
785 200 0.972847
786 200 0.828994
721 000 120.001081
788 200 0.924851
725 000 120.000498
726 000 120.001647
790 200 1.288964
733 000 120.001723
736 000 120.001629
794 200 0.888528
737 000 120.001205
795 200 1.127885
796 200 1.139308
797 200 1.204143
798 200 1.086405
799 200 0.898601
801 200 1.032569
802 200 1.048113
803 200 0.802474
804 200 1.042161
805 200 0.884438
806 200 0.735190
740 000 120.001635
746 000 120.001978
747 000 120.001080
748 000 120.001714
809 200 1.482233
810 200 1.607532
812 200 0.767361
751 000 120.001606
813 200 1.251438
815 200 1.105680
814 200 1.484639
817 200 0.896372
818 200 1.262358
819 200 1.145092
820 200 0.927807
822 200 1.094290
823 200 0.847246
757 000 120.000993
824 200 1.045522
825 200 1.096376
827 200 1.405889
828 200 0.792592
762 000 120.001098
830 200 0.855687
831 200 0.907886
832 200 0.791820
764 000 120.001202
834 200 1.002497
765 000 120.001126
836 200 1.067939
770 000 120.001032
771 000 120.000540
838 200 1.208360
839 200 0.930115
840 200 0.963896
842 200 0.989538
843 200 0.973453
772 000 120.001390
844 200 1.366154
845 200 1.561497
846 200 0.836481
775 000 120.001295
849 200 0.915637
850 200 1.104821
779 000 120.000895
780 000 120.001395
851 200 1.535752
782 000 120.000646
853 200 1.581362
855 200 0.840185
857 200 0.934660
858 200 0.849803
784 000 120.001108
860 200 1.000759
787 000 120.001044
862 200 0.936784
789 000 120.001202
863 200 1.340207
864 200 1.380563
791 000 120.001340
792 000 120.001860
868 200 1.223729
793 000 120.001399
800 000 120.001049
807 000 120.001607
808 000 120.001406
873 200 1.013204
874 200 1.026009
875 200 0.917847
876 200 0.906279
877 200 1.025000
878 200 0.888136
879 200 1.194074
811 000 120.001617
816 000 120.001223
882 200 1.160087
883 200 0.726848
821 000 120.001455
884 200 0.964478
826 000 120.001845
829 000 120.001742
833 000 120.001049
835 000 120.001967
890 200 0.963092
837 000 120.001546
892 200 1.180953
893 200 1.150364
894 200 1.330388
895 200 1.145732
896 200 0.814392
897 200 1.000458
841 000 120.000763
847 000 120.001158
848 000 120.001947
900 200 0.969821
852 000 120.000547
854 000 120.001518
856 000 120.001329
859 000 120.001367
861 000 120.001600
865 000 120.000589
866 000 120.001996
867 000 120.001627
869 000 120.001754
870 000 120.001362
871 000 120.001942
872 000 120.001160
880 000 120.001799
881 000 120.001474
885 000 120.001447
886 000 120.001159
887 000 120.001266
888 000 120.001536
889 000 120.002064
891 000 120.001034
898 000 120.001623
899 000 120.001868
