16 200 2.557109
24 200 2.566993
7 200 2.597985
15 200 2.589993
1 200 2.623312
19 200 2.630784
6 200 2.650570
3 200 2.656980
18 200 2.646276
5 200 2.668052
21 200 2.654028
2 200 2.675566
4 200 2.679319
20 200 2.676629
10 200 2.684422
17 200 2.683966
13 200 2.714902
11 200 2.724811
12 200 2.767227
9 200 3.012496
8 200 3.220794
23 200 3.203720
22 200 3.201833
14 200 3.214049
35 200 1.970858
42 200 2.267576
43 200 2.299131
28 200 2.497852
46 200 2.106029
34 200 2.713581
29 200 2.762230
38 200 2.707645
39 200 2.701712
48 200 2.568837
56 200 1.063087
25 200 4.013325
50 200 1.743298
27 200 4.435095
26 200 4.447331
52 200 2.015278
36 200 4.546369
54 200 1.967595
32 200 4.711903
33 200 4.707720
31 200 4.714075
37 200 4.691026
30 200 4.719918
41 200 4.642389
40 200 4.669114
57 200 2.123777
58 200 2.002010
44 200 4.811838
47 200 4.605647
45 200 4.865811
59 200 2.146670
61 200 2.075737
49 200 4.595800
69 200 1.883445
60 200 2.786706
51 200 4.791304
55 200 4.486391
53 200 4.542087
64 200 3.250414
62 200 3.346963
66 200 3.237969
65 200 3.382393
70 200 3.503237
68 200 3.538219
83 200 1.586398
75 200 3.449845
71 200 3.964955
63 200 4.297208
76 200 3.686626
77 200 3.701584
79 200 3.054003
84 200 1.801012
67 200 4.762723
73 200 4.758118
72 200 4.758015
74 200 4.603998
78 200 4.215950
89 200 1.970672
85 200 2.833343
82 200 3.469456
86 200 3.002756
81 200 3.768381
80 200 4.180813
88 200 2.847291
90 200 2.645259
94 200 2.326115
87 200 3.537098
91 200 3.270186
93 200 3.182252
95 200 3.204750
97 200 3.144866
104 200 2.643141
92 200 4.133396
101 200 2.961447
102 200 3.049110
96 200 4.056833
110 200 2.691783
107 200 3.009281
106 200 3.186249
108 200 3.065067
113 200 2.776599
114 200 2.495139
111 200 3.277750
98 200 5.142375
117 200 2.741794
103 200 5.255490
105 200 5.081768
99 200 5.715948
100 200 5.711746
119 200 2.932147
122 200 2.731304
123 200 2.675666
112 200 5.009250
109 200 5.369658
126 200 2.580349
124 200 3.081812
127 200 2.756131
125 200 2.807614
128 200 2.721969
116 200 4.422150
130 200 2.578431
129 200 2.773846
118 200 4.523756
121 200 4.021108
115 200 5.149427
120 200 4.290160
131 200 2.995548
133 200 2.481080
132 200 2.877247
135 200 2.513342
136 200 2.563558
137 200 2.835928
134 200 2.870323
138 200 2.954355
144 200 2.594561
140 200 3.482969
139 200 3.514434
142 200 3.099858
146 200 3.091959
143 200 3.366282
149 200 3.022584
150 200 2.892347
154 200 2.813183
151 200 2.977167
153 200 2.982207
159 200 2.852927
157 200 3.310199
161 200 2.721498
158 200 3.276306
160 200 2.969605
162 200 2.653802
147 200 5.041231
165 200 2.549751
155 200 4.652635
148 200 5.371390
145 200 5.425834
141 200 5.695258
163 200 2.997071
169 200 2.403640
164 200 3.089154
156 200 5.080629
172 200 2.483475
152 200 5.487630
173 200 2.750380
175 200 2.723748
176 200 2.704264
168 200 4.051116
167 200 4.109601
166 200 4.371861
178 200 2.604357
177 200 2.746235
179 200 2.720406
170 200 4.625860
185 200 2.411852
182 200 2.413909
180 200 2.806409
171 200 4.746472
189 200 2.267247
186 200 2.718149
187 200 2.797134
188 200 2.718452
174 200 4.403842
190 200 2.775981
199 200 2.268764
181 200 4.369548
194 200 2.925596
196 200 2.894601
193 200 3.021696
203 200 2.358289
200 200 3.069697
206 200 2.278878
201 200 2.840160
183 200 5.257043
184 200 5.257452
191 200 4.643025
202 200 3.010321
209 200 2.340896
208 200 2.942228
205 200 3.327728
207 200 3.167254
195 200 4.696700
197 200 4.696700
192 200 5.608150
210 200 3.622055
204 200 4.652534
198 200 5.412427
214 200 2.611193
218 200 2.273008
220 200 2.785064
217 200 3.416223
213 200 3.877617
215 200 3.535646
211 200 5.035278
219 200 3.397420
226 200 2.702146
212 200 4.338720
222 200 3.378930
221 200 3.378930
223 200 3.392485
224 200 3.261226
216 200 4.193200
225 200 3.422573
229 200 3.440539
227 200 3.905819
230 200 3.596169
231 200 4.439907
233 200 3.914391
228 200 5.268436
232 200 4.391188
236 200 4.270823
235 200 4.482413
234 200 4.579724
238 200 3.706617
237 200 4.005172
244 200 3.565908
249 200 3.343885
243 200 3.695384
246 200 3.645389
247 200 3.639595
239 200 4.205336
245 200 3.901522
252 200 3.455981
240 200 5.271868
241 200 5.077914
248 200 4.793727
242 200 5.022681
253 200 3.620608
254 200 2.974225
250 200 5.106543
251 200 4.171331
256 200 3.252812
258 200 2.987189
263 200 2.657727
255 200 3.831494
259 200 3.062247
257 200 3.581232
261 200 3.096193
266 200 2.765895
268 200 2.662522
262 200 3.348949
260 200 3.614941
264 200 3.393845
265 200 3.375796
274 200 2.822234
267 200 4.199603
277 200 2.683556
271 200 3.344248
275 200 3.221502
273 200 3.446059
269 200 4.888841
281 200 2.655274
276 200 3.914964
270 200 4.886171
272 200 4.783787
288 200 2.970469
279 200 3.860937
280 200 3.809451
284 200 3.736112
293 200 2.151039
287 200 3.788161
283 200 4.045167
278 200 4.917439
282 200 4.635742
289 200 4.332226
290 200 4.195389
292 200 3.506788
295 200 3.158577
286 200 4.935812
291 200 4.562711
285 200 5.223972
300 200 2.682749
304 200 2.998850
301 200 3.369651
309 200 3.109436
294 200 5.658153
296 200 5.513712
297 200 5.501965
305 200 4.318524
312 200 3.302966
298 200 6.009473
299 200 5.960511
319 200 2.959608
314 200 3.955861
313 200 4.038796
315 200 3.950481
318 200 3.890714
308 200 5.688340
302 200 6.283523
303 200 6.206231
307 200 5.904180
306 200 5.942531
310 200 5.546454
316 200 4.864185
320 200 3.660753
321 200 3.610147
311 200 6.264850
317 200 5.568852
324 200 3.682265
325 200 4.031773
326 200 3.782464
322 200 4.885555
323 200 4.443870
328 200 3.731052
327 200 4.069804
330 200 3.740965
331 200 3.671406
329 200 4.017698
334 200 3.461824
332 200 3.928773
333 200 4.086620
335 200 3.679685
338 200 3.976337
343 200 3.303976
342 200 3.507180
337 200 4.031623
341 200 3.766224
336 200 4.075699
344 200 3.088929
346 200 2.866211
339 200 4.814736
340 200 5.205246
345 200 4.342235
350 200 3.567482
354 200 3.329455
352 200 3.654355
351 200 3.699403
349 200 4.093475
355 200 3.637292
347 200 5.021811
353 200 4.291346
348 200 5.340442
356 200 4.409857
357 200 4.223065
362 200 3.721446
358 200 4.285197
363 200 3.865809
361 200 3.928082
360 200 4.041625
359 200 4.344337
364 200 4.424514
365 200 4.533569
367 200 4.180800
366 200 4.512650
368 200 4.290692
369 200 4.108992
370 200 4.265715
378 200 3.134295
375 200 3.691883
372 200 3.889850
377 200 3.382460
376 200 3.771311
384 200 2.520190
371 200 4.597350
382 200 3.159725
373 200 4.641540
374 200 5.058445
391 200 2.935298
387 200 3.749365
383 200 4.012914
380 200 4.547773
379 200 4.688996
381 200 4.542228
389 200 3.610735
390 200 3.692142
393 200 3.282144
392 200 3.656232
385 200 5.120900
395 200 3.193706
399 200 2.992138
397 200 3.217521
401 200 2.879457
396 200 3.586315
388 200 5.237523
386 200 5.776094
403 200 3.023100
398 200 3.636223
402 200 3.067975
400 200 3.558825
394 200 4.609443
404 200 3.095427
408 200 3.870524
411 200 3.633845
406 200 4.125307
416 200 2.865452
418 200 3.824021
421 200 3.492381
423 200 3.303089
405 200 5.731423
410 200 5.453372
407 200 5.667734
409 200 5.455408
419 200 4.080342
417 200 4.138663
414 200 4.930777
426 200 3.726296
412 200 5.493114
413 200 5.219411
428 200 3.886886
422 200 4.614475
420 200 4.764813
424 200 4.506360
415 200 5.550521
427 200 4.519115
425 200 5.612664
431 200 3.741141
429 200 3.931799
432 200 3.755461
430 200 4.137354
438 200 2.681918
443 200 2.433140
437 200 2.709284
435 200 3.514301
441 200 3.314527
433 200 3.618231
440 200 3.762792
445 200 3.640550
454 200 2.622472
453 200 2.953003
442 200 5.045142
434 200 5.520444
444 200 4.949010
439 200 5.303496
436 200 5.304393
455 200 3.271963
458 200 3.229535
456 200 3.481729
460 200 2.800523
447 200 5.226487
446 200 5.277525
449 200 5.178744
462 200 2.942895
451 200 4.871735
448 200 5.389722
461 200 3.143570
452 200 4.967784
450 200 5.953720
457 200 5.112212
459 200 5.085533
464 200 3.818776
468 200 2.893091
463 200 4.637197
470 200 3.149164
473 200 2.677862
467 200 3.662542
465 200 4.402195
466 200 4.220635
471 200 4.084275
475 200 3.262951
469 200 4.087402
474 200 3.625946
477 200 3.467548
481 200 3.262336
476 200 3.556971
479 200 3.499484
478 200 3.592932
472 200 4.114530
484 200 3.056088
482 200 3.773049
480 200 3.946251
483 200 3.596850
487 200 3.248343
485 200 3.434255
490 200 3.123258
488 200 3.539785
496 200 2.350528
493 200 2.385540
498 200 2.448475
502 200 2.508786
497 200 3.011022
491 200 3.901947
495 200 3.182660
486 200 4.835209
494 200 3.519938
500 200 3.291100
492 200 4.172796
504 200 3.320740
503 200 3.377960
507 200 3.139215
506 200 3.468215
489 200 5.571816
509 200 3.258073
501 200 4.815288
499 200 4.903638
505 200 4.399621
510 200 3.594089
508 200 4.625931
517 200 3.425835
515 200 3.776873
519 200 3.483769
522 200 3.602079
521 200 3.705099
520 200 4.121246
525 200 3.837186
527 200 3.660993
512 200 5.712009
511 200 5.873936
514 200 5.685672
513 200 5.705041
516 200 5.163497
526 200 4.050381
531 200 3.348657
518 200 5.513063
528 200 4.124029
530 200 3.622548
524 200 5.051724
523 200 5.246035
529 200 4.409480
533 200 4.062348
534 200 3.630635
532 200 4.498206
535 200 3.483793
537 200 3.987403
539 200 3.494041
536 200 4.239348
538 200 4.013716
544 200 3.712230
545 200 3.764916
547 200 3.822072
551 200 3.370025
546 200 4.072495
553 200 3.576380
552 200 3.900924
541 200 5.413324
540 200 5.669474
559 200 3.107409
555 200 3.772235
558 200 3.482607
560 200 2.989195
562 200 3.087050
561 200 3.131853
543 200 5.914521
548 200 5.818893
542 200 5.988567
550 200 5.342976
563 200 3.212277
557 200 4.958780
549 200 6.010786
566 200 2.880574
554 200 5.823815
556 200 5.318621
567 200 2.870118
565 200 3.250756
564 200 3.484556
568 200 3.358958
569 200 3.651400
577 200 2.379693
572 200 3.476757
570 200 3.975959
575 200 3.539889
574 200 3.698945
571 200 3.974845
573 200 4.113191
576 200 4.013654
578 200 3.882745
579 200 3.808487
587 200 3.139761
581 200 4.052310
591 200 2.779226
586 200 3.299192
580 200 4.146863
588 200 3.306368
582 200 4.192070
583 200 3.819194
590 200 3.291506
584 200 3.967667
589 200 4.021489
592 200 3.611416
585 200 4.566172
593 200 3.121920
599 200 2.839174
594 200 3.665265
598 200 3.332115
595 200 3.691703
596 200 3.937195
604 200 3.130821
600 200 3.983063
603 200 3.489124
601 200 3.625090
605 200 3.289237
609 200 3.203877
610 200 3.261080
606 200 3.726711
608 200 3.878110
616 200 3.166315
615 200 3.263190
614 200 3.403185
617 200 3.252076
597 200 6.022728
613 200 4.661822
612 200 4.797224
602 200 5.445639
611 200 4.946015
607 200 5.106892
621 200 3.078747
623 200 2.657298
622 200 3.186116
625 200 2.707627
624 200 3.122644
619 200 4.547667
629 200 3.087197
632 200 2.424216
627 200 3.400855
626 200 3.958640
620 200 5.320396
618 200 5.642601
630 200 3.903919
634 200 3.485789
635 200 3.522892
631 200 4.188277
638 200 3.726286
640 200 3.725221
648 200 2.505034
649 200 2.540541
644 200 3.704930
643 200 3.772517
645 200 4.047434
654 200 2.401881
646 200 4.012951
657 200 2.172455
650 200 3.721286
653 200 3.285852
652 200 3.301569
660 200 1.847016
656 200 3.284406
658 200 2.365464
628 200 8.336855
662 200 2.426917
664 200 2.134713
636 200 8.203588
647 200 6.493954
637 200 7.758675
641 200 7.755730
639 200 7.759723
633 200 8.561346
642 200 7.648884
665 200 3.018247
651 200 6.186727
655 200 5.563058
666 200 3.174393
659 200 5.068924
669 200 3.248978
668 200 3.587137
672 200 2.980943
663 200 4.724490
661 200 5.005225
673 200 3.240883
675 200 3.808015
677 200 3.022476
670 200 5.305113
667 200 5.732490
680 200 3.176345
678 200 3.178341
681 200 3.176369
671 200 5.372305
682 200 3.676693
685 200 3.275814
688 200 3.003579
687 200 3.554564
676 200 4.921603
674 200 5.429522
691 200 3.052339
679 200 4.429058
690 200 3.580322
693 200 3.366003
692 200 3.610207
686 200 5.122990
683 200 5.965504
684 200 5.802119
689 200 5.270859
694 200 4.848415
700 200 3.407913
698 200 3.460416
697 200 3.686676
702 200 3.536861
704 200 3.077861
701 200 3.904918
695 200 4.591852
696 200 4.709476
711 200 3.088732
707 200 3.613464
710 200 3.384460
706 200 3.956184
709 200 3.820327
699 200 5.161832
712 200 3.788159
716 200 3.200081
713 200 4.265803
715 200 3.288381
703 200 5.678720
720 200 3.031352
717 200 3.431989
714 200 4.208151
708 200 5.993486
705 200 6.331725
719 200 3.889740
725 200 3.116236
729 200 2.887569
723 200 4.035836
718 200 4.868956
730 200 3.459299
727 200 3.726515
732 200 3.189483
726 200 3.886803
721 200 5.487254
722 200 5.485520
731 200 4.246350
736 200 3.356888
738 200 3.414403
739 200 3.313595
741 200 3.001921
743 200 2.864245
724 200 6.292292
744 200 2.849817
740 200 4.015364
728 200 6.078621
733 200 5.378970
735 200 5.117945
734 200 5.142137
749 200 2.872642
747 200 3.485560
745 200 4.276831
750 200 3.869365
737 200 6.671012
742 200 5.650009
748 200 4.678795
752 200 3.828417
754 200 3.758459
757 200 3.173500
753 200 3.998357
755 200 3.740233
751 200 4.754208
746 200 5.492116
763 200 3.251247
762 200 3.282113
758 200 4.228183
759 200 4.118830
760 200 4.348177
767 200 3.391080
766 200 3.805545
761 200 4.845237
756 200 5.147401
765 200 4.259426
764 200 4.718888
780 200 2.899667
769 200 4.352176
777 200 3.934155
778 200 3.939777
784 200 2.896613
782 200 3.232308
783 200 2.981033
768 200 6.431033
789 200 3.801571
788 200 3.854039
770 200 6.752054
781 200 5.299287
772 200 6.410748
771 200 6.441872
774 200 6.297816
779 200 6.093502
773 200 6.297484
776 200 6.176772
775 200 6.297526
792 200 3.259210
790 200 3.994547
791 200 4.018793
793 200 3.502013
794 200 3.291715
785 200 6.000906
786 200 5.958134
797 200 3.367340
796 200 3.388805
787 200 5.924495
799 200 2.893232
795 200 3.980715
798 200 4.134593
808 200 2.566962
803 200 3.059407
806 200 3.038475
801 200 3.474782
800 200 3.549347
812 200 3.170857
802 200 3.599398
811 200 3.243075
809 200 3.350603
804 200 3.468208
814 200 3.282498
813 200 3.537707
818 200 3.286325
807 200 4.605342
821 200 3.301702
819 200 4.366876
822 200 3.843599
816 200 4.496967
824 200 3.636638
823 200 4.179789
805 200 6.411971
810 200 6.409695
832 200 3.507278
835 200 3.389729
833 200 3.695114
829 200 3.867504
834 200 3.718203
815 200 6.283261
817 200 6.125752
827 200 5.053025
831 200 4.817613
826 200 5.101394
820 200 6.570182
825 200 5.145879
828 200 5.033318
830 200 4.856560
841 200 3.120688
839 200 3.471125
845 200 3.230723
836 200 5.366963
846 200 3.662551
854 200 2.570237
849 200 3.603334
857 200 2.623062
848 200 3.639454
847 200 3.745047
851 200 3.549163
858 200 2.786344
850 200 3.563926
852 200 3.556105
837 200 6.352669
838 200 6.320325
855 200 3.395042
859 200 3.815087
840 200 6.329765
843 200 5.767639
844 200 5.574083
842 200 5.777757
861 200 3.342895
856 200 5.324885
866 200 3.116825
862 200 4.247466
874 200 2.944203
871 200 2.971070
869 200 3.119923
864 200 3.445820
860 200 5.427400
853 200 6.162426
867 200 3.634475
872 200 3.752601
877 200 2.939606
873 200 4.034178
863 200 5.190070
875 200 3.892612
865 200 4.801969
879 200 3.719736
868 200 5.162589
870 200 5.007320
880 200 4.333611
885 200 2.775089
883 200 3.213203
876 200 5.432360
888 200 3.276409
894 200 2.383641
889 200 3.347300
887 200 3.527703
886 200 3.551681
891 200 3.395932
892 200 3.316606
881 200 5.904141
882 200 5.424120
878 200 5.907079
890 200 3.683641
900 200 2.432109
893 200 3.832229
896 200 3.553743
897 200 3.542999
884 200 4.845587
895 200 3.881714
899 200 3.435121
898 200 3.710548
