3 200 1.991226
9 200 2.078654
10 200 2.107488
19 200 2.101197
20 200 2.100971
22 200 2.100788
6 200 2.171165
16 200 2.328975
5 200 2.400872
17 200 2.389296
13 200 2.461450
7 200 2.466152
12 200 2.464109
15 200 2.533806
4 200 2.553864
14 200 2.554569
11 200 2.579292
18 200 2.695669
8 200 3.219886
1 200 3.465722
23 200 3.449854
2 200 3.465975
21 200 3.451037
24 200 3.542722
29 200 1.979604
25 200 2.453317
28 200 2.454368
30 200 2.488434
32 200 2.374688
35 200 2.295161
36 200 2.292429
26 200 2.694785
41 200 2.292108
40 200 2.562227
34 200 2.915752
52 200 1.566980
45 200 2.829157
47 200 2.839148
27 200 4.563247
31 200 4.499236
37 200 4.221113
48 200 3.264632
58 200 1.939696
59 200 1.836972
50 200 2.884766
42 200 4.683624
51 200 2.869844
39 200 5.055414
43 200 4.388949
33 200 5.211525
38 200 5.069443
53 200 2.944866
54 200 3.121965
49 200 4.504388
44 200 5.137971
46 200 5.137971
62 200 2.328071
63 200 2.349665
60 200 2.885051
61 200 2.835090
55 200 4.441082
64 200 2.544315
56 200 4.677856
57 200 4.682591
75 200 2.180488
73 200 2.190970
71 200 2.396469
66 200 3.023332
65 200 3.400470
70 200 2.965876
72 200 2.946347
79 200 2.451204
67 200 4.160105
68 200 4.070035
78 200 2.669478
80 200 2.676458
82 200 2.525923
69 200 4.230779
83 200 2.554236
86 200 2.434937
85 200 2.453279
76 200 3.995607
74 200 4.047575
88 200 2.655092
77 200 4.787823
89 200 3.017323
91 200 2.981215
93 200 3.287920
84 200 4.687357
81 200 5.187615
100 200 3.001586
95 200 3.731989
102 200 2.911073
96 200 3.694003
104 200 3.123513
87 200 5.363940
92 200 4.972925
107 200 3.226978
106 200 3.228721
103 200 3.321365
105 200 3.320618
110 200 2.373272
108 200 3.181679
90 200 5.917845
94 200 5.363090
111 200 2.919294
112 200 2.427894
97 200 5.128683
99 200 5.081537
98 200 5.128955
101 200 4.802182
113 200 2.576606
114 200 2.692005
109 200 3.992532
116 200 2.613310
115 200 2.642496
117 200 2.540403
119 200 2.654386
118 200 2.687223
122 200 2.592474
126 200 2.443718
125 200 2.728547
121 200 3.431198
128 200 3.041687
131 200 2.950824
123 200 4.075922
124 200 4.025524
120 200 4.144055
135 200 2.845441
134 200 3.027180
136 200 3.024048
137 200 3.072125
132 200 3.244699
133 200 3.300880
142 200 2.438227
141 200 3.341524
139 200 3.450730
154 200 1.116656
127 200 5.150826
129 200 4.831411
143 200 3.193457
144 200 3.393504
146 200 3.331308
145 200 3.418555
147 200 3.006260
140 200 4.395717
138 200 4.915837
130 200 5.842592
148 200 3.018106
149 200 3.019727
152 200 2.943026
153 200 3.010854
155 200 3.134489
150 200 3.620849
151 200 3.620866
157 200 3.145055
158 200 3.107668
159 200 3.227042
156 200 3.952863
168 200 2.514850
167 200 2.532626
165 200 3.018569
164 200 3.306232
163 200 3.355378
169 200 2.711722
160 200 4.007338
161 200 4.007327
162 200 3.862590
170 200 3.273697
171 200 3.145413
173 200 3.092421
174 200 3.097923
166 200 4.010419
175 200 3.116485
172 200 3.476721
176 200 3.120151
177 200 3.347784
179 200 3.361766
185 200 2.484691
183 200 2.519411
178 200 3.627960
180 200 3.522818
181 200 3.525919
182 200 3.229053
184 200 2.928827
191 200 2.336763
193 200 2.130638
188 200 2.875998
189 200 2.833487
190 200 2.651335
198 200 2.532689
186 200 4.014303
187 200 3.808944
195 200 2.842434
196 200 2.899528
199 200 2.970338
192 200 3.768055
194 200 3.407455
197 200 3.503944
204 200 2.368002
201 200 2.697535
203 200 2.807050
208 200 3.030176
206 200 3.134751
200 200 4.073604
209 200 2.943471
212 200 2.892636
213 200 2.944662
210 200 3.208710
214 200 3.082666
202 200 4.735878
215 200 3.250645
217 200 3.231022
218 200 3.229639
216 200 3.537938
220 200 3.275729
211 200 4.616237
207 200 5.286867
205 200 5.369972
226 200 2.800118
222 200 3.592342
223 200 3.347960
227 200 2.661801
219 200 4.650851
228 200 3.583755
231 200 3.319700
225 200 4.437290
224 200 5.123715
221 200 5.774753
234 200 3.856104
241 200 2.884914
235 200 4.081594
237 200 3.866498
229 200 5.461801
230 200 5.429771
232 200 5.118721
238 200 4.141799
239 200 4.021647
247 200 3.237263
245 200 3.859172
233 200 5.725290
236 200 4.828856
244 200 4.067699
240 200 4.467719
248 200 3.464543
254 200 2.492102
242 200 5.327182
243 200 5.326877
246 200 5.173622
250 200 4.608674
251 200 4.560844
249 200 4.686128
252 200 4.317652
253 200 4.247961
255 200 4.207609
260 200 3.641852
265 200 2.889315
266 200 2.894165
262 200 3.351461
257 200 4.013595
264 200 3.696445
256 200 4.533593
261 200 4.499486
258 200 4.716953
259 200 4.717290
263 200 4.737364
268 200 4.599033
267 200 4.966697
272 200 3.866633
269 200 5.046145
270 200 4.753219
274 200 3.664997
273 200 4.356855
271 200 4.363069
277 200 4.209232
275 200 4.676975
279 200 3.853446
278 200 4.133365
282 200 3.788746
281 200 3.814390
283 200 3.907197
276 200 4.940623
284 200 4.094104
280 200 4.418489
285 200 3.695805
288 200 3.396563
286 200 3.693538
287 200 3.522171
289 200 3.530990
291 200 3.020241
290 200 3.612357
297 200 2.551540
293 200 3.062812
299 200 2.583992
294 200 4.579293
305 200 3.352171
292 200 5.232722
298 200 4.673641
296 200 4.677174
310 200 3.006130
311 200 3.085964
295 200 5.033372
302 200 4.043140
303 200 4.174589
300 200 4.425969
317 200 3.185190
301 200 4.744702
304 200 4.790323
306 200 4.539883
313 200 4.287488
307 200 4.537012
308 200 4.559466
314 200 4.133119
309 200 4.610593
316 200 4.047994
312 200 4.804154
315 200 4.367961
318 200 3.519220
321 200 3.502164
319 200 4.039259
320 200 3.879825
324 200 4.350371
322 200 4.528907
323 200 4.528882
328 200 4.101802
329 200 3.922912
333 200 3.717358
331 200 3.912056
330 200 3.929929
332 200 3.924933
339 200 3.199761
335 200 3.853008
334 200 3.927066
326 200 5.170861
325 200 5.327385
327 200 5.071076
337 200 3.994033
340 200 3.603866
341 200 3.923546
338 200 4.658322
336 200 4.755202
344 200 3.154849
343 200 3.306606
342 200 4.809503
346 200 2.896998
347 200 3.207539
345 200 4.077637
350 200 3.330106
349 200 3.360434
348 200 3.485904
357 200 3.379625
359 200 3.490331
363 200 3.013110
351 200 4.398528
356 200 4.080073
362 200 4.228039
360 200 4.342571
352 200 4.944394
353 200 4.933779
358 200 4.486894
354 200 4.887032
355 200 4.872188
366 200 3.366636
367 200 3.405906
361 200 5.460357
365 200 4.729605
364 200 4.742299
368 200 4.628881
373 200 3.660179
369 200 4.465315
372 200 3.821367
371 200 4.043798
370 200 4.198496
378 200 3.077363
374 200 4.699527
375 200 4.373338
385 200 3.442053
383 200 3.761694
379 200 4.331552
376 200 4.799172
387 200 3.752581
388 200 3.761380
380 200 4.167823
377 200 5.356377
382 200 4.631972
384 200 4.698464
389 200 3.884144
390 200 4.067826
381 200 5.379651
395 200 3.707788
394 200 3.798609
386 200 5.825891
393 200 4.194921
398 200 3.465211
391 200 4.833940
396 200 4.205564
392 200 4.593479
399 200 3.629288
400 200 3.387688
397 200 4.701223
401 200 3.474227
403 200 3.590327
404 200 3.591817
402 200 3.698575
405 200 3.606168
407 200 3.611813
406 200 3.611005
408 200 3.415229
409 200 3.194938
412 200 3.331700
411 200 3.517818
410 200 4.122185
414 200 3.446743
413 200 3.872912
417 200 3.388164
418 200 3.415650
419 200 3.505895
415 200 3.851095
421 200 3.439617
416 200 3.993751
420 200 3.780270
424 200 3.382800
425 200 3.240815
423 200 3.630631
433 200 2.816212
428 200 3.349613
430 200 3.203501
432 200 3.263395
435 200 3.191095
437 200 2.679859
422 200 5.433993
436 200 3.076093
439 200 2.684574
440 200 2.657666
441 200 2.701125
442 200 2.683595
444 200 2.308954
445 200 2.365195
451 200 3.294823
438 200 5.290425
431 200 6.762858
427 200 7.004128
434 200 5.912090
426 200 7.024399
429 200 6.846810
450 200 3.599006
454 200 3.366605
456 200 3.462927
457 200 3.540563
462 200 3.370718
455 200 3.862696
460 200 3.586642
446 200 5.729312
447 200 5.593476
448 200 5.591137
443 200 6.041117
449 200 5.355058
452 200 6.373435
453 200 5.761000
458 200 5.440525
463 200 3.675772
469 200 3.573494
467 200 3.576107
470 200 3.682212
465 200 3.693151
459 200 5.986248
461 200 5.946335
471 200 3.035974
466 200 3.838183
473 200 2.858258
475 200 2.742311
472 200 3.727794
464 200 4.953998
481 200 3.478118
474 200 3.798307
480 200 3.672461
476 200 4.385313
468 200 5.822592
478 200 4.855671
488 200 3.210086
489 200 3.209708
484 200 3.865101
485 200 3.667394
493 200 3.264090
492 200 3.430570
479 200 5.926043
477 200 5.926250
482 200 5.384849
483 200 5.385626
494 200 4.703065
499 200 3.679652
491 200 5.078982
496 200 4.115138
487 200 5.464286
486 200 5.464360
497 200 4.706981
498 200 4.581812
490 200 5.933341
495 200 5.789936
503 200 3.661306
502 200 4.115134
500 200 5.228249
508 200 3.609806
504 200 3.812255
501 200 5.019855
506 200 3.985168
507 200 4.127442
505 200 4.304932
509 200 4.255035
510 200 4.368622
511 200 4.368621
513 200 3.345298
517 200 3.442492
514 200 3.904157
518 200 3.566987
512 200 4.288537
519 200 3.780148
522 200 3.411361
524 200 3.499465
525 200 3.484962
529 200 3.038747
526 200 3.546032
527 200 3.940515
528 200 3.940494
515 200 6.151839
516 200 6.104791
533 200 3.507516
532 200 4.212133
537 200 3.294293
521 200 5.972180
520 200 6.060059
530 200 4.822835
523 200 5.892626
539 200 3.153064
538 200 3.344099
541 200 3.819490
544 200 3.234009
534 200 5.378053
535 200 5.378053
531 200 5.868279
536 200 5.301436
545 200 3.478894
546 200 3.729823
540 200 4.869392
543 200 4.285676
542 200 4.638712
549 200 3.266558
548 200 3.942606
550 200 3.690521
552 200 3.217440
557 200 2.936955
554 200 3.076281
547 200 4.197897
551 200 3.928208
555 200 3.352195
564 200 2.085258
562 200 2.201878
558 200 3.540862
553 200 3.789030
556 200 3.968854
560 200 3.816251
563 200 3.530937
559 200 4.706793
565 200 4.213347
566 200 4.231758
561 200 4.843663
568 200 4.083751
567 200 4.300152
569 200 4.176523
570 200 4.176948
578 200 3.086828
577 200 3.215878
583 200 2.738736
582 200 2.767543
579 200 3.183841
576 200 4.275215
574 200 4.485555
573 200 4.683679
584 200 3.715661
585 200 3.079608
572 200 5.263012
575 200 5.208933
581 200 4.586691
586 200 3.476082
595 200 2.882479
592 200 2.942630
590 200 3.330090
596 200 3.515714
587 200 4.960337
580 200 6.459830
594 200 3.838946
593 200 3.916701
589 200 4.323300
588 200 4.546972
599 200 3.713699
591 200 4.451269
598 200 4.566502
597 200 4.599908
605 200 3.523300
600 200 4.582452
607 200 3.785330
603 200 4.279919
601 200 4.675757
610 200 3.319992
606 200 4.384217
602 200 4.978003
612 200 3.039175
613 200 3.048581
609 200 3.995724
617 200 3.029862
608 200 4.929416
615 200 3.458149
614 200 3.685184
620 200 3.322917
604 200 6.008805
622 200 3.322638
611 200 5.671627
626 200 2.984800
623 200 3.308488
627 200 3.067234
629 200 3.068127
618 200 5.640969
616 200 5.674249
619 200 5.504924
624 200 4.239415
634 200 3.064503
631 200 3.503103
635 200 3.210688
637 200 2.950222
638 200 2.835724
628 200 4.284569
630 200 4.171549
625 200 4.783088
639 200 3.127035
640 200 2.772510
632 200 4.181471
636 200 3.954497
643 200 2.745926
644 200 2.850811
645 200 3.019238
646 200 3.051241
647 200 3.672639
641 200 4.941727
650 200 3.543748
649 200 3.785581
642 200 5.044148
655 200 3.353106
654 200 3.643758
652 200 3.697283
648 200 4.563394
656 200 3.640968
651 200 4.293127
658 200 3.953852
653 200 4.586177
662 200 3.606760
664 200 2.934023
663 200 3.581460
668 200 2.700785
670 200 2.847795
675 200 2.558404
676 200 2.729584
677 200 2.652961
678 200 2.520345
673 200 3.709841
672 200 3.710037
669 200 4.045498
674 200 3.598914
667 200 4.192034
666 200 4.488375
671 200 3.917845
681 200 2.423048
679 200 2.953737
680 200 3.352707
682 200 3.222016
683 200 3.080570
684 200 3.008907
688 200 2.424410
692 200 2.440323
689 200 2.666580
685 200 3.343830
687 200 3.178594
696 200 2.581008
693 200 3.085930
690 200 3.369813
686 200 3.761688
691 200 3.411860
694 200 3.641889
695 200 3.617771
699 200 2.300162
703 200 2.177633
700 200 2.988612
707 200 2.169110
702 200 2.914592
701 200 2.964988
709 200 2.053836
697 200 5.044205
708 200 2.775464
712 200 3.246638
715 200 2.741526
718 200 2.462527
719 200 2.464055
706 200 5.339720
704 200 5.432562
698 200 6.548580
705 200 5.386506
720 200 2.631542
722 200 2.175569
710 200 5.738383
714 200 4.299486
711 200 5.441958
724 200 2.221411
723 200 2.640698
716 200 5.163347
713 200 6.117926
725 200 2.774045
727 200 2.963560
571 503 32.809615
717 200 6.043525
728 200 3.238676
730 200 2.911194
721 200 6.124710
729 200 3.977666
733 200 3.121923
726 200 3.977880
731 200 3.234183
732 200 3.736212
738 200 2.464252
736 200 2.508240
739 200 2.375909
734 200 3.936415
737 200 2.666950
740 200 2.358484
743 200 2.231264
741 200 3.151688
735 200 4.399631
744 200 2.993342
748 200 2.497176
746 200 2.520230
745 200 2.606036
742 200 3.632064
749 200 2.737367
750 200 2.445431
747 200 3.239096
754 200 2.513646
751 200 2.983842
755 200 3.072090
752 200 3.693479
756 200 3.244012
753 200 3.930402
758 200 2.692908
757 200 3.530504
761 200 3.217040
767 200 2.493238
762 200 3.335332
765 200 3.036879
760 200 3.665915
759 200 3.865498
763 200 3.469956
764 200 3.986142
766 200 3.844779
770 200 3.115236
768 200 3.696996
621 503 32.317012
769 200 3.808179
772 200 2.941072
775 200 2.685841
773 200 2.971488
771 200 3.441757
776 200 2.693756
780 200 2.715061
778 200 3.751319
777 200 3.876253
779 200 3.772560
782 200 3.671880
633 503 33.213381
783 200 3.449027
787 200 3.223553
788 200 3.095804
790 200 2.811510
792 200 3.104054
791 200 3.144160
784 200 4.366211
793 200 2.923957
794 200 3.020287
786 200 4.930489
785 200 4.946020
798 200 2.667076
795 200 2.925363
789 200 5.141924
803 200 2.182379
802 200 2.243395
805 200 2.101050
801 200 2.736649
804 200 2.185842
657 503 32.549934
660 503 32.130134
659 503 32.212451
661 503 32.426316
797 200 4.994728
796 200 5.029389
665 503 32.524519
810 200 3.249909
799 200 5.317536
811 200 3.047708
812 200 3.249575
814 200 3.331609
817 200 3.263407
821 200 3.393864
820 200 3.417265
818 200 3.427325
822 200 2.901049
824 200 2.630977
823 200 3.187191
827 200 2.743751
826 200 3.205893
831 200 2.411666
833 200 2.505167
828 200 3.538243
834 200 2.618883
829 200 3.503146
841 200 0.978223
836 200 2.779615
837 200 2.935931
839 200 2.707352
840 200 2.872405
844 200 2.671069
843 200 2.863980
842 200 3.276021
848 200 1.194489
846 200 2.500129
845 200 2.851442
847 200 2.457541
850 200 1.999015
853 200 2.131124
851 200 2.546767
855 200 2.699556
856 200 2.505735
849 200 4.232248
857 200 1.847103
854 200 3.350729
852 200 3.625570
858 200 1.673585
863 200 1.601697
862 200 1.719512
865 200 1.886420
859 200 3.507989
866 200 1.940337
860 200 2.791304
864 200 2.841796
861 200 3.018802
868 200 2.136942
867 200 2.534205
869 200 2.570590
870 200 2.864244
871 200 2.953357
872 200 2.940822
873 200 2.608850
874 200 2.612149
878 200 1.538455
882 200 1.592883
880 200 1.775359
876 200 4.004899
875 200 4.326489
877 200 4.358911
879 200 3.697902
884 200 2.018886
885 200 2.064438
881 200 3.966818
883 200 3.748390
890 200 2.011081
886 200 3.053198
774 503 32.246027
889 200 2.696078
888 200 2.830836
781 503 31.668111
887 200 3.787942
891 200 2.902914
895 200 1.106592
892 200 3.988637
896 200 2.540994
894 200 2.807234
893 200 3.639748
899 200 2.530384
897 200 2.859232
898 200 2.801924
900 200 2.829189
800 503 31.369139
806 503 31.516367
807 503 31.474200
808 503 31.609870
809 503 31.896511
813 503 32.314530
819 503 32.371311
816 503 32.458845
815 503 32.668245
825 503 31.467262
830 503 31.279938
832 503 31.609907
835 503 31.658315
838 503 31.655632
