6 404 0.019902
8 404 0.019024
15 404 0.014283
18 404 0.010743
20 404 0.006493
27 404 0.001527
26 404 0.002256
28 404 0.002216
7 404 0.036215
14 200 2.002722
34 404 0.001836
22 200 2.000090
31 200 1.984064
2 200 2.043436
13 200 2.040208
10 200 2.047145
40 404 0.001695
17 200 2.064315
42 404 0.001810
43 404 0.001544
25 200 2.074572
4 200 2.100028
21 200 2.078508
47 404 0.001036
46 404 0.014159
49 404 0.001189
29 200 2.323713
5 200 2.862291
32 200 2.947860
16 200 2.971250
11 200 2.978012
30 200 2.950761
1 200 2.985160
9 200 2.981773
33 200 2.939434
3 200 2.985537
19 200 2.969366
24 200 2.963064
23 200 2.964919
12 200 2.979680
53 404 0.002514
57 404 0.001443
59 404 0.002775
64 404 0.001597
65 404 0.001783
61 404 0.002544
69 404 0.000922
68 404 0.000781
50 200 2.091937
35 200 2.202891
39 200 2.169748
48 200 2.118419
51 200 2.084814
36 200 2.494108
41 200 2.457814
44 200 2.431010
37 200 2.493084
38 200 2.473503
45 200 2.814179
54 200 2.138724
66 200 2.144089
60 200 2.152267
55 200 2.219149
58 200 2.221519
62 200 2.437053
52 200 2.566983
70 200 2.434165
63 200 2.729015
56 200 2.736644
71 200 2.724220
72 200 2.723698
67 200 2.730337
78 200 1.928494
74 200 2.442866
73 200 2.655606
76 200 2.662639
75 200 2.753516
82 200 2.612827
81 200 2.623557
80 200 2.816863
79 200 2.819584
77 200 2.889990
88 200 2.724132
83 200 3.104215
85 200 2.878675
84 200 2.922226
89 200 2.877415
87 200 3.142021
86 200 3.359650
96 200 2.865822
95 200 2.875078
94 200 2.887885
90 200 3.503425
91 200 3.504554
93 200 3.396946
92 200 3.398426
99 200 2.657604
103 200 2.509392
104 200 2.314842
101 200 2.761517
97 200 3.295870
98 200 3.540942
109 200 2.205266
100 200 3.422235
102 200 3.379478
106 200 3.210346
105 200 3.223532
115 200 2.702498
110 200 3.282611
107 200 3.394313
108 200 3.313447
116 200 2.806664
111 200 3.161074
119 200 2.351972
120 200 2.349892
117 200 2.548975
112 200 3.163671
118 200 2.646282
114 200 2.992427
113 200 3.081431
121 200 2.544891
124 200 2.338059
122 200 2.738444
123 200 3.050861
125 200 2.964839
130 200 2.355203
126 200 2.917530
128 200 2.976918
127 200 3.068732
131 200 2.763803
129 200 2.974601
133 200 2.597891
134 200 2.630107
135 200 2.834735
136 200 2.752309
140 200 2.721629
137 200 2.742742
144 200 2.663000
132 200 2.975253
141 200 2.803712
139 200 2.975886
142 200 2.870847
143 200 2.878236
138 200 3.026837
145 200 2.426681
147 200 2.274364
146 200 2.677535
149 200 2.394671
148 200 2.405350
151 200 2.085714
152 200 2.163527
150 200 2.591356
154 200 2.169312
153 200 2.326068
155 200 2.201520
162 200 1.835827
158 200 2.219085
160 200 2.269019
161 200 2.264757
170 200 2.074236
157 200 2.934795
156 200 2.965703
167 200 2.522662
174 200 2.224313
172 200 2.805025
173 200 2.799138
178 200 2.314024
179 200 2.591992
164 200 4.050393
163 200 4.084344
159 200 4.191112
171 200 3.689176
166 200 4.405563
169 200 4.357771
165 200 4.409266
168 200 4.358524
176 200 3.366069
181 200 2.542116
183 200 2.453486
177 200 3.462962
175 200 3.504729
182 200 2.586959
180 200 3.078263
186 200 2.787018
184 200 3.075215
185 200 3.136438
187 200 3.047139
188 200 2.633844
190 200 2.372082
193 200 2.043092
191 200 2.586545
189 200 2.734190
204 200 2.116861
205 200 2.275532
206 200 2.196688
207 200 2.346386
202 200 2.589391
200 200 2.662032
197 200 2.684521
198 200 2.814463
194 200 3.662527
195 200 3.662490
209 200 2.551782
210 200 2.346110
211 200 2.388276
203 200 3.583056
192 200 4.233674
199 200 3.654020
196 200 4.074596
201 200 3.651630
215 200 2.033001
213 200 2.290373
219 200 2.320729
223 200 2.218489
222 200 2.351738
208 200 4.269006
224 200 2.399993
212 200 4.058530
214 200 3.970552
216 200 4.066521
231 200 2.356847
235 200 2.314220
236 200 2.306100
234 200 2.360197
228 200 2.512055
217 200 3.816575
218 200 3.657554
227 200 2.562266
232 200 2.477668
221 200 3.832435
220 200 3.841754
237 200 2.325589
241 200 1.831383
225 200 3.956583
226 200 3.956610
233 200 3.465602
229 200 3.562492
230 200 3.468810
238 200 2.350972
242 200 2.391593
239 200 2.877244
240 200 2.804130
243 200 2.388524
244 200 2.156295
249 200 2.161626
248 200 2.236462
253 200 2.118232
245 200 2.241395
247 200 2.343849
246 200 2.352354
255 200 2.254413
252 200 3.065971
250 200 3.506725
254 200 3.044564
251 200 3.507824
262 200 2.443476
260 200 2.466023
261 200 2.491872
259 200 2.630451
257 200 2.729163
258 200 2.657427
256 200 2.731896
263 200 2.723129
267 200 2.246633
264 200 2.526886
265 200 2.362901
271 200 2.322403
266 200 2.719334
268 200 2.617019
272 200 2.593155
270 200 2.607364
269 200 2.768020
273 200 2.684092
275 200 2.319834
274 200 2.737612
276 200 2.206104
277 200 2.168579
278 200 2.364177
280 200 2.410767
279 200 2.565476
285 200 2.455955
286 200 2.459901
281 200 2.740837
284 200 2.729185
283 200 2.950359
282 200 3.204264
288 200 2.665484
287 200 3.214664
290 200 2.941892
289 200 3.011962
293 200 2.695728
292 200 2.723539
295 200 2.597002
294 200 2.620120
291 200 3.173521
297 200 2.799842
300 200 2.508331
298 200 2.929678
296 200 3.040293
299 200 3.389985
304 200 2.453301
307 200 2.225645
302 200 3.142977
308 200 3.349230
306 200 3.793124
301 200 4.333282
305 200 3.801003
303 200 4.060723
311 200 3.256552
309 200 3.373451
312 200 3.093811
318 200 2.824754
315 200 3.008925
313 200 3.126675
321 200 2.475096
314 200 3.134327
317 200 2.945786
323 200 2.594772
322 200 2.695148
320 200 2.892354
316 200 3.829588
310 200 4.349066
319 200 3.419285
326 200 2.647710
324 200 2.942381
325 200 3.506072
327 200 3.097812
333 200 2.149855
329 200 2.233178
328 200 2.693971
334 200 2.523331
330 200 2.562156
331 200 2.570860
332 200 2.614561
347 200 2.596234
345 200 2.756594
349 200 2.683087
335 200 3.884795
340 200 3.844496
339 200 3.845016
336 200 3.884374
337 200 3.853396
338 200 3.852677
344 200 4.387275
342 200 4.530569
346 200 3.956693
355 200 3.014168
353 200 3.868598
354 200 3.587396
366 200 2.253755
359 200 2.716206
360 200 2.925510
358 200 4.198008
361 200 2.855499
362 200 2.876991
370 200 2.110666
368 200 2.123058
365 200 3.314078
371 200 2.048426
367 200 3.652270
369 200 3.188002
376 200 2.315912
378 200 2.199711
374 200 2.946474
375 200 2.902865
384 200 1.864496
387 200 1.523081
381 200 3.523857
389 200 1.807285
388 200 1.855846
385 200 2.924935
386 200 2.991160
393 200 1.062783
390 200 2.785779
392 200 1.895376
391 200 2.036086
395 200 1.755971
394 200 2.816843
396 200 1.993705
400 200 1.451602
399 200 1.764470
397 200 2.770908
403 200 0.901179
398 200 2.974470
404 200 1.488656
401 200 2.817168
405 200 1.732436
408 200 1.373566
409 200 1.183908
402 200 2.997572
411 200 1.542694
406 200 3.004724
414 200 1.096835
412 200 1.332211
407 200 3.318928
410 200 3.088393
415 200 1.409608
357 500 16.776461
356 500 16.784929
419 200 1.631812
413 200 3.256877
364 500 16.163025
363 500 16.164210
416 200 2.318276
421 200 1.315896
418 200 2.542564
417 200 2.831935
428 200 0.837151
420 200 3.157477
423 200 2.681808
422 200 2.757838
426 200 2.660527
425 200 2.864055
435 200 0.882765
424 200 3.045863
427 200 2.928642
431 200 2.272928
379 500 16.510766
429 200 3.170949
434 200 1.692731
380 500 16.542924
382 500 16.287961
430 200 3.071451
383 500 16.810842
432 200 3.398112
437 200 1.828982
436 200 2.005962
433 200 2.990761
438 200 2.886446
441 200 2.871576
440 200 2.873179
444 200 2.424658
443 200 2.575863
439 200 3.152826
446 200 2.587879
445 200 2.589308
447 200 2.622657
449 200 2.016371
442 200 3.164885
452 200 1.951673
448 200 2.573247
451 200 2.370156
450 200 2.809101
458 200 1.846827
461 200 1.916574
465 200 1.606180
460 200 2.449499
454 200 2.751571
453 200 3.846866
470 200 1.225871
457 200 4.016642
455 200 4.083673
459 200 3.856339
456 200 4.036193
464 200 3.448254
462 200 4.225012
463 200 4.118056
466 200 3.466468
467 200 3.495769
474 200 1.360973
473 200 1.789312
469 200 3.294699
468 200 3.751427
471 200 3.048363
472 200 2.972435
475 200 1.756323
482 200 1.922121
477 200 2.674783
479 200 2.439004
478 200 2.673461
481 200 2.095067
480 200 2.222687
483 200 2.065417
484 200 1.957997
476 200 3.101053
485 200 1.844247
486 200 2.501354
497 200 1.457231
487 200 3.086938
489 200 3.041549
494 200 2.439861
502 200 1.314594
500 200 2.624586
499 200 2.699901
501 200 2.123516
504 200 1.670074
507 200 1.223844
508 200 1.278317
509 200 1.247954
510 200 0.923415
511 200 1.521077
512 200 1.551413
513 200 1.744312
514 200 1.790771
515 200 0.969841
516 200 0.912274
518 200 1.243831
519 200 1.255642
521 200 0.886910
522 200 0.986984
523 200 0.897204
524 200 0.864778
525 200 1.049258
526 200 0.914989
527 200 0.992158
528 200 0.863154
529 200 0.959352
530 200 0.938231
531 200 0.590372
532 200 0.690209
533 200 0.773414
534 200 0.640204
535 200 0.739659
536 200 0.791754
537 200 0.802253
538 200 0.730102
539 200 0.740565
540 200 0.949036
541 200 0.802396
496 500 16.931824
542 200 0.621398
498 500 16.917277
545 200 0.735604
544 200 0.803343
543 200 1.044305
546 200 0.992958
505 500 15.858309
503 500 16.291218
547 200 0.826274
506 500 15.703884
550 200 0.915324
548 200 1.295294
549 200 1.448903
552 200 1.212438
551 200 1.827230
553 200 1.666839
554 200 1.851338
555 200 1.780187
556 200 1.927021
558 200 1.649889
557 200 2.195743
560 200 1.274667
517 500 15.602731
520 500 15.271676
559 200 2.226817
562 200 2.044593
561 200 2.359554
564 200 1.827959
565 200 1.415882
563 200 2.058673
566 200 1.807399
567 200 1.848835
571 200 0.871827
569 200 1.530438
568 200 1.740923
570 200 1.593042
572 200 1.621174
574 200 1.524706
573 200 1.944686
575 200 1.652003
576 200 1.627042
577 200 1.820837
579 200 2.058509
578 200 2.238808
580 200 1.569801
581 200 1.540992
584 200 1.232475
582 200 1.630322
586 200 1.229462
583 200 2.174007
585 200 2.091431
587 200 1.796845
592 200 1.982844
590 200 2.182913
593 200 1.618398
588 200 2.531251
591 200 2.311826
589 200 2.532288
595 200 1.363968
594 200 2.163081
599 200 0.933828
596 200 1.998319
597 200 1.467201
598 200 2.009259
600 200 1.735711
603 200 1.688651
606 200 1.062227
602 200 2.151657
601 200 2.153061
608 200 1.058960
605 200 2.171648
607 200 2.327202
604 200 2.810441
612 200 1.834785
611 200 1.970632
609 200 2.537790
610 200 2.418272
615 200 1.511980
614 200 1.804975
613 200 2.621100
617 200 1.867617
616 200 1.926304
620 200 1.321767
622 200 1.799149
618 200 2.379700
623 200 1.949597
621 200 2.231802
619 200 2.445478
624 200 1.862646
629 200 0.735943
625 200 1.776710
626 200 1.787043
627 200 1.632567
628 200 2.240154
630 200 2.258610
631 200 2.289475
632 200 2.354960
636 200 1.959170
635 200 2.071102
633 200 2.592357
634 200 2.122545
637 200 2.143958
638 200 1.261902
643 200 0.788637
646 200 1.445134
648 200 0.857130
639 200 2.289580
647 200 1.537961
640 200 2.593272
641 200 2.527502
645 200 2.220842
644 200 2.221621
642 200 2.310210
651 200 0.906375
650 200 1.692503
649 200 1.787239
652 200 1.371441
653 200 1.548768
657 200 1.595357
655 200 1.598547
654 200 2.133824
656 200 2.148209
661 200 1.146928
658 200 2.067174
660 200 2.130060
659 200 2.215296
667 200 1.032894
664 200 1.995249
663 200 2.033228
662 200 2.081613
666 200 1.579639
665 200 1.994103
668 200 1.872069
672 200 1.438181
673 200 1.562644
675 200 1.499467
669 200 2.097616
670 200 2.097851
674 200 1.755409
671 200 1.935976
676 200 1.457794
677 200 1.601503
678 200 1.815756
679 200 1.982783
685 200 1.872597
680 200 2.287509
683 200 2.474404
682 200 2.511378
684 200 2.567330
686 200 2.053473
681 200 2.726292
688 200 1.204064
687 200 1.863513
694 200 1.203793
689 200 1.871956
690 200 1.818245
693 200 1.545836
692 200 1.812451
697 200 1.131614
691 200 2.100075
695 200 2.001539
696 200 1.733627
698 200 1.532645
701 200 1.504534
706 200 1.147434
699 200 2.341585
700 200 2.531325
703 200 2.166736
702 200 2.586349
704 200 2.332266
705 200 2.214102
711 200 1.315963
707 200 2.405201
708 200 2.478994
709 200 2.404738
710 200 1.995216
715 200 1.834428
716 200 1.187208
712 200 2.696483
713 200 2.413400
714 200 2.411383
720 200 1.511116
717 200 1.978719
718 200 1.954661
719 200 1.924444
725 200 1.194898
722 200 1.993016
721 200 2.200778
726 200 1.789055
723 200 2.393490
727 200 1.922355
724 200 2.809002
728 200 2.225360
729 200 2.072186
732 200 1.477128
730 200 2.049009
731 200 1.926367
733 200 1.453019
734 200 1.577595
735 200 1.571257
736 200 1.464255
737 200 1.361573
738 200 1.456423
739 200 1.463231
740 200 1.480363
741 200 1.640349
742 200 1.751022
746 200 1.184872
743 200 1.766402
744 200 1.716666
748 200 1.432896
745 200 2.044334
747 200 1.994066
750 200 1.501700
749 200 2.264482
751 200 1.841209
752 200 1.949148
757 200 1.466044
754 200 2.335221
753 200 2.441643
756 200 2.124388
755 200 2.491165
758 200 2.550083
759 200 2.293460
760 200 2.008391
761 200 1.932056
763 200 1.582129
765 200 1.369283
762 200 1.971966
764 200 1.669121
766 200 1.636457
767 200 1.305724
769 200 1.358742
768 200 1.759142
770 200 1.905478
771 200 1.997622
774 200 1.802744
772 200 2.034829
773 200 2.033102
775 200 1.955673
778 200 1.126510
776 200 2.108348
777 200 2.045382
779 200 2.154579
780 200 1.823158
787 200 1.060237
781 200 2.213091
783 200 2.012560
782 200 2.226243
784 200 2.113758
785 200 2.061108
786 200 1.692796
788 200 1.784137
789 200 1.829508
794 200 1.223409
791 200 1.803593
792 200 1.776581
796 200 1.392208
790 200 2.067036
793 200 1.996875
795 200 1.926334
805 200 0.813737
797 200 2.224084
798 200 2.175648
800 200 1.874645
801 200 1.873330
799 200 2.182729
802 200 2.670442
803 200 2.603105
806 200 1.577775
804 200 2.749856
808 200 1.794649
807 200 2.000217
811 200 1.874522
810 200 1.997276
809 200 1.998893
812 200 1.346763
814 200 1.566140
813 200 1.739877
815 200 1.848470
816 200 1.618806
817 200 1.533556
818 200 1.716063
819 200 1.719045
821 200 1.761268
820 200 2.015535
823 200 1.437967
822 200 1.947697
824 200 2.312622
825 200 2.346151
826 200 2.352740
827 200 2.477837
828 200 2.486108
831 200 2.325153
829 200 2.398903
830 200 2.475138
832 200 2.426658
834 200 1.296256
833 200 1.597043
835 200 1.348454
839 200 1.242413
836 200 1.699769
837 200 1.718807
843 200 1.028239
838 200 1.667885
840 200 1.595334
844 200 1.131575
841 200 1.688805
842 200 2.004168
848 200 1.007545
849 200 1.156862
852 200 0.929970
845 200 2.233903
846 200 2.699168
847 200 2.928349
850 200 2.874220
851 200 2.672726
856 200 1.487928
857 200 1.541027
853 200 2.468856
854 200 2.550423
855 200 2.382441
858 200 1.288091
859 200 1.840704
861 200 1.817893
860 200 1.840680
862 200 1.853866
866 200 1.585894
863 200 1.909300
864 200 1.870816
865 200 2.104734
867 200 2.210605
873 200 0.886744
872 200 1.623029
868 200 2.154983
869 200 2.074857
870 200 2.095970
341 000 120.001844
871 200 2.128830
874 200 1.869724
343 000 120.001182
348 000 120.001152
876 200 1.905879
875 200 2.265660
877 200 2.138089
350 000 120.001071
878 200 1.912196
351 000 120.001281
352 000 120.001868
879 200 2.099802
881 200 2.183279
880 200 2.387968
883 200 2.354577
882 200 2.394824
888 200 1.418681
884 200 2.250373
885 200 2.302237
892 200 1.385633
886 200 2.478010
887 200 2.533266
894 200 1.559923
889 200 2.564001
899 200 1.667983
897 200 1.731506
891 200 2.556942
890 200 2.639280
896 200 2.092356
900 200 1.868391
893 200 2.505942
895 200 2.404728
898 200 2.136862
373 000 120.001603
372 000 120.000566
377 000 120.001652
488 000 120.001538
490 000 120.001700
491 000 120.000998
492 000 120.000374
493 000 120.001528
495 000 120.001396
