{"t":"0.6","event":"open","ms":567}
{"t":"0.7","event":"message","n":1,"echo":"first"}
{"t":"60.3","event":"message","n":2,"echo":"after-60s-idle"}
{"t":"92.7","event":"error","message":""}
{"t":"92.7","event":"close","code":1006,"reason":""}
{"t":"93.7","event":"error","message":""}
{"t":"93.7","event":"close","code":1006,"reason":""}
{"t":"100.7","event":"error","message":""}
{"t":"100.7","event":"close","code":1006,"reason":""}
{"t":"102.2","event":"error","message":""}
{"t":"102.2","event":"close","code":1006,"reason":""}
{"t":"103.2","event":"error","message":""}
{"t":"103.2","event":"close","code":1006,"reason":""}
{"t":"104.2","event":"error","message":""}
{"t":"104.2","event":"close","code":1006,"reason":""}
{"t":"105.2","event":"error","message":""}
{"t":"105.2","event":"close","code":1006,"reason":""}
{"t":"106.2","event":"error","message":""}
{"t":"106.2","event":"close","code":1006,"reason":""}
{"t":"107.2","event":"error","message":""}
{"t":"107.2","event":"close","code":1006,"reason":""}
{"t":"108.2","event":"error","message":""}
{"t":"108.2","event":"close","code":1006,"reason":""}
{"t":"109.2","event":"error","message":""}
{"t":"109.2","event":"close","code":1006,"reason":""}
{"t":"110.2","event":"error","message":""}
{"t":"110.2","event":"close","code":1006,"reason":""}
{"t":"111.2","event":"error","message":""}
{"t":"111.2","event":"close","code":1006,"reason":""}
{"t":"112.2","event":"error","message":""}
{"t":"112.2","event":"close","code":1006,"reason":""}
{"t":"113.2","event":"error","message":""}
{"t":"113.2","event":"close","code":1006,"reason":""}
{"t":"114.2","event":"error","message":""}
{"t":"114.2","event":"close","code":1006,"reason":""}
{"t":"115.2","event":"error","message":""}
{"t":"115.2","event":"close","code":1006,"reason":""}
{"t":"116.2","event":"error","message":""}
{"t":"116.2","event":"close","code":1006,"reason":""}
{"t":"117.2","event":"error","message":""}
{"t":"117.2","event":"close","code":1006,"reason":""}
{"t":"118.2","event":"error","message":""}
{"t":"118.2","event":"close","code":1006,"reason":""}
{"t":"119.2","event":"error","message":""}
{"t":"119.2","event":"close","code":1006,"reason":""}
{"t":"120.2","event":"error","message":""}
{"t":"120.2","event":"close","code":1006,"reason":""}
{"t":"121.3","event":"error","message":""}
{"t":"121.3","event":"close","code":1006,"reason":""}
{"t":"122.3","event":"error","message":""}
{"t":"122.3","event":"close","code":1006,"reason":""}
{"t":"123.3","event":"error","message":""}
{"t":"123.3","event":"close","code":1006,"reason":""}
{"t":"124.3","event":"error","message":""}
{"t":"124.3","event":"close","code":1006,"reason":""}
{"t":"125.3","event":"error","message":""}
{"t":"125.3","event":"close","code":1006,"reason":""}
{"t":"126.3","event":"error","message":""}
{"t":"126.3","event":"close","code":1006,"reason":""}
{"t":"127.3","event":"error","message":""}
{"t":"127.3","event":"close","code":1006,"reason":""}
{"t":"128.3","event":"error","message":""}
{"t":"128.3","event":"close","code":1006,"reason":""}
{"t":"129.3","event":"error","message":""}
{"t":"129.3","event":"close","code":1006,"reason":""}
{"t":"130.3","event":"error","message":""}
{"t":"130.3","event":"close","code":1006,"reason":""}
{"t":"131.3","event":"error","message":""}
{"t":"131.3","event":"close","code":1006,"reason":""}
{"t":"132.3","event":"error","message":""}
{"t":"132.3","event":"close","code":1006,"reason":""}
{"t":"133.3","event":"error","message":""}
{"t":"133.3","event":"close","code":1006,"reason":""}
{"t":"134.3","event":"error","message":""}
{"t":"134.3","event":"close","code":1006,"reason":""}
{"t":"135.3","event":"error","message":""}
{"t":"135.3","event":"close","code":1006,"reason":""}
{"t":"136.3","event":"error","message":""}
{"t":"136.3","event":"close","code":1006,"reason":""}
{"t":"137.3","event":"error","message":""}
{"t":"137.3","event":"close","code":1006,"reason":""}
{"t":"138.3","event":"error","message":""}
{"t":"138.3","event":"close","code":1006,"reason":""}
{"t":"139.3","event":"error","message":""}
{"t":"139.3","event":"close","code":1006,"reason":""}
{"t":"140.3","event":"error","message":""}
{"t":"140.3","event":"close","code":1006,"reason":""}
{"t":"141.3","event":"error","message":""}
{"t":"141.3","event":"close","code":1006,"reason":""}
{"t":"142.3","event":"error","message":""}
{"t":"142.3","event":"close","code":1006,"reason":""}
{"t":"143.3","event":"error","message":""}
{"t":"143.3","event":"close","code":1006,"reason":""}
{"t":"144.3","event":"error","message":""}
{"t":"144.3","event":"close","code":1006,"reason":""}
{"t":"145.3","event":"error","message":""}
{"t":"145.3","event":"close","code":1006,"reason":""}
{"t":"146.3","event":"error","message":""}
{"t":"146.3","event":"close","code":1006,"reason":""}
{"t":"147.3","event":"error","message":""}
{"t":"147.3","event":"close","code":1006,"reason":""}
{"t":"148.3","event":"error","message":""}
{"t":"148.3","event":"close","code":1006,"reason":""}
{"t":"149.3","event":"error","message":""}
{"t":"149.3","event":"close","code":1006,"reason":""}
{"t":"150.3","event":"error","message":""}
{"t":"150.3","event":"close","code":1006,"reason":""}
{"t":"151.3","event":"error","message":""}
{"t":"151.3","event":"close","code":1006,"reason":""}
{"t":"152.3","event":"error","message":""}
{"t":"152.3","event":"close","code":1006,"reason":""}
{"t":"153.3","event":"error","message":""}
{"t":"153.3","event":"close","code":1006,"reason":""}
{"t":"154.3","event":"error","message":""}
{"t":"154.3","event":"close","code":1006,"reason":""}
{"t":"155.3","event":"error","message":""}
{"t":"155.3","event":"close","code":1006,"reason":""}
{"t":"156.3","event":"error","message":""}
{"t":"156.3","event":"close","code":1006,"reason":""}
{"t":"157.3","event":"error","message":""}
{"t":"157.3","event":"close","code":1006,"reason":""}
{"t":"158.3","event":"error","message":""}
{"t":"158.3","event":"close","code":1006,"reason":""}
{"t":"159.3","event":"error","message":""}
{"t":"159.3","event":"close","code":1006,"reason":""}
{"t":"160.3","event":"error","message":""}
{"t":"160.3","event":"close","code":1006,"reason":""}
{"t":"161.3","event":"error","message":""}
{"t":"161.3","event":"close","code":1006,"reason":""}
{"t":"162.3","event":"error","message":""}
{"t":"162.3","event":"close","code":1006,"reason":""}
{"t":"163.3","event":"error","message":""}
{"t":"163.3","event":"close","code":1006,"reason":""}
{"t":"164.3","event":"error","message":""}
{"t":"164.3","event":"close","code":1006,"reason":""}
{"t":"165.3","event":"error","message":""}
{"t":"165.3","event":"close","code":1006,"reason":""}
{"t":"166.3","event":"error","message":""}
{"t":"166.3","event":"close","code":1006,"reason":""}
{"t":"167.3","event":"error","message":""}
{"t":"167.3","event":"close","code":1006,"reason":""}
{"t":"168.3","event":"error","message":""}
{"t":"168.3","event":"close","code":1006,"reason":""}
{"t":"169.3","event":"error","message":""}
{"t":"169.3","event":"close","code":1006,"reason":""}
{"t":"170.3","event":"error","message":""}
{"t":"170.3","event":"close","code":1006,"reason":""}
{"t":"171.3","event":"error","message":""}
{"t":"171.3","event":"close","code":1006,"reason":""}
{"t":"172.4","event":"error","message":""}
{"t":"172.4","event":"close","code":1006,"reason":""}
{"t":"173.4","event":"error","message":""}
{"t":"173.4","event":"close","code":1006,"reason":""}
{"t":"174.4","event":"error","message":""}
{"t":"174.4","event":"close","code":1006,"reason":""}
{"t":"175.4","event":"error","message":""}
{"t":"175.4","event":"close","code":1006,"reason":""}
{"t":"176.4","event":"error","message":""}
{"t":"176.4","event":"close","code":1006,"reason":""}
{"t":"177.4","event":"error","message":""}
{"t":"177.4","event":"close","code":1006,"reason":""}
{"t":"178.4","event":"error","message":""}
{"t":"178.4","event":"close","code":1006,"reason":""}
{"t":"179.4","event":"error","message":""}
{"t":"179.4","event":"close","code":1006,"reason":""}
