first counter 200 0.672155
first gadget 200 1.088614
first counter 200 0.916645
first gadget 200 0.992780
first counter 200 0.563876
first gadget 200 1.014359
first counter 200 0.531167
first gadget 200 0.900552
first counter 200 0.546858
first gadget 200 0.890515
first counter 200 0.615170
first gadget 200 1.061158
first counter 200 0.543979
first gadget 200 0.903032
first counter 200 0.504300
first gadget 200 1.041013
first counter 200 0.506161
first gadget 200 0.790927
first counter 200 0.611564
first gadget 200 0.899966
first counter 200 0.568086
first gadget 200 1.087186
first counter 200 0.606971
first gadget 200 1.055229
first counter 200 0.623029
first gadget 200 1.065472
first counter 200 0.614416
first gadget 200 0.936982
first counter 200 0.504938
first gadget 200 0.839839
first counter 200 0.596172
first gadget 200 1.123806
first counter 200 0.638690
first gadget 200 0.923906
first counter 200 0.615119
first gadget 200 0.757954
first counter 200 0.669254
first gadget 200 0.735134
first counter 200 0.523557
first gadget 200 0.843527
first counter 200 0.589801
first gadget 200 0.999308
first counter 200 0.854972
first gadget 200 0.894306
first counter 200 0.571964
first gadget 200 1.049466
first counter 200 0.676867
first gadget 200 1.000536
first counter 200 0.589280
first gadget 200 1.061566
first counter 200 0.642374
first gadget 200 1.083501
first counter 200 0.528290
first gadget 200 0.792711
first counter 200 0.491254
first gadget 200 0.900188
first counter 200 0.795511
first gadget 200 1.189155
first counter 200 0.620403
first gadget 200 1.032111
cold counter 200 0.510914
cold gadget 200 0.715608
cold counter 200 0.349752
cold gadget 200 0.886490
cold counter 200 0.391528
cold gadget 200 0.824735
cold counter 200 0.465883
cold gadget 200 0.940890
cold counter 200 0.448721
cold gadget 200 0.625676
cold counter 200 0.423901
cold gadget 200 0.714996
cold counter 200 0.371190
cold gadget 200 0.591316
cold counter 200 0.298910
cold gadget 200 0.873048
cold counter 200 0.624634
cold gadget 200 0.481205
cold counter 200 0.233126
cold gadget 200 0.729224
cold counter 200 0.349869
cold gadget 200 0.809456
cold counter 200 0.446341
cold gadget 200 0.703001
cold counter 200 0.415885
cold gadget 200 0.876340
cold counter 200 0.258279
cold gadget 200 0.791022
cold counter 200 0.376859
cold gadget 200 0.681646
cold counter 200 0.464687
cold gadget 200 0.540963
cold counter 200 0.132267
cold gadget 200 0.439605
cold counter 200 0.172895
cold gadget 200 0.565689
cold counter 200 0.146387
cold gadget 200 0.645920
cold counter 200 0.186655
cold gadget 200 0.481719
cold counter 200 0.199725
cold gadget 200 0.532095
cold counter 200 0.189417
cold gadget 200 0.606889
cold counter 200 0.207904
cold gadget 200 0.522104
cold counter 200 0.222166
cold gadget 200 0.439103
cold counter 200 0.245434
cold gadget 200 0.557819
cold counter 200 0.422917
cold gadget 200 0.461778
cold counter 200 0.213640
cold gadget 200 0.579246
cold counter 200 0.237005
cold gadget 200 0.507034
cold counter 200 0.197164
cold gadget 200 0.581054
cold counter 200 0.170969
cold gadget 200 0.451369
warm counter 200 0.153473
warm gadget 200 0.080576
warm counter 200 0.115120
warm gadget 200 0.092175
warm counter 200 0.080094
warm gadget 200 0.095218
warm counter 200 0.111834
warm gadget 200 0.090563
warm counter 200 0.110440
warm gadget 200 0.107577
warm counter 200 0.098752
warm gadget 200 0.114366
warm counter 200 0.134379
warm gadget 200 0.197817
warm counter 200 0.128394
warm gadget 200 0.103337
warm counter 200 0.105206
warm gadget 200 0.117218
warm counter 200 0.104589
warm gadget 200 0.164892
warm counter 200 0.102446
warm gadget 200 0.137099
warm counter 200 0.099009
warm gadget 200 0.120734
warm counter 200 0.105092
warm gadget 200 0.097724
warm counter 200 0.117033
warm gadget 200 0.096681
warm counter 200 0.102361
warm gadget 200 0.099821
warm counter 200 0.120445
warm gadget 200 0.323029
warm counter 200 0.096839
warm gadget 200 0.390521
warm counter 200 0.195941
warm gadget 200 0.139064
warm counter 200 0.244111
warm gadget 200 0.292429
warm counter 200 0.375942
warm gadget 200 0.310323
warm counter 200 0.332062
warm gadget 200 0.515238
warm counter 200 0.314987
warm gadget 200 0.346399
warm counter 200 0.331347
warm gadget 200 0.322115
warm counter 200 0.381545
warm gadget 200 0.423772
warm counter 200 0.326366
warm gadget 200 0.283495
warm counter 200 0.221392
warm gadget 200 0.307538
warm counter 200 0.186803
warm gadget 200 0.224146
warm counter 200 0.155131
warm gadget 200 0.348366
warm counter 200 0.290834
warm gadget 200 0.399573
warm counter 200 0.299127
warm gadget 200 0.124136
