first counter 200 0.617244
first gadget 200 1.087742
first counter 200 0.641500
first gadget 200 1.032945
first counter 200 0.592805
first gadget 200 0.789112
first counter 200 0.648680
first gadget 200 0.864428
first counter 200 0.589815
first gadget 200 0.853115
first counter 200 0.512794
first gadget 200 0.880232
first counter 200 0.589143
first gadget 200 1.130522
first counter 200 0.613593
first gadget 200 0.915298
first counter 200 0.561378
first gadget 200 0.912370
first counter 200 0.459434
first gadget 200 0.858697
first counter 200 0.555371
first gadget 200 0.790222
first counter 200 0.579304
first gadget 200 0.940809
first counter 200 0.566070
first gadget 200 2.333077
first counter 200 0.571668
first gadget 200 0.935631
first counter 200 0.425919
first gadget 200 0.806757
first counter 200 0.556672
first gadget 200 0.815231
first counter 200 0.880346
first gadget 200 0.777898
first counter 200 0.604483
first gadget 200 1.039415
first counter 200 0.514913
first gadget 200 0.837508
first counter 200 0.480665
first gadget 200 1.111800
first counter 200 0.548096
first gadget 200 0.975474
first counter 200 0.544774
first gadget 200 0.844737
first counter 200 0.665389
first gadget 200 1.326825
first counter 200 0.595630
first gadget 200 0.799384
first counter 200 0.488076
first gadget 200 0.759368
first counter 200 0.475765
first gadget 200 0.875273
first counter 200 0.484509
first gadget 200 0.730065
first counter 200 0.742958
first gadget 200 1.002103
first counter 200 0.588013
first gadget 200 1.322492
first counter 200 0.682273
first gadget 200 0.980484
cold counter 200 0.648994
cold gadget 200 0.920028
cold counter 200 0.455769
cold gadget 200 0.791712
cold counter 200 0.287862
cold gadget 200 0.530633
cold counter 200 0.298623
cold gadget 200 0.694298
cold counter 200 0.288365
cold gadget 200 0.899678
cold counter 200 0.259502
cold gadget 200 0.664439
cold counter 200 0.344340
cold gadget 200 0.691365
cold counter 200 0.440218
cold gadget 200 0.732707
cold counter 200 0.289464
cold gadget 200 0.664833
cold counter 200 0.471334
cold gadget 200 0.776048
cold counter 200 0.294491
cold gadget 200 0.732744
cold counter 200 0.214232
cold gadget 200 0.764528
cold counter 200 0.464366
cold gadget 200 0.489212
cold counter 200 0.263626
cold gadget 200 0.515306
cold counter 200 0.195500
cold gadget 200 0.732033
cold counter 200 0.172152
cold gadget 200 0.597931
cold counter 200 0.187958
cold gadget 200 0.506474
cold counter 200 0.180726
cold gadget 200 0.452785
cold counter 200 0.143848
cold gadget 200 0.453617
cold counter 200 0.132777
cold gadget 200 0.420231
cold counter 200 0.122437
cold gadget 200 0.455341
cold counter 200 0.229701
cold gadget 200 0.514435
cold counter 200 0.164147
cold gadget 200 0.472652
cold counter 200 0.142958
cold gadget 200 0.429664
cold counter 200 0.185463
cold gadget 200 0.464235
cold counter 200 0.139416
cold gadget 200 0.438785
cold counter 200 0.230715
cold gadget 200 0.464814
cold counter 200 0.187327
cold gadget 200 0.539350
cold counter 200 0.163964
cold gadget 200 0.531668
cold counter 200 0.203922
cold gadget 200 0.615646
warm counter 200 0.197556
warm gadget 200 0.078624
warm counter 200 0.089104
warm gadget 200 0.088258
warm counter 200 0.061542
warm gadget 200 0.146812
warm counter 200 0.112535
warm gadget 200 0.114235
warm counter 200 0.122184
warm gadget 200 0.123185
warm counter 200 0.121924
warm gadget 200 0.114470
warm counter 200 0.106236
warm gadget 200 0.121000
warm counter 200 0.114028
warm gadget 200 0.122650
warm counter 200 0.111937
warm gadget 200 0.114682
warm counter 200 0.108670
warm gadget 200 0.108941
warm counter 200 0.112759
warm gadget 200 0.113149
warm counter 200 0.105181
warm gadget 200 0.096119
warm counter 200 0.121575
warm gadget 200 0.130850
warm counter 200 0.114135
warm gadget 200 0.233764
warm counter 200 0.237936
warm gadget 200 0.189626
warm counter 200 0.339250
warm gadget 200 0.330987
warm counter 200 0.256996
warm gadget 200 0.379524
warm counter 200 0.293821
warm gadget 200 0.306486
warm counter 200 0.290795
warm gadget 200 0.367881
warm counter 200 0.220078
warm gadget 200 0.363930
warm counter 200 0.222961
warm gadget 200 0.278583
warm counter 200 0.278180
warm gadget 200 0.360387
warm counter 200 0.299507
warm gadget 200 0.280157
warm counter 200 0.345098
warm gadget 200 0.301797
warm counter 200 0.243302
warm gadget 200 0.361643
warm counter 200 0.459951
warm gadget 200 0.420664
warm counter 200 0.347343
warm gadget 200 0.415323
warm counter 200 0.322149
warm gadget 200 0.409850
warm counter 200 0.176955
warm gadget 200 0.076596
warm counter 200 0.076723
warm gadget 200 0.113954
