first counter 200 1.520935
first counter 200 1.526614
first counter 200 1.548469
first counter 200 1.722422
first counter 200 1.714880
first counter 200 1.823708
first counter 200 1.825070
first counter 200 1.840052
first counter 200 1.826464
first counter 200 1.840672
first counter 200 1.831250
first counter 200 1.828442
first counter 200 1.832692
first counter 200 1.828637
first counter 200 1.841215
first counter 200 1.983295
first counter 200 1.994760
first counter 200 1.992623
first counter 200 2.014892
first counter 200 2.019626
first counter 200 2.021054
first counter 200 2.014947
first counter 200 2.229356
first counter 200 2.232166
first counter 200 0.824502
first counter 200 1.570060
first counter 200 1.820546
first counter 200 1.576272
first counter 200 1.573229
first counter 200 1.691062
first counter 200 1.579443
first counter 200 1.717136
first counter 200 1.731252
first counter 200 1.895927
first counter 200 1.954166
first counter 200 1.778340
first counter 200 1.951334
first counter 200 1.803211
first counter 200 1.956607
first counter 200 1.951459
first counter 200 1.804696
first counter 200 1.804585
first counter 200 1.957268
first counter 200 1.970376
first counter 200 1.966738
first counter 200 1.955338
first counter 200 2.173173
first counter 200 2.102727
first counter 200 2.334392
first counter 200 1.679093
first counter 200 1.926815
first counter 200 1.778698
first counter 200 1.904847
first counter 200 1.874014
first counter 200 2.269259
first counter 200 2.333858
first counter 200 2.267324
first counter 200 2.270105
first counter 200 2.131117
first counter 200 2.176840
first counter 200 2.179645
first counter 200 2.177976
first counter 200 2.389699
first counter 200 2.480974
first counter 200 2.479113
first counter 200 2.372911
first counter 200 2.600385
first counter 200 2.307950
first counter 200 2.417783
first counter 200 1.807311
first counter 200 2.118985
first counter 200 3.022809
first counter 200 2.995913
first counter 200 1.808387
first counter 200 1.911828
first counter 200 2.995999
first counter 200 1.721697
first counter 200 2.063531
first counter 200 1.722645
first counter 200 1.459412
first counter 200 2.035485
first counter 200 2.445323
first counter 200 2.434221
first counter 200 1.979681
first counter 200 2.477838
first counter 200 1.650117
first counter 200 1.852681
first counter 200 1.962024
first counter 200 2.578903
first counter 200 2.698511
first counter 200 1.934597
first counter 200 2.790901
first counter 200 2.094760
first counter 200 2.639993
first counter 200 2.640319
first counter 200 2.714982
first counter 200 2.674031
first counter 200 1.951331
first counter 200 1.980516
first counter 200 2.130005
first counter 200 2.056688
first counter 200 2.248148
first counter 200 2.403782
first counter 200 2.609257
first counter 200 2.925221
first counter 200 2.335980
first counter 200 2.265840
first counter 200 1.729765
first counter 200 1.971001
first counter 200 2.529767
first counter 200 2.181832
first counter 200 2.403045
first counter 200 2.395822
first counter 200 2.396564
first counter 200 1.995722
first counter 200 1.841796
first counter 200 1.998321
first counter 200 2.622293
first counter 200 2.415758
first counter 200 2.483038
first counter 200 2.537529
first counter 200 2.788580
first counter 200 2.989432
first counter 200 2.465822
first counter 200 3.099612
first counter 200 2.032467
first counter 200 1.569954
first counter 200 3.099051
first counter 200 1.631307
first counter 200 3.083769
first counter 200 1.840450
first counter 200 2.158389
first counter 200 1.888455
first counter 200 2.227007
first counter 200 2.098708
first counter 200 2.106485
first counter 200 2.141748
first counter 200 1.915921
first counter 200 2.144012
first counter 200 2.441781
first counter 200 2.457980
first counter 200 2.515864
first counter 200 2.097900
first counter 200 2.505614
first counter 200 2.169336
first counter 200 1.630756
first counter 200 2.145149
first counter 200 2.169530
first counter 200 2.024672
first counter 200 2.026990
first counter 200 1.956922
first counter 200 2.036644
first counter 200 2.035862
first counter 200 2.044096
first counter 200 2.310842
first counter 200 1.977688
first counter 200 1.747936
first counter 200 1.837200
first counter 200 1.840012
first counter 200 2.453414
first counter 200 2.499840
first counter 200 2.935348
first counter 200 1.997544
first counter 200 3.447533
first counter 200 2.841458
first counter 200 2.562196
first counter 200 3.573657
first counter 200 3.389745
first counter 200 2.262551
first counter 200 2.277057
first counter 200 2.276381
first counter 200 2.280396
first counter 200 2.347862
first counter 200 2.262199
first counter 200 2.708810
first counter 200 2.571120
first counter 200 1.465101
first counter 200 2.799329
first counter 200 2.434481
first counter 200 2.531932
first counter 200 2.640093
first counter 200 2.039750
first counter 200 2.632725
first counter 200 2.633036
first counter 200 2.634518
first counter 200 3.010654
first counter 200 3.010671
first counter 200 2.035736
first counter 200 2.077150
first counter 200 1.900583
first counter 200 1.681683
first counter 200 1.719305
first counter 200 2.168481
first counter 200 1.923497
first counter 200 1.831393
first counter 200 1.932021
first counter 200 1.760244
first counter 200 1.966407
first counter 200 2.020699
first counter 200 1.346977
first counter 200 1.925394
first counter 200 2.071706
first counter 200 2.007979
first counter 200 2.107683
first counter 200 1.975495
first counter 200 1.546460
first counter 200 2.133919
first counter 200 1.555667
first counter 200 1.322549
first counter 200 2.409963
first counter 200 2.581121
first counter 200 2.578625
first counter 200 1.587044
first counter 200 2.196934
first counter 200 2.161697
first counter 200 1.771858
first counter 200 1.950850
first counter 200 2.016810
first counter 200 1.839768
first counter 200 2.395065
first counter 200 1.924174
first counter 200 1.925838
first counter 200 2.267776
first counter 200 1.926380
first counter 200 2.460447
first counter 200 2.482490
first counter 200 1.852649
first counter 200 2.908871
first counter 200 2.729224
first counter 200 2.643190
first counter 200 2.186257
first counter 200 2.180573
first counter 200 2.063822
first counter 200 2.140635
first counter 200 2.180760
first counter 200 2.277414
first counter 200 1.852043
first counter 200 2.178419
first counter 200 2.427544
first counter 200 2.204548
first counter 200 2.198160
first counter 200 2.203158
first counter 200 2.200431
first counter 200 2.902371
first counter 200 2.612634
first counter 200 2.542115
first counter 200 2.543366
first counter 200 2.543378
first counter 200 2.259403
first counter 200 1.888108
first counter 200 2.466997
first counter 200 1.699888
first counter 200 1.906058
first counter 200 2.429121
first counter 200 2.255915
first counter 200 2.150278
first counter 200 2.062188
first counter 200 2.350239
first counter 200 1.574136
first counter 200 2.079353
first counter 200 2.195348
first counter 200 1.905323
first counter 200 1.997886
first counter 200 1.966327
first counter 200 2.158665
first counter 200 2.155804
first counter 200 2.220871
first counter 200 1.816063
first counter 200 1.816084
first counter 200 1.815746
first counter 200 2.160313
first counter 200 1.650516
first counter 200 2.217149
first counter 200 2.722652
first counter 200 2.609710
first counter 200 2.493642
first counter 200 2.858443
first counter 200 3.044801
first counter 200 2.831282
first counter 200 2.548176
first counter 200 2.066307
first counter 200 1.754781
first counter 200 2.696520
first counter 200 1.688514
first counter 200 1.756702
first counter 200 2.974768
first counter 200 3.089480
first counter 200 3.111546
first counter 200 2.341643
first counter 200 2.341653
first counter 200 2.428647
first counter 200 2.348290
first counter 200 2.608348
first counter 200 2.022134
first counter 200 1.834350
first counter 200 2.841256
first counter 200 2.935750
first counter 200 2.844936
first counter 200 1.679616
first counter 200 1.871166
