first gadget 200 2.940471
first gadget 200 3.144971
first gadget 200 3.147557
first gadget 200 3.160318
first gadget 200 3.145333
first gadget 200 3.679387
first gadget 200 3.695667
first gadget 200 3.693835
first gadget 200 3.697212
first gadget 200 3.699242
first gadget 200 3.686673
first gadget 200 3.688117
first gadget 200 3.685974
first gadget 200 3.696038
first gadget 200 3.813638
first gadget 200 3.820609
first gadget 200 3.977221
first gadget 200 3.980974
first gadget 200 3.979852
first gadget 200 3.979084
first gadget 200 3.974409
first gadget 200 3.981848
first gadget 200 3.984797
first gadget 200 3.978018
first gadget 200 3.207225
first gadget 200 3.471484
first gadget 200 3.827917
first gadget 200 3.974739
first gadget 200 4.815351
first gadget 200 4.780762
first gadget 200 4.884380
first gadget 200 4.884630
first gadget 200 5.160936
first gadget 200 5.164815
first gadget 200 5.040841
first gadget 200 5.038873
first gadget 200 4.874135
first gadget 200 5.169435
first gadget 200 5.167519
first gadget 200 4.876715
first gadget 200 4.877034
first gadget 200 5.425145
first gadget 200 5.442456
first gadget 200 6.290155
first gadget 200 6.286099
first gadget 200 6.293631
first gadget 200 6.290000
first gadget 200 6.638477
first gadget 200 3.549451
first gadget 200 5.349811
first gadget 200 5.946196
first gadget 200 4.429936
first gadget 200 6.495944
first gadget 200 4.795213
first gadget 200 5.007799
first gadget 200 5.070110
first gadget 200 5.071415
first gadget 200 3.694925
first gadget 200 5.109015
first gadget 200 6.237881
first gadget 200 5.344758
first gadget 200 5.352386
first gadget 200 5.629906
first gadget 200 5.346600
first gadget 200 5.734788
first gadget 200 5.549817
first gadget 200 6.030104
first gadget 200 4.656215
first gadget 200 5.692310
first gadget 200 6.034924
first gadget 200 7.193452
first gadget 200 6.038478
first gadget 200 3.301075
first gadget 200 3.471649
first gadget 200 6.441796
first gadget 200 6.381420
first gadget 200 6.497254
first gadget 200 4.518822
first gadget 200 4.850914
first gadget 200 4.567876
first gadget 200 5.244289
first gadget 200 4.893773
first gadget 200 4.270493
first gadget 200 5.302915
first gadget 200 5.081567
first gadget 200 5.637446
first gadget 200 5.222833
first gadget 200 5.220630
first gadget 200 5.728448
first gadget 200 5.482344
first gadget 200 4.763996
first gadget 200 5.029984
first gadget 200 4.500653
first gadget 200 4.810227
first gadget 200 4.834539
first gadget 200 6.021763
first gadget 200 6.023272
first gadget 200 6.656002
first gadget 200 6.485239
first gadget 200 4.613238
first gadget 200 4.636528
first gadget 200 4.447587
first gadget 200 4.273519
first gadget 200 4.810898
first gadget 200 4.538792
first gadget 200 5.039742
first gadget 200 4.999698
first gadget 200 5.973988
first gadget 200 6.285897
first gadget 200 6.287450
first gadget 200 6.268980
first gadget 200 5.355606
first gadget 200 6.562210
first gadget 200 4.964914
first gadget 200 6.346351
first gadget 200 6.484310
first gadget 200 6.081490
first gadget 200 5.042250
first gadget 200 5.266845
first gadget 200 4.525999
first gadget 200 4.647286
first gadget 200 3.708052
first gadget 200 5.157238
first gadget 200 4.926829
first gadget 200 4.627470
first gadget 200 5.179935
first gadget 200 4.930472
first gadget 200 5.458161
first gadget 200 5.228828
first gadget 200 5.598215
first gadget 200 4.068788
first gadget 200 5.442590
first gadget 200 5.383808
first gadget 200 5.153155
first gadget 200 5.814690
first gadget 200 5.934907
first gadget 200 5.936610
first gadget 200 4.914270
first gadget 200 5.609095
first gadget 200 3.692453
first gadget 200 5.460426
first gadget 200 5.733917
first gadget 200 5.492297
first gadget 200 5.530677
first gadget 200 6.100424
first gadget 200 5.507653
first gadget 200 3.664999
first gadget 200 4.390668
first gadget 200 4.691961
first gadget 200 4.691354
first gadget 200 4.596831
first gadget 200 4.237363
first gadget 200 5.677663
first gadget 200 5.675386
first gadget 200 5.900958
first gadget 200 4.043410
first gadget 200 4.591599
first gadget 200 5.257713
first gadget 200 5.267029
first gadget 200 5.625771
first gadget 200 4.348015
first gadget 200 4.041784
first gadget 200 5.759380
first gadget 200 5.883073
first gadget 200 5.760307
first gadget 200 4.235377
first gadget 200 5.273893
first gadget 200 6.001893
first gadget 200 5.949358
first gadget 200 5.048167
first gadget 200 3.943809
first gadget 200 5.001874
first gadget 200 5.085000
first gadget 200 5.310726
first gadget 200 4.730239
first gadget 200 5.517210
first gadget 200 4.504017
first gadget 200 4.479290
first gadget 200 5.149529
first gadget 200 4.725339
first gadget 200 5.636144
first gadget 200 4.812351
first gadget 200 5.633285
first gadget 200 5.137662
first gadget 200 5.204635
first gadget 200 4.611968
first gadget 200 4.607750
first gadget 200 5.364043
first gadget 200 5.365559
first gadget 200 5.129552
first gadget 200 4.326207
first gadget 200 5.633645
first gadget 200 6.155546
first gadget 200 5.910932
first gadget 200 4.479178
first gadget 200 6.203372
first gadget 200 6.203607
first gadget 200 5.076397
first gadget 200 3.972402
first gadget 200 5.328918
first gadget 200 5.328838
first gadget 200 4.979075
first gadget 200 5.469722
first gadget 200 3.970117
first gadget 200 4.219916
first gadget 200 4.854245
first gadget 200 6.059513
first gadget 200 6.513742
first gadget 200 6.088541
first gadget 200 5.691681
first gadget 200 6.293517
first gadget 200 4.610369
first gadget 200 4.293303
first gadget 200 3.627233
first gadget 200 4.071880
first gadget 200 4.350323
first gadget 200 6.070616
first gadget 200 4.544091
first gadget 200 5.278873
first gadget 200 2.882379
first gadget 200 4.110909
first gadget 200 4.489128
first gadget 200 4.753470
first gadget 200 4.753499
first gadget 200 4.353907
first gadget 200 3.552107
first gadget 200 5.096689
first gadget 200 4.710180
first gadget 200 4.349391
first gadget 200 3.986933
first gadget 200 4.341675
first gadget 200 4.026680
first gadget 200 4.443549
first gadget 200 4.571809
first gadget 200 4.572334
first gadget 200 4.383065
first gadget 200 4.573474
first gadget 200 4.573398
first gadget 200 4.325039
first gadget 200 4.283828
first gadget 200 4.495244
first gadget 200 4.114238
first gadget 200 4.300192
first gadget 200 4.768063
first gadget 200 3.770978
first gadget 200 4.164817
first gadget 200 4.080397
first gadget 200 5.320411
first gadget 200 5.700746
first gadget 200 3.646154
first gadget 200 5.066193
first gadget 200 4.818487
first gadget 200 4.276758
first gadget 200 4.277606
first gadget 200 4.893866
first gadget 200 4.277233
first gadget 200 5.425429
first gadget 200 5.300774
first gadget 200 4.966907
first gadget 200 4.630407
first gadget 200 4.931161
first gadget 200 5.324343
first gadget 200 4.781511
first gadget 200 5.818500
first gadget 200 5.818328
first gadget 200 5.450165
first gadget 200 5.335216
first gadget 200 6.028281
first gadget 200 4.566402
first gadget 200 4.118727
first gadget 200 4.510137
first gadget 200 5.352670
first gadget 200 4.654531
first gadget 200 5.180726
first gadget 200 5.182200
first gadget 200 4.775564
first gadget 200 4.136362
first gadget 200 4.136234
first gadget 200 4.330099
first gadget 200 6.219304
first gadget 200 5.417594
first gadget 200 5.416591
first gadget 200 5.669685
first gadget 200 5.669245
first gadget 200 5.261400
first gadget 200 5.391197
first gadget 200 5.848036
first gadget 200 5.364715
first gadget 200 4.009306
first gadget 200 5.315554
first gadget 200 5.567157
first gadget 200 4.590267
first gadget 200 4.795953
first gadget 200 4.672834
first gadget 200 3.234027
first gadget 200 5.844281
first gadget 200 4.214415
first gadget 200 3.050218
first gadget 200 5.802437
first gadget 200 5.557701
