6 200 2.748946
13 200 2.902219
1 200 2.912377
14 200 3.859921
21 200 3.919474
18 200 3.929294
3 200 3.942576
24 200 3.924844
19 200 4.257085
7 200 4.370911
23 200 4.351715
2 200 4.370769
8 200 4.369983
12 200 4.362067
9 200 4.362728
22 200 4.706860
27 200 2.955196
25 200 3.193888
26 200 3.050138
30 200 3.736596
35 200 3.441160
38 200 3.439275
40 200 3.091350
32 200 4.008272
4 000 8.001720
5 000 8.001656
11 000 8.001786
10 000 8.001924
15 000 8.001261
17 000 8.001107
16 000 8.002058
20 000 8.001608
31 200 4.218596
39 200 3.790377
37 200 3.792786
29 200 4.224288
42 200 3.135624
43 200 3.431437
41 200 3.567975
45 200 2.752012
47 200 3.069413
28 000 8.001155
52 200 4.128546
53 200 4.160448
57 200 4.061038
50 200 4.225890
54 200 4.219243
46 200 4.416348
33 000 8.000565
55 200 4.273444
58 200 4.119829
48 200 4.330996
56 200 4.263901
60 200 4.119315
34 000 8.002062
36 000 8.001430
64 200 2.748600
61 200 4.737965
62 200 4.422445
74 500 1.784396
65 200 3.828076
68 200 2.936221
76 200 2.883350
70 200 3.221879
77 200 3.165648
44 000 8.001546
49 000 8.002007
51 000 8.001587
69 200 3.808694
59 000 8.001432
80 200 3.903843
81 200 3.303697
72 200 4.471463
63 000 8.001390
91 500 1.900900
85 200 3.277262
82 200 4.178735
87 200 2.879588
84 200 4.130722
86 200 3.099435
83 200 4.442475
97 200 2.345997
93 200 3.798222
66 000 8.001276
90 200 4.363743
89 200 4.591407
92 200 4.043888
67 000 8.001723
71 000 8.001616
73 000 8.001268
75 000 8.001242
78 000 8.001483
88 200 4.868127
79 000 8.001609
96 200 3.764654
95 200 4.113080
94 200 4.221866
99 200 3.432116
105 200 3.142212
98 200 4.528549
104 200 3.890291
100 200 4.113218
103 200 3.901574
102 200 4.052345
101 200 4.204904
106 200 3.713735
111 200 3.710538
119 200 3.485919
110 200 3.889652
117 200 3.616014
115 200 3.723015
118 200 3.635355
107 200 4.485691
120 200 3.978704
113 200 4.316528
114 200 4.354792
108 200 5.011392
112 200 4.755393
116 200 4.605848
109 200 4.887031
121 200 4.577617
129 200 3.056881
123 200 4.328067
125 200 3.669276
124 200 3.823282
122 200 4.737740
138 200 2.575416
127 200 5.483083
128 200 5.482025
130 200 4.826772
126 200 5.671202
145 200 3.281633
143 200 3.357794
141 200 3.361536
146 200 3.350229
136 200 4.632861
132 200 4.767337
140 200 4.061786
134 200 4.870622
133 200 4.889341
135 200 4.857643
131 200 5.109467
139 200 5.702812
158 200 2.193145
142 200 5.609617
144 200 5.804817
137 200 6.418953
147 200 5.040688
160 200 2.799374
148 200 5.704720
149 200 5.679103
150 200 5.400082
151 200 4.580215
153 200 4.673265
159 200 3.698103
161 200 3.671896
163 200 3.505836
167 200 2.663600
168 200 3.343288
154 200 6.239803
156 200 5.743162
152 200 6.404259
165 200 5.127815
164 200 5.168246
157 200 5.776651
155 200 6.251570
172 200 3.973228
176 200 3.480180
171 200 4.213772
162 200 7.072003
166 200 6.939363
175 200 4.491164
173 200 4.770005
177 200 4.797163
174 200 4.855009
182 200 3.411768
181 200 4.603688
180 200 4.603667
178 200 4.782008
179 200 4.734021
169 200 6.724878
170 200 6.485344
184 200 4.077165
193 200 3.637086
185 200 5.126473
188 200 5.123996
186 200 5.204895
187 200 5.202990
190 200 5.235596
192 200 5.003500
197 200 4.370076
195 200 4.821287
200 200 4.299597
196 200 4.662799
204 200 3.642675
203 200 3.771941
205 200 3.872775
202 200 4.679338
199 200 5.330519
201 200 4.743714
198 200 5.375980
183 000 8.001767
208 200 3.433019
189 000 8.001827
212 200 2.846912
209 200 2.924291
191 000 8.001792
211 200 4.433918
210 200 4.566019
194 000 8.001989
213 200 4.534295
214 200 3.889849
218 200 3.870570
221 200 4.016647
206 000 8.001976
223 200 4.123460
219 200 5.089846
222 200 4.180352
230 200 3.737080
207 000 8.001154
229 200 3.890483
215 200 5.372893
225 200 4.253461
216 200 5.331462
227 200 4.000062
226 200 4.253101
220 200 5.284148
224 200 4.440992
231 200 4.132876
228 200 4.853579
233 200 3.438534
217 000 8.000904
236 200 5.171152
234 200 5.337206
235 200 5.301825
243 200 3.564892
245 200 3.495926
237 200 5.510599
238 200 4.969524
232 200 6.502433
239 200 4.912470
246 200 4.187328
258 200 1.595634
242 200 5.084841
240 200 5.084779
250 200 4.900337
253 200 4.061920
248 200 4.994633
247 200 4.996738
244 200 5.247387
241 200 5.375177
249 200 5.136580
251 200 5.296726
252 200 5.704877
254 200 5.829321
255 200 5.729912
270 500 2.107258
259 200 3.953090
262 200 3.905291
266 200 3.864496
256 200 5.433357
260 200 4.808029
263 200 4.076047
264 200 4.096450
271 200 4.478227
261 200 6.155296
265 200 5.455644
257 200 6.572110
267 200 4.962181
278 200 3.915198
275 200 4.568060
272 200 5.257764
269 200 5.348668
268 200 5.348756
277 200 5.082574
282 200 3.585927
274 200 5.557973
276 200 5.683385
273 200 5.898774
279 200 4.136931
281 200 4.043296
280 200 4.243924
283 200 3.532850
287 200 3.491322
288 200 3.637176
285 200 5.304238
284 200 5.360237
286 200 5.267789
298 200 3.661429
289 200 4.455774
296 200 3.759823
299 200 3.489133
290 200 4.380927
291 200 4.384076
297 200 4.231682
295 200 5.077290
294 200 5.077287
293 200 5.209702
309 200 3.240723
302 200 4.598672
304 200 4.657651
307 200 4.064787
301 200 5.717968
300 200 5.788581
303 200 5.581819
308 200 4.780038
306 200 5.434428
305 200 5.434470
310 200 3.540461
312 200 3.472578
313 200 3.022180
292 000 8.001811
321 200 3.350432
317 200 4.300731
318 200 4.298789
319 200 3.825564
311 200 5.051164
316 200 4.664360
322 200 3.768397
320 200 3.835170
314 200 4.760332
326 200 3.893372
323 200 4.520318
325 200 4.120720
315 200 5.721143
324 200 5.322151
337 200 2.842656
333 200 4.096128
334 200 4.112185
330 200 4.619133
327 200 4.620460
339 200 3.016955
345 200 2.655854
335 200 4.715423
328 200 5.319312
329 200 5.338336
341 200 3.871023
338 200 4.410933
340 200 4.410144
336 200 5.109879
343 200 5.478881
347 200 4.690138
350 200 3.659500
331 000 8.001046
332 000 8.001832
342 200 5.981780
348 200 4.986336
349 200 4.927563
344 200 5.978238
352 200 4.339723
360 200 3.628311
351 200 4.430224
353 200 5.096876
357 200 4.888311
355 200 5.137357
363 200 3.502372
356 200 4.898716
354 200 5.138033
359 200 4.437619
361 200 4.984796
364 200 4.624207
358 200 5.708238
346 000 8.001371
369 200 3.831373
370 200 3.748089
362 200 5.807955
373 200 4.149625
375 200 3.999935
367 200 5.281669
383 200 3.532507
365 200 6.239225
372 200 5.738507
374 200 5.018640
368 200 6.468739
366 200 6.679125
371 200 6.471643
381 200 5.103427
377 200 5.183099
376 200 6.209022
380 200 5.476165
378 200 5.487954
379 200 5.951457
382 200 5.951150
384 200 4.926053
385 200 4.879951
387 200 4.800143
390 200 4.223727
386 200 5.456370
388 200 5.171126
391 200 4.999925
394 200 4.300797
393 200 4.705930
402 200 4.027263
397 200 5.048760
389 200 7.206235
395 200 5.437635
396 200 5.439674
392 200 6.394972
408 200 3.636879
410 200 3.636984
403 200 4.882501
399 200 5.519048
407 200 4.375600
404 200 4.934237
413 200 3.497568
405 200 6.007165
414 200 3.913753
412 200 5.024990
415 200 3.916142
411 200 5.759510
406 200 6.336226
409 200 6.766011
398 000 8.002029
400 000 8.001632
416 200 4.755152
420 200 3.460437
427 200 2.733552
401 000 8.001217
421 200 3.754855
419 200 3.979908
417 200 4.463033
423 200 4.697059
422 200 4.746183
433 200 2.780790
418 200 5.674023
429 200 4.399721
426 200 5.013201
428 200 4.966485
430 200 4.426164
440 200 2.888370
431 200 4.505916
432 200 4.384791
436 200 3.955456
435 200 4.472865
438 200 3.999610
437 200 4.088747
442 200 4.438371
443 200 4.181161
424 000 8.000410
434 200 5.486276
439 200 4.919940
444 200 4.692696
425 000 8.000741
448 200 3.893544
445 200 5.226488
458 200 2.509245
456 200 3.382140
450 200 4.395433
454 200 3.751229
457 200 3.323226
449 200 5.323044
455 200 4.210093
462 200 3.392846
451 200 5.712861
441 000 8.001309
453 200 5.219480
459 200 4.240669
460 200 4.259138
461 200 4.181057
466 200 4.229078
465 200 4.375417
446 000 8.001145
447 000 8.001038
464 200 4.587630
468 200 4.195510
463 200 4.974136
452 000 8.001961
469 200 4.651326
472 200 4.061903
476 200 3.533464
467 200 5.760476
471 200 4.995656
470 200 5.108262
477 200 4.089747
487 500 2.841543
475 200 5.043196
473 200 5.656008
481 200 4.218539
474 200 5.485421
480 200 4.663941
478 200 4.887200
479 200 4.876986
486 200 4.300518
483 200 4.931560
482 200 5.500288
491 200 3.446236
492 200 3.371091
484 200 4.648685
485 200 4.659870
489 200 4.504253
488 200 4.847295
493 200 3.498379
494 200 4.455701
490 200 5.796669
497 200 4.371596
499 200 4.210906
500 200 4.150013
501 200 4.046199
503 200 4.145072
496 200 5.313725
495 200 5.605816
498 200 5.167492
504 200 4.439584
505 200 5.038449
510 200 4.262895
502 200 5.728407
509 200 4.478089
512 200 4.284461
508 200 5.186084
507 200 5.190936
506 200 5.902922
516 200 4.867900
514 200 5.067719
511 200 5.420124
513 200 5.324113
517 200 4.065054
524 200 3.652030
515 200 6.795509
521 200 4.732380
520 200 4.733402
518 200 5.725663
519 200 5.432748
522 200 4.855883
525 200 5.436200
523 200 5.436220
527 200 4.916637
528 200 4.513361
531 200 4.355210
526 200 5.299142
530 200 4.500094
529 200 4.500652
538 200 3.443588
534 200 3.944137
532 200 4.583958
535 200 3.957351
533 200 5.445690
536 200 5.216383
539 200 5.019902
543 200 3.152857
537 200 5.310992
544 200 3.436534
541 200 4.337870
540 200 5.417251
545 200 4.370353
547 200 4.258216
553 200 3.659896
542 200 5.156312
549 200 4.110839
546 200 5.253560
554 200 4.036662
558 200 3.823593
551 200 4.280318
559 200 4.188002
557 200 4.406957
555 200 4.608717
548 200 5.506729
550 200 5.475320
552 200 5.412683
567 200 4.054736
564 200 4.229647
562 200 4.451839
563 200 4.615733
569 200 3.452466
568 200 3.456835
560 200 4.924600
566 200 4.597277
556 200 6.568945
573 200 4.176617
565 200 6.210386
561 200 6.496882
571 200 4.785957
575 200 4.315743
570 200 4.834653
572 200 4.873089
576 200 4.409323
579 200 4.265107
577 200 5.377711
578 200 5.169975
574 200 5.741928
584 200 4.021457
580 200 5.232138
588 200 4.026087
581 200 5.365143
590 200 3.971276
583 200 4.512607
586 200 4.345623
587 200 4.551195
582 200 5.619999
585 200 4.785731
592 200 3.547143
589 200 4.962388
591 200 4.961857
594 200 4.274929
599 200 3.984970
593 200 4.594864
598 200 4.430753
596 200 4.939802
601 200 3.804404
597 200 6.046751
607 200 4.111794
600 200 5.862047
603 200 4.952309
606 200 4.957294
615 200 4.180035
616 200 4.110400
609 200 5.100686
611 200 4.828126
602 200 5.987540
613 200 4.828421
612 200 4.829574
619 200 2.992103
605 200 5.742155
595 000 8.001482
610 200 5.957338
618 200 4.075659
624 200 2.150822
608 200 6.056290
604 200 6.549221
614 200 5.148315
620 200 4.283871
617 200 5.427399
621 200 4.607505
625 200 3.674016
622 200 5.179000
626 200 4.561042
623 200 5.352338
636 200 3.944673
627 200 4.696689
631 200 4.650811
643 200 4.246666
641 200 4.333058
629 200 5.814738
637 200 5.343652
632 200 5.928974
640 200 5.063091
633 200 6.051575
639 200 5.162859
628 200 6.117810
635 200 6.099997
642 200 5.162051
644 200 5.247148
638 200 5.863601
645 200 4.730971
646 200 4.737548
648 200 4.630398
630 000 8.001820
634 000 8.001327
649 200 4.599052
647 200 5.562521
652 200 4.016475
653 200 3.758280
650 200 4.398455
651 200 4.332952
655 200 3.954946
654 200 4.044729
657 200 3.664466
663 200 3.828497
658 200 4.267132
656 200 4.384194
664 200 4.338162
660 200 4.411095
662 200 4.348416
665 200 3.850804
659 200 4.641832
667 200 4.521595
666 200 4.660798
668 200 5.274575
669 200 4.577451
671 200 4.294214
672 200 4.465069
677 200 4.623332
676 200 4.727212
670 200 5.286290
674 200 5.044179
673 200 5.696826
675 200 5.489364
661 000 8.001145
678 200 4.816558
680 200 4.477161
682 200 3.914227
681 200 4.329254
684 200 3.822702
685 200 3.814773
683 200 4.448792
679 200 5.399664
686 200 4.258413
688 200 4.760559
689 200 3.992731
690 200 3.998428
694 200 2.785819
692 200 3.183159
687 200 4.819151
698 200 3.648244
699 200 3.184874
691 200 4.995080
693 200 4.920242
697 200 4.094689
696 200 5.394024
707 200 4.334947
695 200 5.461008
700 200 4.717275
702 200 4.828428
709 200 4.346105
705 200 4.718484
704 200 5.580816
706 200 5.413607
708 200 5.145589
701 200 5.818121
718 200 2.838419
710 200 5.249027
716 200 4.584479
703 200 6.119445
719 200 3.758826
711 200 5.740191
717 200 4.100829
712 200 5.822515
713 200 5.934564
714 200 5.987942
715 200 5.987421
721 200 4.137825
720 200 5.411457
722 200 4.270611
723 200 4.274383
728 200 4.772677
725 200 5.152393
731 200 3.979099
730 200 4.074860
727 200 4.801229
726 200 4.941901
733 200 3.929611
724 200 5.254784
734 200 3.896591
739 200 3.640207
732 200 5.186216
729 200 5.414874
735 200 5.226977
736 200 5.102888
744 200 4.567346
738 200 5.037108
743 200 4.799415
741 200 5.300170
740 200 5.414694
745 200 4.186066
742 200 6.023393
737 200 6.551076
756 200 3.586076
752 200 3.661218
746 200 4.639611
747 200 4.571461
749 200 4.264327
753 200 4.203199
754 200 4.874293
748 200 5.018420
751 200 5.063753
750 200 5.262116
755 200 5.162358
757 200 4.499973
759 200 5.150068
766 200 4.011795
764 200 4.459442
763 200 4.475538
767 200 3.816705
762 200 4.769280
760 200 5.867252
761 200 5.777801
758 200 6.078017
770 200 4.066898
772 200 4.169833
768 200 4.436684
771 200 4.438591
773 200 4.539747
765 200 5.463321
769 200 4.632056
778 200 4.295686
777 200 4.685234
776 200 4.745325
774 200 5.744670
775 200 5.772541
781 200 4.717894
779 200 4.942105
787 200 3.119836
786 200 3.794117
782 200 4.412058
785 200 4.047932
780 200 5.645667
789 200 3.608477
783 200 4.259896
784 200 4.620377
793 200 3.847340
788 200 4.847270
790 200 5.212314
791 200 4.819232
792 200 4.913156
794 200 4.866301
796 200 5.020853
795 200 5.094703
798 200 4.065262
799 200 3.724617
797 200 5.708513
808 200 3.397301
800 200 4.683742
802 200 4.353225
803 200 4.185391
804 200 4.184957
806 200 3.771225
801 200 4.443241
805 200 4.244841
813 200 3.366345
807 200 4.457974
810 200 4.463926
812 200 4.231220
809 200 4.803886
811 200 4.658276
818 200 3.255389
814 200 4.408533
816 200 4.081900
815 200 4.722272
817 200 4.567070
822 200 4.280115
821 200 4.584075
819 200 5.622254
824 200 4.641326
820 200 5.715503
826 200 4.658126
830 200 4.597862
829 200 4.692845
823 200 5.175575
828 200 4.801421
831 200 4.837117
825 200 5.561890
827 200 5.559249
833 200 4.813173
835 200 4.462379
834 200 4.822906
837 200 4.424098
838 200 3.949152
836 200 4.778669
832 200 5.537342
840 200 4.180905
841 200 3.800353
846 200 3.065989
844 200 4.083142
842 200 4.792988
839 200 5.584153
853 200 3.617204
843 200 5.200310
847 200 3.964325
845 200 4.058230
848 200 5.261385
857 200 4.747709
862 200 4.162656
865 200 3.024321
854 200 5.209319
849 200 6.109487
850 200 6.042532
856 200 5.116250
855 200 5.381387
860 200 5.645370
859 200 5.730226
858 200 6.253166
863 200 5.614894
868 200 4.797017
872 200 3.991572
871 200 3.993130
851 000 8.001099
852 000 8.001243
864 200 6.238249
870 200 4.480453
873 200 3.093313
861 200 6.965112
866 200 5.360801
869 200 4.910349
880 200 3.546624
884 200 3.004315
878 200 4.461537
877 200 4.482627
881 200 4.746305
867 000 8.001229
887 200 4.052940
886 200 4.182485
894 200 3.749540
892 200 3.831520
895 200 3.762683
891 200 3.893759
888 200 4.229952
889 200 4.039972
885 200 4.820578
890 200 4.082851
882 200 5.429797
897 200 3.012947
896 200 4.168080
900 200 2.502453
898 200 2.933150
899 200 2.856894
874 000 8.001720
875 000 8.001583
876 000 8.001472
879 000 8.001166
883 000 8.001000
893 000 8.001779
