first gadget 200 2.903538
first gadget 200 3.048871
first gadget 200 3.131968
first gadget 200 3.121175
first gadget 200 3.128668
first gadget 200 3.225786
first gadget 200 3.332383
first gadget 200 3.404677
first gadget 200 3.410553
first gadget 200 3.578829
first gadget 200 3.568258
first gadget 200 3.578503
first gadget 200 3.586134
first gadget 200 3.585487
first gadget 200 3.576264
first gadget 200 3.589395
first gadget 200 3.589855
first gadget 200 3.581714
first gadget 200 3.793042
first gadget 200 3.794574
first gadget 200 3.791728
first gadget 200 3.808041
first gadget 200 3.798300
first gadget 200 3.813869
first gadget 200 2.951041
first gadget 200 3.813768
first gadget 200 3.904584
first gadget 200 3.675906
first gadget 200 3.746423
first gadget 200 4.030991
first gadget 200 3.703821
first gadget 200 3.881915
first gadget 200 3.876216
first gadget 200 3.813587
first gadget 200 4.158868
first gadget 200 4.511138
first gadget 200 4.624055
first gadget 200 4.171050
first gadget 200 3.946193
first gadget 200 4.409467
first gadget 200 4.081961
first gadget 200 4.383700
first gadget 200 4.485516
first gadget 200 4.672726
first gadget 200 4.669988
first gadget 200 4.451121
first gadget 200 4.451700
first gadget 200 4.450838
first gadget 200 2.531071
first gadget 200 2.704407
first gadget 200 3.636110
first gadget 200 3.924637
first gadget 200 4.132066
first gadget 200 4.464504
first gadget 200 4.288829
first gadget 200 4.749384
first gadget 200 4.680879
first gadget 200 4.197740
first gadget 200 4.236405
first gadget 200 4.055035
first gadget 200 4.565627
first gadget 200 4.635630
first gadget 200 4.474721
first gadget 200 4.573771
first gadget 200 4.284370
first gadget 200 4.398725
first gadget 200 5.192901
first gadget 200 4.911252
first gadget 200 3.166810
first gadget 200 4.208892
first gadget 200 5.164221
first gadget 200 5.045873
first gadget 200 3.017976
first gadget 200 2.512629
first gadget 200 5.380943
first gadget 200 5.711550
first gadget 200 2.684852
first gadget 200 3.369035
first gadget 200 3.354600
first gadget 200 4.114982
first gadget 200 4.437104
first gadget 200 4.591636
first gadget 200 4.677694
first gadget 200 4.478822
first gadget 200 4.679521
first gadget 200 4.269100
first gadget 200 4.268343
first gadget 200 4.445261
first gadget 200 3.445022
first gadget 200 3.248837
first gadget 200 4.202040
first gadget 200 4.374549
first gadget 200 4.488964
first gadget 200 4.374632
first gadget 200 4.374760
first gadget 200 4.787216
first gadget 200 4.806487
first gadget 200 4.904611
first gadget 200 4.825292
first gadget 200 3.639485
first gadget 200 4.675269
first gadget 200 3.934689
first gadget 200 4.064934
first gadget 200 3.204581
first gadget 200 3.709372
first gadget 200 3.708654
first gadget 200 3.354078
first gadget 200 3.829392
first gadget 200 3.619511
first gadget 200 3.608268
first gadget 200 3.608820
first gadget 200 3.889308
first gadget 200 3.971968
first gadget 200 3.137261
first gadget 200 4.590842
first gadget 200 4.670469
first gadget 200 4.276922
first gadget 200 4.675483
first gadget 200 5.145335
first gadget 200 5.240727
first gadget 200 5.026085
first gadget 200 4.226234
first gadget 200 4.461898
first gadget 200 4.237961
first gadget 200 2.747162
first gadget 200 5.168837
first gadget 200 4.327282
first gadget 200 4.588311
first gadget 200 3.011472
first gadget 200 2.768933
first gadget 200 4.455736
first gadget 200 3.591914
first gadget 200 3.886247
first gadget 200 3.762883
first gadget 200 3.781021
first gadget 200 4.770289
first gadget 200 2.974425
first gadget 200 4.946850
first gadget 200 5.201601
first gadget 200 4.945223
first gadget 200 4.947000
first gadget 200 2.986540
first gadget 200 5.028361
first gadget 200 3.401280
first gadget 200 3.329858
first gadget 200 3.325794
first gadget 200 5.484698
first gadget 200 3.628113
first gadget 200 4.735821
first gadget 200 4.190590
first gadget 200 3.834263
first gadget 200 3.893452
first gadget 200 3.977897
first gadget 200 4.252143
first gadget 200 4.471781
first gadget 200 3.493796
first gadget 200 3.617386
first gadget 200 4.284325
first gadget 200 3.853420
first gadget 200 4.385931
first gadget 200 4.149470
first gadget 200 3.584325
first gadget 200 3.779425
first gadget 200 3.942875
first gadget 200 3.796350
first gadget 200 4.405987
first gadget 200 5.006892
first gadget 200 5.262065
first gadget 200 4.632321
first gadget 200 5.262333
first gadget 200 4.631935
first gadget 200 4.978953
first gadget 200 3.834874
first gadget 200 4.098042
first gadget 200 3.253796
first gadget 200 4.673564
first gadget 200 4.936445
first gadget 200 3.729559
first gadget 200 4.505166
first gadget 200 4.505036
first gadget 200 4.155246
first gadget 200 3.972129
first gadget 200 4.491982
first gadget 200 4.951117
first gadget 200 4.952277
first gadget 200 4.868206
first gadget 200 3.395401
first gadget 200 3.397745
first gadget 200 4.574842
first gadget 200 3.019643
first gadget 200 4.376076
first gadget 200 4.378596
first gadget 200 4.938488
first gadget 200 5.430434
first gadget 200 5.791181
first gadget 200 5.183168
first gadget 200 5.091665
first gadget 200 4.891195
first gadget 200 4.890269
first gadget 200 3.199644
first gadget 200 5.753806
first gadget 200 3.772009
first gadget 200 4.688816
first gadget 200 5.029103
first gadget 200 5.090404
first gadget 200 3.709434
first gadget 200 5.131751
first gadget 200 5.232156
first gadget 200 5.582767
first gadget 200 5.510783
first gadget 200 5.142791
first gadget 200 5.102057
first gadget 200 4.631673
first gadget 200 4.637435
first gadget 200 4.578467
first gadget 200 4.670996
first gadget 200 4.401798
first gadget 200 4.526016
first gadget 200 5.087307
first gadget 200 4.655554
first gadget 200 4.474052
first gadget 200 3.406065
first gadget 200 4.571301
first gadget 200 4.571550
first gadget 200 4.572552
first gadget 200 3.692822
first gadget 200 3.606766
first gadget 200 4.643589
first gadget 200 4.050300
first gadget 200 4.276890
first gadget 200 3.976316
first gadget 200 4.096487
first gadget 200 4.551940
first gadget 200 4.138033
first gadget 200 3.750290
first gadget 200 4.261872
first gadget 200 3.437492
first gadget 200 3.475437
first gadget 200 4.652592
first gadget 200 4.652966
first gadget 200 4.516751
first gadget 200 5.713549
first gadget 200 4.995878
first gadget 200 4.955267
first gadget 200 4.741396
first gadget 200 4.972597
first gadget 200 4.486404
first gadget 200 4.370951
first gadget 200 5.049820
first gadget 200 5.047984
first gadget 200 5.374415
first gadget 200 4.798386
first gadget 200 2.967195
first gadget 200 4.094086
first gadget 200 4.940503
first gadget 200 5.208160
first gadget 200 4.089777
first gadget 200 5.121402
first gadget 200 5.125576
first gadget 200 4.226289
first gadget 200 4.235577
first gadget 200 4.022026
first gadget 200 5.168251
first gadget 200 5.311374
first gadget 200 4.836900
first gadget 200 4.415455
first gadget 200 4.472302
first gadget 200 3.394307
first gadget 200 4.061367
first gadget 200 4.611103
first gadget 200 4.845507
first gadget 200 4.463451
first gadget 200 4.381945
first gadget 200 4.551323
first gadget 200 4.553070
first gadget 200 4.552563
first gadget 200 4.937890
first gadget 200 4.564929
first gadget 200 3.876149
first gadget 200 3.277611
first gadget 200 3.443866
first gadget 200 4.210341
first gadget 200 4.185901
first gadget 200 3.657268
first gadget 200 5.248475
first gadget 200 4.976073
first gadget 200 3.664680
first gadget 200 4.763371
first gadget 200 4.765974
first gadget 200 4.977208
first gadget 200 5.145834
first gadget 200 5.828029
first gadget 200 5.438351
first gadget 200 5.454290
first gadget 200 4.021969
first gadget 200 5.039483
first gadget 200 4.870337
first gadget 200 4.159440
first gadget 200 3.480010
first gadget 200 5.255158
first gadget 200 5.505655
first gadget 200 4.873270
first gadget 200 5.506113
first gadget 200 5.352186
first gadget 200 4.891375
first gadget 200 4.626685
first gadget 200 4.990331
first gadget 200 3.543878
first gadget 200 3.331680
first gadget 200 3.334339
first gadget 200 4.192588
first gadget 200 3.174410
first gadget 200 5.882644
first gadget 200 3.476092
first gadget 200 6.179376
first gadget 200 4.837247
first gadget 200 5.130686
first gadget 200 4.568484
first gadget 200 4.451107
first gadget 200 4.919378
first gadget 200 5.132198
first gadget 200 5.495428
first gadget 200 6.193661
first gadget 200 5.789012
first gadget 200 5.790100
first gadget 200 5.117790
first gadget 200 4.193881
first gadget 200 3.839345
first gadget 200 5.739087
first gadget 200 5.106683
first gadget 200 4.234522
first gadget 200 4.385545
first gadget 200 6.068468
first gadget 200 5.972533
first gadget 200 4.486208
first gadget 200 3.742907
first gadget 200 3.776709
first gadget 200 3.491004
first gadget 200 3.787896
first gadget 200 4.480806
first gadget 200 4.070375
first gadget 200 4.446471
first gadget 200 4.448039
first gadget 200 4.449241
first gadget 200 3.826952
first gadget 200 3.557578
first gadget 200 4.023889
first gadget 200 4.867207
first gadget 200 4.209867
first gadget 200 2.578529
first gadget 200 3.173266
first gadget 200 5.572063
first gadget 200 5.572435
first gadget 200 4.701956
first gadget 200 5.572270
first gadget 200 5.059682
first gadget 200 5.060078
first gadget 200 4.853602
first gadget 200 3.163346
first gadget 200 5.261007
first gadget 200 4.669845
first gadget 200 5.522389
first gadget 200 4.156545
first gadget 200 3.384966
first gadget 200 3.384463
first gadget 200 4.960297
first gadget 200 4.910702
first gadget 200 3.624723
first gadget 200 4.834754
first gadget 200 4.988390
first gadget 200 4.989186
first gadget 200 5.239890
first gadget 200 4.544679
first gadget 200 5.064355
first gadget 200 3.810560
first gadget 200 3.808836
first gadget 200 5.454354
first gadget 200 4.361558
first gadget 200 4.363537
first gadget 200 4.174303
first gadget 200 3.184623
first gadget 200 4.224112
first gadget 200 3.962759
first gadget 200 4.966543
first gadget 200 5.702021
first gadget 200 5.700210
first gadget 200 2.728861
first gadget 200 3.184846
first gadget 200 3.273748
first gadget 200 5.191497
first gadget 200 4.085942
first gadget 200 6.195901
first gadget 200 6.197024
first gadget 200 5.271915
first gadget 200 4.780991
first gadget 200 5.444866
first gadget 200 4.934851
first gadget 200 5.046318
first gadget 200 4.656067
first gadget 200 4.934937
first gadget 200 5.046588
first gadget 200 4.940996
first gadget 200 4.677209
first gadget 200 4.677502
first gadget 200 5.183998
first gadget 200 3.686198
first gadget 200 3.687003
first gadget 200 5.435587
first gadget 200 4.982308
first gadget 200 2.383894
first gadget 200 5.490407
first gadget 200 4.732471
first gadget 200 5.205148
first gadget 200 4.879485
first gadget 200 4.806270
first gadget 200 3.512406
first gadget 200 4.884275
first gadget 200 3.998934
first gadget 200 4.263243
first gadget 200 4.263271
first gadget 200 4.175248
first gadget 200 3.531428
first gadget 200 3.130933
first gadget 200 4.687656
first gadget 200 4.420835
first gadget 200 5.117076
first gadget 200 4.563379
first gadget 200 5.585804
first gadget 200 4.394835
first gadget 200 5.047455
first gadget 200 5.607163
first gadget 200 4.350672
first gadget 200 3.991362
first gadget 200 6.270845
first gadget 200 6.017593
first gadget 200 5.385838
first gadget 200 4.911802
first gadget 200 6.194509
first gadget 200 4.914433
first gadget 200 5.460713
first gadget 200 3.344099
first gadget 200 3.272629
first gadget 200 3.942247
first gadget 200 4.291342
first gadget 200 5.348509
first gadget 200 4.801362
first gadget 200 3.724636
first gadget 200 5.266808
first gadget 200 5.440760
first gadget 200 5.864515
first gadget 200 4.808598
first gadget 200 4.744984
first gadget 200 5.344048
first gadget 200 4.072159
first gadget 200 4.182267
first gadget 200 5.330543
first gadget 200 4.746382
first gadget 200 4.196646
first gadget 200 4.199971
first gadget 200 4.620369
first gadget 200 4.197241
first gadget 200 4.243325
first gadget 200 4.913034
first gadget 200 4.744482
first gadget 200 4.414073
first gadget 200 4.520944
first gadget 200 3.785124
first gadget 200 3.847153
first gadget 200 3.384502
first gadget 200 3.677571
first gadget 200 3.022639
first gadget 200 4.256557
first gadget 200 3.310341
first gadget 200 4.419228
first gadget 200 4.732037
first gadget 200 3.988680
first gadget 200 3.941607
first gadget 200 4.898451
first gadget 200 4.314094
first gadget 200 4.784231
first gadget 200 4.785246
first gadget 200 4.898140
first gadget 200 4.722593
first gadget 200 4.512625
first gadget 200 4.634835
first gadget 200 5.570168
first gadget 200 5.226722
first gadget 200 4.567785
first gadget 200 5.774007
first gadget 200 4.945078
first gadget 200 4.884232
first gadget 200 4.884243
first gadget 200 6.567600
first gadget 200 6.549098
first gadget 200 5.456094
first gadget 200 5.428743
first gadget 200 5.456189
first gadget 200 4.809478
first gadget 200 4.749869
first gadget 200 4.403599
first gadget 200 4.389087
first gadget 200 5.068139
first gadget 200 5.068098
first gadget 200 4.984284
first gadget 200 4.985591
first gadget 200 4.984607
first gadget 200 4.593216
first gadget 200 5.248790
first gadget 200 4.850802
first gadget 200 5.074096
first gadget 200 4.530413
first gadget 200 4.213913
first gadget 200 4.794144
first gadget 200 4.844164
first gadget 200 4.627001
first gadget 200 4.944612
first gadget 200 4.341679
first gadget 200 4.341689
first gadget 200 3.140201
first gadget 200 5.153781
first gadget 200 5.154698
first gadget 200 5.154730
first gadget 200 4.527110
first gadget 200 5.351447
first gadget 200 4.720062
first gadget 200 4.365457
first gadget 200 4.576189
first gadget 200 4.578792
first gadget 200 4.515306
first gadget 200 5.063042
first gadget 200 5.063222
first gadget 200 4.429381
first gadget 200 4.867403
first gadget 200 3.147016
first gadget 200 3.531448
first gadget 200 4.838062
first gadget 200 5.438370
first gadget 200 5.223705
first gadget 200 5.447334
first gadget 200 4.809255
first gadget 200 4.809481
first gadget 200 4.637492
first gadget 200 5.820248
first gadget 200 4.055632
first gadget 200 4.286094
first gadget 200 5.624903
first gadget 200 3.492863
first gadget 200 3.804292
first gadget 200 4.821076
first gadget 200 4.309061
first gadget 200 3.661549
first gadget 200 4.364756
first gadget 200 4.162855
first gadget 200 4.253916
first gadget 200 3.844369
first gadget 200 2.150099
first gadget 200 4.006862
first gadget 200 3.954574
first gadget 200 5.176891
first gadget 200 4.379266
first gadget 200 4.453712
first gadget 200 5.288456
first gadget 200 4.803618
first gadget 200 5.134639
first gadget 200 4.654580
first gadget 200 4.653398
first gadget 200 4.654083
first gadget 200 3.615891
first gadget 200 4.992207
first gadget 200 4.597530
first gadget 200 4.829519
first gadget 200 4.599373
first gadget 200 4.444728
first gadget 200 4.287223
first gadget 200 5.017384
first gadget 200 4.893383
first gadget 200 4.501629
first gadget 200 5.188681
first gadget 200 4.681141
first gadget 200 4.164527
first gadget 200 4.437420
first gadget 200 5.045372
first gadget 200 4.164202
first gadget 200 4.165757
first gadget 200 4.962642
first gadget 200 3.487294
first gadget 200 3.489298
first gadget 200 5.655078
first gadget 200 4.811395
first gadget 200 4.888606
first gadget 200 4.454044
first gadget 200 5.666186
first gadget 200 5.241486
first gadget 200 3.924564
first gadget 200 5.509870
first gadget 200 4.821119
first gadget 200 4.985925
first gadget 200 4.182564
first gadget 200 3.907150
first gadget 200 5.499357
first gadget 200 4.376598
first gadget 200 4.190443
first gadget 200 4.443727
first gadget 200 5.079150
first gadget 200 4.921556
first gadget 200 5.551383
first gadget 200 5.055223
first gadget 200 5.311410
first gadget 200 5.310871
first gadget 200 5.312860
first gadget 200 4.741676
first gadget 200 4.898600
first gadget 200 4.899584
first gadget 200 5.723052
first gadget 200 4.937954
first gadget 200 5.239865
first gadget 200 5.087141
first gadget 200 4.665099
first gadget 200 4.578526
first gadget 200 5.036224
first gadget 200 4.706890
first gadget 200 5.569611
first gadget 200 6.071751
first gadget 200 5.010716
first gadget 200 5.654483
first gadget 200 5.261408
first gadget 200 4.613153
first gadget 200 4.612761
first gadget 200 4.999916
first gadget 200 5.110532
first gadget 200 4.699421
first gadget 200 6.555913
first gadget 200 5.452861
first gadget 200 5.451983
first gadget 200 5.688599
first gadget 200 5.912186
first gadget 200 5.538035
first gadget 200 5.536996
first gadget 200 5.166469
first gadget 200 5.773126
first gadget 200 5.491695
first gadget 200 5.655413
first gadget 200 5.880520
first gadget 200 4.873214
first gadget 200 5.228311
first gadget 200 5.229089
first gadget 200 4.968546
first gadget 200 4.015037
first gadget 200 4.083280
first gadget 200 3.973770
first gadget 200 4.497942
first gadget 200 4.290368
first gadget 200 4.337601
first gadget 200 3.525319
first gadget 200 3.676153
first gadget 200 4.896956
first gadget 200 3.850083
first gadget 200 4.010526
first gadget 200 3.948399
first gadget 200 5.022384
first gadget 200 2.901300
first gadget 200 4.692335
first gadget 200 4.609330
first gadget 200 4.609219
first gadget 200 4.431112
first gadget 200 4.810045
first gadget 200 4.515843
first gadget 200 4.261863
first gadget 200 3.115248
first gadget 200 4.263508
first gadget 200 4.619076
first gadget 200 4.263711
first gadget 200 3.580441
first gadget 200 3.782514
first gadget 200 3.466312
first gadget 200 4.690740
first gadget 200 4.452483
first gadget 200 4.715784
first gadget 200 5.344642
first gadget 200 5.079950
first gadget 200 4.783389
first gadget 200 4.971438
first gadget 200 4.912668
first gadget 200 4.407041
first gadget 200 4.474294
first gadget 200 5.515973
first gadget 200 4.694439
first gadget 200 4.989200
first gadget 200 4.400205
first gadget 200 5.540353
first gadget 200 5.984060
first gadget 200 5.984132
first gadget 200 5.868867
first gadget 200 3.562573
first gadget 200 3.549232
first gadget 200 4.896550
first gadget 200 6.073697
first gadget 200 6.014815
first gadget 200 6.014222
first gadget 200 3.000853
first gadget 200 5.265428
first gadget 200 5.424602
first gadget 200 5.579452
first gadget 200 5.610020
first gadget 200 5.767776
first gadget 200 5.346388
first gadget 200 4.976775
first gadget 200 4.586423
first gadget 200 5.722351
first gadget 200 4.444623
first gadget 200 3.816834
first gadget 200 3.462066
first gadget 200 4.270920
first gadget 200 3.571117
first gadget 200 5.505152
first gadget 200 4.900897
first gadget 200 4.350295
first gadget 200 5.783111
first gadget 200 4.272350
first gadget 200 3.860977
first gadget 200 3.480312
first gadget 200 3.825833
first gadget 200 4.296838
first gadget 200 4.228937
first gadget 200 4.846995
first gadget 200 5.024039
first gadget 200 5.024119
first gadget 200 4.682811
first gadget 200 4.682925
first gadget 200 4.262143
first gadget 200 4.262273
first gadget 200 4.264157
first gadget 200 4.466829
first gadget 200 5.151431
first gadget 200 5.152729
first gadget 200 5.446403
first gadget 200 3.558079
first gadget 200 5.157608
first gadget 200 4.701080
first gadget 200 4.971130
first gadget 200 4.433615
first gadget 200 4.575060
first gadget 200 5.650086
first gadget 200 6.105850
first gadget 200 5.645858
first gadget 200 5.455836
first gadget 200 6.148830
first gadget 200 5.458367
first gadget 200 3.449741
first gadget 200 3.690749
first gadget 200 3.627248
first gadget 200 4.605095
first gadget 200 4.763119
first gadget 200 3.974540
first gadget 200 4.249680
first gadget 200 3.809472
first gadget 200 5.220626
first gadget 200 3.747275
first gadget 200 4.455988
first gadget 200 4.387589
first gadget 200 3.437190
first gadget 200 4.562298
first gadget 200 3.625223
first gadget 200 3.626076
first gadget 200 5.133405
first gadget 200 4.708879
first gadget 200 5.134564
first gadget 200 4.021768
first gadget 200 3.959477
first gadget 200 3.955555
first gadget 200 3.965617
first gadget 200 2.970471
first gadget 200 5.160262
first gadget 200 4.255134
first gadget 200 3.296360
first gadget 200 3.747924
first gadget 200 4.000915
first gadget 200 4.339159
first gadget 200 4.352800
first gadget 200 4.171678
first gadget 200 4.171735
first gadget 200 4.379435
first gadget 200 4.292754
first gadget 200 4.292854
first gadget 200 4.614548
first gadget 200 5.011241
first gadget 200 4.428943
first gadget 200 4.293216
first gadget 200 4.285065
first gadget 200 5.203336
first gadget 200 5.233582
first gadget 200 4.902702
first gadget 200 4.929980
first gadget 200 5.219912
first gadget 200 4.835008
first gadget 200 5.608203
first gadget 200 6.365455
first gadget 200 3.504759
first gadget 200 5.628212
first gadget 200 6.084060
first gadget 200 5.519693
first gadget 200 3.895034
first gadget 200 3.893325
first gadget 200 3.760018
first gadget 200 5.292693
first gadget 200 4.998202
first gadget 200 4.800268
first gadget 200 4.580730
first gadget 200 5.665150
first gadget 200 4.661751
first gadget 200 4.803494
first gadget 200 5.927176
first gadget 200 5.120825
first gadget 200 5.337010
first gadget 200 4.915939
first gadget 200 5.111357
first gadget 200 5.209754
first gadget 200 4.328997
first gadget 200 3.446946
first gadget 200 4.162543
first gadget 200 4.257182
first gadget 200 5.085246
first gadget 200 4.874357
first gadget 200 4.215733
first gadget 200 5.306722
first gadget 200 4.786242
first gadget 200 4.685480
first gadget 200 4.295477
first gadget 200 4.130332
first gadget 200 3.992500
first gadget 200 4.490365
first gadget 200 4.898042
first gadget 200 5.338680
first gadget 200 5.597497
first gadget 200 5.339514
first gadget 200 5.444882
first gadget 200 3.442012
first gadget 200 4.924962
first gadget 200 4.771238
first gadget 200 5.001010
first gadget 200 3.587759
first gadget 200 4.808211
first gadget 200 3.636780
first gadget 200 4.216691
first gadget 200 4.269722
first gadget 200 4.713910
first gadget 200 4.217963
first gadget 200 3.941981
first gadget 200 3.659538
first gadget 200 4.022303
first gadget 200 4.209008
first gadget 200 4.538208
first gadget 200 3.677869
first gadget 200 3.930251
first gadget 200 4.437545
first gadget 200 4.723297
first gadget 200 4.505536
first gadget 200 4.043968
first gadget 200 4.939632
first gadget 200 4.939901
first gadget 200 4.529835
first gadget 200 3.685504
first gadget 200 3.387801
first gadget 200 3.410677
first gadget 200 4.634484
first gadget 200 4.492720
first gadget 200 4.635385
first gadget 200 5.593633
first gadget 200 4.196420
first gadget 200 4.258068
first gadget 200 4.304225
first gadget 200 4.388938
first gadget 200 4.388518
first gadget 200 4.308296
first gadget 200 3.987108
first gadget 200 5.506850
first gadget 200 5.508023
first gadget 200 5.496793
first gadget 200 3.246310
first gadget 200 5.468674
first gadget 200 4.849751
first gadget 200 3.556750
first gadget 200 3.417149
first gadget 200 3.598005
first gadget 200 5.914928
first gadget 200 4.244819
first gadget 200 3.978744
first gadget 200 4.985860
first gadget 200 5.696968
first gadget 000 120.001911
first gadget 000 120.001299
first gadget 000 120.000979
first gadget 000 120.000647
first gadget 000 120.001848
first gadget 000 120.001591
first gadget 000 120.001678
first gadget 000 120.001149
first gadget 000 120.001698
first gadget 000 120.001760
first gadget 000 120.001629
