1790782880 0 {"n":1} 200 0.625843
1790782881 1 {"n":1} 200 0.588530
1790782881 2 {"n":1} 200 0.698635
1790782882 3 {"n":1} 200 0.485488
1790782882 4 {"n":1} 200 0.582326
1790782883 5 {"n":1} 200 0.555966
1790782884 6 {"n":1} 200 0.798145
1790782884 7 {"n":1} 200 0.715730
1790782885 8 {"n":1} 200 0.786801
1790782886 9 {"n":1} 200 0.591367
1790782886 10 {"n":1} 200 0.646619
1790782887 11 {"n":1} 200 0.681262
1790782887 0 {"n":2} 200 0.104416
1790782887 1 {"n":2} 200 0.139775
1790782887 2 {"n":2} 200 0.097287
1790782888 3 {"n":2} 200 0.128661
1790782888 4 {"n":2} 200 0.098298
1790782888 5 {"n":2} 200 0.113526
1790782888 6 {"n":2} 200 0.095267
1790782888 7 {"n":2} 200 0.140781
1790782888 8 {"n":2} 200 0.088992
1790782888 9 {"n":2} 200 0.088058
1790782888 10 {"n":2} 200 0.080419
1790782888 11 {"n":2} 200 0.111274
1790782889 0 {"n":3} 200 0.113967
1790782889 1 {"n":3} 200 0.181331
1790782889 2 {"n":3} 200 0.189294
1790782889 3 {"n":3} 200 0.103753
1790782889 4 {"n":3} 200 0.180418
1790782889 5 {"n":3} 200 0.122458
1790782890 6 {"n":3} 200 0.164044
1790782890 7 {"n":3} 200 0.081560
1790782890 8 {"n":3} 200 0.128571
1790782890 9 {"n":3} 200 0.130855
1790782890 10 {"n":3} 200 0.154818
1790782890 11 {"n":3} 200 0.105680
1790782890 0 {"n":4} 200 0.171709
1790782890 1 {"n":4} 200 0.117079
1790782891 2 {"n":4} 200 0.159759
1790782891 3 {"n":4} 200 0.097542
1790782891 4 {"n":4} 200 0.111353
1790782891 5 {"n":4} 200 0.113510
1790782891 6 {"n":4} 200 0.084265
1790782891 7 {"n":4} 200 0.074219
1790782891 8 {"n":4} 200 0.083749
1790782891 9 {"n":4} 200 0.088349
1790782891 10 {"n":4} 200 0.084962
1790782891 11 {"n":4} 200 0.079736
1790782892 0 {"n":5} 200 0.155317
1790782892 1 {"n":5} 200 0.122449
1790782892 2 {"n":5} 200 0.142769
1790782892 3 {"n":5} 200 0.063625
1790782892 4 {"n":5} 200 0.092010
1790782892 5 {"n":5} 200 0.092117
1790782892 6 {"n":5} 200 0.104757
1790782892 7 {"n":5} 200 0.105396
1790782892 8 {"n":5} 200 0.058442
1790782893 9 {"n":5} 200 0.079015
1790782893 10 {"n":5} 200 0.088397
1790782893 11 {"n":5} 200 0.103505
1790782893 0 {"n":6} 200 0.081207
1790782893 1 {"n":6} 200 0.126988
1790782893 2 {"n":6} 200 0.079263
1790782893 3 {"n":6} 200 0.105503
1790782893 4 {"n":6} 200 0.088655
1790782893 5 {"n":6} 200 0.083712
1790782893 6 {"n":6} 200 0.085301
1790782894 7 {"n":6} 200 0.109937
1790782894 8 {"n":6} 200 0.066728
1790782894 9 {"n":6} 200 0.101103
1790782894 10 {"n":6} 200 0.185194
1790782894 11 {"n":6} 200 0.162847
1790782894 0 {"n":7} 200 0.141635
1790782894 1 {"n":7} 200 0.111656
1790782894 2 {"n":7} 200 0.092365
1790782895 3 {"n":7} 200 0.117503
1790782895 4 {"n":7} 200 0.094391
1790782895 5 {"n":7} 200 0.111156
1790782895 6 {"n":7} 200 0.103387
1790782895 7 {"n":7} 200 0.094003
1790782895 8 {"n":7} 200 0.066945
1790782895 9 {"n":7} 200 0.160013
1790782895 10 {"n":7} 200 0.105586
1790782895 11 {"n":7} 200 0.073151
1790782895 0 {"n":8} 200 0.069997
1790782896 1 {"n":8} 200 0.121695
1790782896 2 {"n":8} 200 0.106161
1790782896 3 {"n":8} 200 0.130349
1790782896 4 {"n":8} 200 0.096342
1790782896 5 {"n":8} 200 0.097314
1790782896 6 {"n":8} 200 0.087594
1790782896 7 {"n":8} 200 0.137294
1790782896 8 {"n":8} 200 0.112151
1790782896 9 {"n":8} 200 0.080158
1790782897 10 {"n":8} 200 0.088703
1790782897 11 {"n":8} 200 0.070158
1790782897 0 {"n":9} 200 0.061528
1790782897 1 {"n":9} 200 0.105520
1790782897 2 {"n":9} 200 0.070689
1790782897 3 {"n":9} 200 0.104833
1790782897 4 {"n":9} 200 0.111169
1790782897 5 {"n":9} 200 0.145034
1790782897 6 {"n":9} 200 0.082642
1790782897 7 {"n":9} 200 0.114549
1790782898 8 {"n":9} 200 0.096001
1790782898 9 {"n":9} 200 0.087303
1790782898 10 {"n":9} 200 0.104242
1790782898 11 {"n":9} 200 0.120402
1790782898 0 {"n":10} 200 0.104329
1790782898 1 {"n":10} 200 0.081439
1790782898 2 {"n":10} 200 0.081105
1790782898 3 {"n":10} 200 0.092373
1790782898 4 {"n":10} 200 0.077918
1790782898 5 {"n":10} 200 0.089128
1790782899 6 {"n":10} 200 0.130117
1790782899 7 {"n":10} 200 0.174543
1790782899 8 {"n":10} 200 0.094816
1790782899 9 {"n":10} 200 0.187593
1790782899 10 {"n":10} 200 0.104538
1790782899 11 {"n":10} 200 0.141501
1790782899 0 {"n":11} 200 0.176861
1790782900 1 {"n":11} 200 0.107932
1790782900 2 {"n":11} 200 0.085604
1790782900 3 {"n":11} 200 0.113246
1790782900 4 {"n":11} 200 0.111994
1790782900 5 {"n":11} 200 0.106547
1790782900 6 {"n":11} 200 0.138108
1790782900 7 {"n":11} 200 0.130522
1790782900 8 {"n":11} 200 0.105903
1790782901 9 {"n":11} 200 0.118346
1790782901 10 {"n":11} 200 0.106349
1790782901 11 {"n":11} 200 0.153013
1790782901 0 {"n":12} 200 0.103202
1790782901 1 {"n":12} 200 0.069616
1790782901 2 {"n":12} 200 0.116363
1790782901 3 {"n":12} 200 0.119414
1790782901 4 {"n":12} 200 0.119687
1790782901 5 {"n":12} 200 0.114594
1790782902 6 {"n":12} 200 0.134281
1790782902 7 {"n":12} 200 0.124639
1790782902 8 {"n":12} 200 0.130160
1790782902 9 {"n":12} 200 0.112966
1790782902 10 {"n":12} 200 0.114448
1790782902 11 {"n":12} 200 0.068618
1790782902 0 {"n":13} 200 0.080609
1790782902 1 {"n":13} 200 0.095855
1790782902 2 {"n":13} 200 0.099395
1790782903 3 {"n":13} 200 0.143228
1790782903 4 {"n":13} 200 0.057193
1790782903 5 {"n":13} 200 0.088933
1790782903 6 {"n":13} 200 0.110411
1790782903 7 {"n":13} 200 0.133603
1790782903 8 {"n":13} 200 0.096663
1790782903 9 {"n":13} 200 0.127560
1790782903 10 {"n":13} 200 0.092468
1790782903 11 {"n":13} 200 0.152562
1790782904 0 {"n":14} 200 0.098994
1790782904 1 {"n":14} 200 0.086502
1790782904 2 {"n":14} 200 0.089881
1790782904 3 {"n":14} 200 0.085534
1790782904 4 {"n":14} 200 0.088469
1790782904 5 {"n":14} 200 0.171052
1790782904 6 {"n":14} 200 0.235220
1790782905 7 {"n":14} 200 0.205431
1790782905 8 {"n":14} 200 0.133419
1790782905 9 {"n":14} 200 0.268054
1790782905 10 {"n":14} 200 0.088923
1790782906 11 {"n":14} 200 0.448725
1790782906 0 {"n":15} 200 0.968030
1790782907 1 {"n":15} 200 0.996628
1790782909 2 {"n":15} 200 1.098706
1790782909 3 {"n":15} 200 0.803637
1790782911 4 {"n":15} 200 1.188780
1790782912 5 {"n":15} 200 1.513156
1790782912 6 {"n":15} 200 0.108743
1790782912 7 {"n":15} 200 0.241459
1790782913 8 {"n":15} 200 0.122965
1790782914 9 {"n":15} 200 1.900390
1790782915 10 {"n":15} 200 0.112261
1790782915 11 {"n":15} 200 0.298285
1790782915 0 {"n":16} 200 0.077378
1790782915 1 {"n":16} 200 0.231929
1790782915 2 {"n":16} 200 0.088047
1790782915 3 {"n":16} 200 0.086633
1790782916 4 {"n":16} 200 0.095736
1790782916 5 {"n":16} 200 0.149142
1790782916 6 {"n":16} 200 0.087733
1790782916 7 {"n":16} 200 0.120743
1790782916 8 {"n":16} 200 0.130231
1790782916 9 {"n":16} 200 0.078187
1790782916 10 {"n":16} 200 0.086480
1790782916 11 {"n":16} 200 0.088985
1790782916 0 {"n":17} 200 0.186517
1790782917 1 {"n":17} 200 0.119789
1790782917 2 {"n":17} 200 0.112549
1790782917 3 {"n":17} 200 0.105325
1790782917 4 {"n":17} 200 0.086515
1790782917 5 {"n":17} 200 0.087022
1790782917 6 {"n":17} 200 0.097227
1790782917 7 {"n":17} 200 0.088912
1790782917 8 {"n":17} 200 0.094862
1790782917 9 {"n":17} 200 0.121994
1790782918 10 {"n":17} 200 0.119908
1790782918 11 {"n":17} 200 0.121549
1790782918 0 {"n":18} 200 0.121610
1790782918 1 {"n":18} 200 0.232846
1790782918 2 {"n":18} 200 0.221934
1790782918 3 {"n":18} 200 0.086258
1790782918 4 {"n":18} 200 0.124470
1790782919 5 {"n":18} 200 0.068186
1790782919 6 {"n":18} 200 0.084928
1790782919 7 {"n":18} 200 0.094311
1790782919 8 {"n":18} 200 0.114828
1790782919 9 {"n":18} 200 0.194458
1790782919 10 {"n":18} 200 0.129813
1790782919 11 {"n":18} 200 0.091189
1790782919 0 {"n":19} 200 0.187959
1790782920 1 {"n":19} 200 0.172905
1790782920 2 {"n":19} 200 0.094332
1790782920 3 {"n":19} 200 0.089429
1790782920 4 {"n":19} 200 0.127689
1790782920 5 {"n":19} 200 0.115379
1790782920 6 {"n":19} 200 0.119722
1790782920 7 {"n":19} 200 0.099178
1790782920 8 {"n":19} 200 0.105277
1790782921 9 {"n":19} 200 0.103255
1790782921 10 {"n":19} 200 0.107360
1790782921 11 {"n":19} 200 0.094381
1790782921 0 {"n":20} 200 0.130946
1790782921 1 {"n":20} 200 0.104389
1790782921 2 {"n":20} 200 0.114346
1790782921 3 {"n":20} 200 0.138159
1790782921 4 {"n":20} 200 0.114823
1790782921 5 {"n":20} 200 0.114017
1790782922 6 {"n":20} 200 0.129926
1790782922 7 {"n":20} 200 0.119093
1790782922 8 {"n":20} 200 0.113451
1790782922 9 {"n":20} 200 0.121209
1790782922 10 {"n":20} 200 0.113316
1790782922 11 {"n":20} 200 0.094084
1790782922 0 {"n":21} 200 0.133481
1790782922 1 {"n":21} 200 0.093818
1790782923 2 {"n":21} 200 0.111803
1790782923 3 {"n":21} 200 0.149722
1790782923 4 {"n":21} 200 0.287281
1790782923 5 {"n":21} 200 0.120193
1790782923 6 {"n":21} 200 0.104352
1790782923 7 {"n":21} 200 0.114902
1790782923 8 {"n":21} 200 0.096200
1790782924 9 {"n":21} 200 0.104289
1790782924 10 {"n":21} 200 0.073062
1790782924 11 {"n":21} 200 0.071334
1790782924 0 {"n":22} 200 0.086976
1790782924 1 {"n":22} 200 0.139615
1790782924 2 {"n":22} 200 0.096598
1790782924 3 {"n":22} 200 0.104782
1790782924 4 {"n":22} 200 0.088986
1790782924 5 {"n":22} 200 0.088698
1790782924 6 {"n":22} 200 0.114016
1790782925 7 {"n":22} 200 0.158870
1790782925 8 {"n":22} 200 0.299920
1790782925 9 {"n":22} 200 0.088057
1790782925 10 {"n":22} 200 0.154759
1790782925 11 {"n":22} 200 0.065784
1790782925 0 {"n":23} 200 0.170885
1790782925 1 {"n":23} 200 0.105313
1790782926 2 {"n":23} 200 0.104450
1790782926 3 {"n":23} 200 0.106328
1790782926 4 {"n":23} 200 0.104765
1790782926 5 {"n":23} 200 0.121220
1790782926 6 {"n":23} 200 0.096991
1790782926 7 {"n":23} 200 0.161445
1790782926 8 {"n":23} 200 0.122711
1790782926 9 {"n":23} 200 0.121454
1790782927 10 {"n":23} 200 0.114334
1790782927 11 {"n":23} 200 0.104680
1790782927 0 {"n":24} 200 0.113896
1790782927 1 {"n":24} 200 0.097012
1790782927 2 {"n":24} 200 0.097870
1790782927 3 {"n":24} 200 0.095285
1790782927 4 {"n":24} 200 0.113704
1790782927 5 {"n":24} 200 0.113868
1790782927 6 {"n":24} 200 0.121420
1790782928 7 {"n":24} 200 0.146679
1790782928 8 {"n":24} 200 0.095263
1790782928 9 {"n":24} 200 0.103557
1790782928 10 {"n":24} 200 0.089109
1790782928 11 {"n":24} 200 0.069332
1790782928 0 {"n":25} 200 0.063022
1790782928 1 {"n":25} 200 0.063091
1790782928 2 {"n":25} 200 0.080153
1790782928 3 {"n":25} 200 0.137724
1790782928 4 {"n":25} 200 0.097219
1790782929 5 {"n":25} 200 0.133531
1790782929 6 {"n":25} 200 0.118944
1790782929 7 {"n":25} 200 0.143021
1790782929 8 {"n":25} 200 0.117136
1790782929 9 {"n":25} 200 0.087572
1790782929 10 {"n":25} 200 0.097251
1790782929 11 {"n":25} 200 0.121399
1790782929 0 {"n":26} 200 0.142479
1790782930 1 {"n":26} 200 0.099662
1790782930 2 {"n":26} 200 0.157727
1790782930 3 {"n":26} 200 0.186976
1790782930 4 {"n":26} 200 0.126886
1790782930 5 {"n":26} 200 0.121550
1790782930 6 {"n":26} 200 0.088852
1790782930 7 {"n":26} 200 0.088685
1790782930 8 {"n":26} 200 0.104776
1790782931 9 {"n":26} 200 0.118702
1790782931 10 {"n":26} 200 0.117635
1790782931 11 {"n":26} 200 0.088148
1790782931 0 {"n":27} 200 0.101416
1790782931 1 {"n":27} 200 0.080223
1790782931 2 {"n":27} 200 0.109358
1790782931 3 {"n":27} 200 0.087901
1790782931 4 {"n":27} 200 0.097090
1790782931 5 {"n":27} 200 0.092952
1790782932 6 {"n":27} 200 0.184745
1790782932 7 {"n":27} 200 0.092225
1790782932 8 {"n":27} 200 0.117752
1790782932 9 {"n":27} 200 0.153298
1790782932 10 {"n":27} 200 0.119835
1790782932 11 {"n":27} 200 0.106367
1790782932 0 {"n":28} 200 0.112721
1790782932 1 {"n":28} 200 0.122690
1790782933 2 {"n":28} 200 0.154540
1790782933 3 {"n":28} 200 0.105691
1790782933 4 {"n":28} 200 0.088422
1790782933 5 {"n":28} 200 0.126716
1790782933 6 {"n":28} 200 0.074501
1790782933 7 {"n":28} 200 0.104958
1790782933 8 {"n":28} 200 0.079183
1790782933 9 {"n":28} 200 0.121768
1790782933 10 {"n":28} 200 0.122268
1790782933 11 {"n":28} 200 0.097601
1790782934 0 {"n":29} 200 0.079632
1790782934 1 {"n":29} 200 0.111973
1790782934 2 {"n":29} 200 0.126815
1790782934 3 {"n":29} 200 0.091967
1790782934 4 {"n":29} 200 0.093177
1790782934 5 {"n":29} 200 0.108239
1790782934 6 {"n":29} 200 0.169086
1790782934 7 {"n":29} 200 0.097110
1790782935 8 {"n":29} 200 0.099267
1790782935 9 {"n":29} 200 0.086751
1790782935 10 {"n":29} 200 0.140918
1790782935 11 {"n":29} 200 0.196181
1790782935 0 {"n":30} 200 0.126641
1790782935 1 {"n":30} 200 0.155777
1790782935 2 {"n":30} 200 0.122523
1790782935 3 {"n":30} 200 0.112761
1790782936 4 {"n":30} 200 0.099432
1790782936 5 {"n":30} 200 0.102660
1790782936 6 {"n":30} 200 0.121279
1790782936 7 {"n":30} 200 0.113811
1790782936 8 {"n":30} 200 0.097249
1790782936 9 {"n":30} 200 0.104861
1790782936 10 {"n":30} 200 0.105476
1790782936 11 {"n":30} 200 0.163539
1790782937 0 {"n":31} 200 0.112807
1790782937 1 {"n":31} 200 0.104893
1790782937 2 {"n":31} 200 0.167441
1790782937 3 {"n":31} 200 0.144465
1790782937 4 {"n":31} 200 0.106121
1790782937 5 {"n":31} 200 0.056205
1790782937 6 {"n":31} 200 0.064292
1790782937 7 {"n":31} 200 0.097074
1790782937 8 {"n":31} 200 0.086433
1790782937 9 {"n":31} 200 0.080512
1790782938 10 {"n":31} 200 0.089294
1790782938 11 {"n":31} 200 0.157378
1790782938 0 {"n":32} 200 0.105751
1790782938 1 {"n":32} 200 0.162605
1790782938 2 {"n":32} 200 0.097120
1790782938 3 {"n":32} 200 0.080448
1790782938 4 {"n":32} 200 0.089578
1790782938 5 {"n":32} 200 0.128817
1790782939 6 {"n":32} 200 0.103329
1790782939 7 {"n":32} 200 0.103204
1790782939 8 {"n":32} 200 0.089364
1790782939 9 {"n":32} 200 0.119108
1790782939 10 {"n":32} 200 0.112478
1790782939 11 {"n":32} 200 0.105569
1790782939 0 {"n":33} 200 0.104832
1790782939 1 {"n":33} 200 0.105695
1790782939 2 {"n":33} 200 0.079445
1790782939 3 {"n":33} 200 0.088275
1790782940 4 {"n":33} 200 0.070563
1790782940 5 {"n":33} 200 0.113502
1790782940 6 {"n":33} 200 0.122485
1790782940 7 {"n":33} 200 0.177550
1790782940 8 {"n":33} 200 0.163817
1790782940 9 {"n":33} 200 0.066125
1790782940 10 {"n":33} 200 0.087987
1790782940 11 {"n":33} 200 0.095025
1790782940 0 {"n":34} 200 0.114059
1790782941 1 {"n":34} 200 0.104821
1790782941 2 {"n":34} 200 0.090751
1790782941 3 {"n":34} 200 0.095845
1790782941 4 {"n":34} 200 0.082862
1790782941 5 {"n":34} 200 0.088058
1790782941 6 {"n":34} 200 0.105880
1790782941 7 {"n":34} 200 0.136405
1790782941 8 {"n":34} 200 0.107204
1790782941 9 {"n":34} 200 0.114036
1790782942 10 {"n":34} 200 0.105699
1790782942 11 {"n":34} 200 0.147007
1790782942 0 {"n":35} 200 0.095690
1790782942 1 {"n":35} 200 0.078914
1790782942 2 {"n":35} 200 0.234835
1790782942 3 {"n":35} 200 0.066993
1790782942 4 {"n":35} 200 0.271288
1790782943 5 {"n":35} 200 0.071427
1790782943 6 {"n":35} 200 0.088459
1790782943 7 {"n":35} 200 0.087083
1790782943 8 {"n":35} 200 0.150348
1790782943 9 {"n":35} 200 0.096483
1790782943 10 {"n":35} 200 0.087798
1790782943 11 {"n":35} 200 0.113732
1790782943 0 {"n":36} 200 0.118900
1790782943 1 {"n":36} 200 0.072700
1790782944 2 {"n":36} 200 0.112682
1790782944 3 {"n":36} 200 0.104320
1790782944 4 {"n":36} 200 0.088543
1790782944 5 {"n":36} 200 0.248178
1790782944 6 {"n":36} 200 0.346959
1790782945 7 {"n":36} 200 0.285784
1790782945 8 {"n":36} 200 0.082800
1790782945 9 {"n":36} 200 0.105955
1790782945 10 {"n":36} 200 0.094733
1790782945 11 {"n":36} 200 0.237919
1790782945 0 {"n":37} 200 0.187018
1790782945 1 {"n":37} 200 0.138818
1790782946 2 {"n":37} 200 0.110884
1790782946 3 {"n":37} 200 0.099275
1790782946 4 {"n":37} 200 0.106213
1790782946 5 {"n":37} 200 0.104227
1790782946 6 {"n":37} 200 0.105103
1790782946 7 {"n":37} 200 0.079745
1790782946 8 {"n":37} 200 0.288319
1790782947 9 {"n":37} 200 0.380125
1790782947 10 {"n":37} 200 0.300763
1790782947 11 {"n":37} 200 0.107251
1790782947 0 {"n":38} 200 0.087931
1790782947 1 {"n":38} 200 0.090429
1790782947 2 {"n":38} 200 0.109446
1790782948 3 {"n":38} 200 0.155557
1790782948 4 {"n":38} 200 0.134037
1790782948 5 {"n":38} 200 0.111926
1790782948 6 {"n":38} 200 0.149177
1790782948 7 {"n":38} 200 0.112206
1790782948 8 {"n":38} 200 0.130794
1790782948 9 {"n":38} 200 0.096583
1790782949 10 {"n":38} 200 0.114367
1790782949 11 {"n":38} 200 0.088235
