1790783460 0 {"n":1} 200 0.716466
1790783461 1 {"n":1} 200 0.654904
1790783461 2 {"n":1} 200 0.456794
1790783462 3 {"n":1} 200 0.722499
1790783463 4 {"n":1} 200 0.694766
1790783463 5 {"n":1} 200 0.665832
1790783464 6 {"n":1} 200 0.901295
1790783465 7 {"n":1} 200 1.090662
1790783466 8 {"n":1} 200 0.687801
1790783468 9 {"n":1} 200 2.193775
1790783470 10 {"n":1} 200 2.094717
1790783471 11 {"n":1} 200 0.652464
1790783471 0 {"n":2} 200 0.349981
1790783471 1 {"n":2} 200 0.192092
1790783471 2 {"n":2} 200 0.072933
1790783472 3 {"n":2} 200 0.090916
1790783472 4 {"n":2} 200 0.289492
1790783472 5 {"n":2} 200 0.079867
1790783472 6 {"n":2} 200 0.080553
1790783472 7 {"n":2} 200 0.088487
1790783472 8 {"n":2} 200 0.088967
1790783472 9 {"n":2} 200 0.154384
1790783473 10 {"n":2} 200 0.146260
1790783473 11 {"n":2} 200 0.129006
1790783473 0 {"n":3} 200 0.104453
1790783473 1 {"n":3} 200 0.098165
1790783473 2 {"n":3} 200 0.079554
1790783473 3 {"n":3} 200 0.111169
1790783473 4 {"n":3} 200 0.081148
1790783473 5 {"n":3} 200 0.098929
1790783473 6 {"n":3} 200 0.094709
1790783473 7 {"n":3} 200 0.125126
1790783474 8 {"n":3} 200 0.093580
1790783474 9 {"n":3} 200 0.086854
1790783474 10 {"n":3} 200 0.091338
1790783474 11 {"n":3} 200 0.094056
1790783474 0 {"n":4} 200 0.072236
1790783474 1 {"n":4} 200 0.099903
1790783474 2 {"n":4} 200 0.079304
1790783474 3 {"n":4} 200 0.095837
1790783474 4 {"n":4} 200 0.080522
1790783474 5 {"n":4} 200 0.107650
1790783475 6 {"n":4} 200 0.077695
1790783475 7 {"n":4} 200 0.080740
1790783475 8 {"n":4} 200 0.084314
1790783475 9 {"n":4} 200 0.083799
1790783475 10 {"n":4} 200 0.080955
1790783475 11 {"n":4} 200 0.078639
1790783475 0 {"n":5} 200 0.080224
1790783475 1 {"n":5} 200 0.114655
1790783475 2 {"n":5} 200 0.088230
1790783475 3 {"n":5} 200 0.088805
1790783475 4 {"n":5} 200 0.079963
1790783475 5 {"n":5} 200 0.089072
1790783476 6 {"n":5} 200 0.103890
1790783476 7 {"n":5} 200 0.124882
1790783476 8 {"n":5} 200 0.086299
1790783476 9 {"n":5} 200 0.087293
1790783476 10 {"n":5} 200 0.081909
1790783476 11 {"n":5} 200 0.091215
1790783476 0 {"n":6} 200 0.072929
1790783476 1 {"n":6} 200 0.083837
1790783476 2 {"n":6} 200 0.094800
1790783476 3 {"n":6} 200 0.089116
1790783477 4 {"n":6} 200 0.097749
1790783477 5 {"n":6} 200 0.100725
1790783477 6 {"n":6} 200 0.091786
1790783477 7 {"n":6} 200 0.076064
1790783477 8 {"n":6} 200 0.067986
1790783477 9 {"n":6} 200 0.064279
1790783477 10 {"n":6} 200 0.067998
1790783477 11 {"n":6} 200 0.100618
1790783477 0 {"n":7} 200 0.096680
1790783477 1 {"n":7} 200 0.156131
1790783478 2 {"n":7} 200 0.148189
1790783478 3 {"n":7} 200 0.075678
1790783478 4 {"n":7} 200 0.113854
1790783478 5 {"n":7} 200 0.075435
1790783478 6 {"n":7} 200 0.069411
1790783478 7 {"n":7} 200 0.068605
1790783478 8 {"n":7} 200 0.066013
1790783478 9 {"n":7} 200 0.073032
1790783478 10 {"n":7} 200 0.072252
1790783478 11 {"n":7} 200 0.071941
1790783478 0 {"n":8} 200 0.062138
1790783478 1 {"n":8} 200 0.067338
1790783479 2 {"n":8} 200 0.194140
1790783479 3 {"n":8} 200 0.051754
1790783479 4 {"n":8} 200 0.097196
1790783479 5 {"n":8} 200 0.129014
1790783479 6 {"n":8} 200 0.089043
1790783479 7 {"n":8} 200 0.104500
1790783479 8 {"n":8} 200 0.063230
1790783479 9 {"n":8} 200 0.098223
1790783479 10 {"n":8} 200 0.112916
1790783479 11 {"n":8} 200 0.089281
1790783480 0 {"n":9} 200 0.102340
1790783480 1 {"n":9} 200 0.091068
1790783480 2 {"n":9} 200 0.070654
1790783480 3 {"n":9} 200 0.085625
1790783480 4 {"n":9} 200 0.097133
1790783480 5 {"n":9} 200 0.105174
1790783480 6 {"n":9} 200 0.098233
1790783480 7 {"n":9} 200 0.116679
1790783480 8 {"n":9} 200 0.077724
1790783480 9 {"n":9} 200 0.077270
1790783481 10 {"n":9} 200 0.083037
1790783481 11 {"n":9} 200 0.113919
1790783481 0 {"n":10} 200 0.095200
1790783481 1 {"n":10} 200 0.087950
1790783481 2 {"n":10} 200 0.089094
1790783481 3 {"n":10} 200 0.095715
1790783481 4 {"n":10} 200 0.105305
1790783481 5 {"n":10} 200 0.114861
1790783481 6 {"n":10} 200 0.078855
1790783481 7 {"n":10} 200 0.130974
1790783482 8 {"n":10} 200 0.096411
1790783482 9 {"n":10} 200 0.064107
1790783482 10 {"n":10} 200 0.096570
1790783482 11 {"n":10} 200 0.131149
1790783482 0 {"n":11} 200 0.129780
1790783482 1 {"n":11} 200 0.087749
1790783482 2 {"n":11} 200 0.115182
1790783482 3 {"n":11} 200 0.121202
1790783482 4 {"n":11} 200 0.129175
1790783483 5 {"n":11} 200 0.139481
1790783483 6 {"n":11} 200 0.163239
1790783483 7 {"n":11} 200 0.055845
1790783483 8 {"n":11} 200 0.081736
1790783483 9 {"n":11} 200 0.067968
1790783483 10 {"n":11} 200 0.057171
1790783483 11 {"n":11} 200 0.215756
1790783483 0 {"n":12} 200 0.116010
1790783483 1 {"n":12} 200 0.058858
1790783484 2 {"n":12} 200 0.089630
1790783484 3 {"n":12} 200 0.271340
1790783484 4 {"n":12} 200 0.082311
1790783484 5 {"n":12} 200 0.105269
1790783484 6 {"n":12} 200 0.097233
1790783484 7 {"n":12} 200 0.115152
1790783484 8 {"n":12} 200 0.112699
1790783484 9 {"n":12} 200 0.133238
1790783485 10 {"n":12} 200 0.096315
1790783485 11 {"n":12} 200 0.151946
1790783485 0 {"n":13} 200 0.123509
1790783485 1 {"n":13} 200 0.082824
1790783485 2 {"n":13} 200 0.113451
1790783485 3 {"n":13} 200 0.090840
1790783485 4 {"n":13} 200 0.087219
1790783485 5 {"n":13} 200 0.096348
1790783485 6 {"n":13} 200 0.080754
1790783486 7 {"n":13} 200 0.080101
1790783486 8 {"n":13} 200 0.103940
1790783486 9 {"n":13} 200 0.098010
1790783486 10 {"n":13} 200 0.112624
1790783486 11 {"n":13} 200 0.080555
1790783486 0 {"n":14} 200 0.105750
1790783486 1 {"n":14} 200 0.096937
1790783486 2 {"n":14} 200 0.099385
1790783486 3 {"n":14} 200 0.101799
1790783486 4 {"n":14} 200 0.154075
1790783487 5 {"n":14} 200 0.055471
1790783487 6 {"n":14} 200 0.105424
1790783487 7 {"n":14} 200 0.054249
1790783487 8 {"n":14} 200 0.073298
1790783487 9 {"n":14} 200 0.055040
1790783487 10 {"n":14} 200 0.046568
1790783487 11 {"n":14} 200 0.047505
1790783487 0 {"n":15} 200 0.072400
1790783487 1 {"n":15} 200 0.072064
1790783487 2 {"n":15} 200 0.063053
1790783487 3 {"n":15} 200 0.087984
1790783487 4 {"n":15} 200 0.138197
1790783488 5 {"n":15} 200 0.155953
1790783488 6 {"n":15} 200 0.255624
1790783488 7 {"n":15} 200 0.162858
1790783488 8 {"n":15} 200 0.097321
1790783488 9 {"n":15} 200 0.072049
1790783488 10 {"n":15} 200 0.097240
1790783488 11 {"n":15} 200 0.147985
1790783489 0 {"n":16} 200 0.184423
1790783489 1 {"n":16} 200 0.106369
1790783489 2 {"n":16} 200 0.129063
1790783489 3 {"n":16} 200 0.144545
1790783489 4 {"n":16} 200 0.090141
1790783489 5 {"n":16} 200 0.090081
1790783489 6 {"n":16} 200 0.096166
1790783489 7 {"n":16} 200 0.087105
1790783490 8 {"n":16} 200 0.130232
1790783490 9 {"n":16} 200 0.087551
1790783490 10 {"n":16} 200 0.097639
1790783490 11 {"n":16} 200 0.091927
1790783490 0 {"n":17} 200 0.120364
1790783490 1 {"n":17} 200 0.127022
1790783490 2 {"n":17} 200 0.105808
1790783490 3 {"n":17} 200 0.062642
1790783490 4 {"n":17} 200 0.131225
1790783490 5 {"n":17} 200 0.133098
1790783491 6 {"n":17} 200 0.086581
1790783491 7 {"n":17} 200 0.088225
1790783491 8 {"n":17} 200 0.065667
1790783491 9 {"n":17} 200 0.153585
1790783491 10 {"n":17} 200 0.054648
1790783491 11 {"n":17} 200 0.064633
1790783491 0 {"n":18} 200 0.104103
1790783491 1 {"n":18} 200 0.094756
1790783491 2 {"n":18} 200 0.104288
1790783491 3 {"n":18} 200 0.064027
1790783492 4 {"n":18} 200 0.097747
1790783492 5 {"n":18} 200 0.154607
1790783492 6 {"n":18} 200 0.097323
1790783492 7 {"n":18} 200 0.105812
1790783492 8 {"n":18} 200 0.129540
1790783492 9 {"n":18} 200 0.089483
1790783492 10 {"n":18} 200 0.095525
1790783492 11 {"n":18} 200 0.120499
1790783492 0 {"n":19} 200 0.079772
1790783492 1 {"n":19} 200 0.054936
1790783493 2 {"n":19} 200 0.103051
1790783493 3 {"n":19} 200 0.071702
1790783493 4 {"n":19} 200 0.081094
1790783493 5 {"n":19} 200 0.187851
1790783493 6 {"n":19} 200 0.246405
1790783493 7 {"n":19} 200 0.113616
1790783493 8 {"n":19} 200 0.105857
1790783494 9 {"n":19} 200 0.113189
1790783494 10 {"n":19} 200 0.097363
1790783494 11 {"n":19} 200 0.063594
1790783494 0 {"n":20} 200 0.121649
1790783494 1 {"n":20} 200 0.114477
1790783494 2 {"n":20} 200 0.129120
1790783494 3 {"n":20} 200 0.088415
1790783494 4 {"n":20} 200 0.106593
1790783494 5 {"n":20} 200 0.122167
1790783494 6 {"n":20} 200 0.097286
1790783495 7 {"n":20} 200 0.088161
1790783495 8 {"n":20} 200 0.080497
1790783495 9 {"n":20} 200 0.072300
1790783495 10 {"n":20} 200 0.147985
1790783495 11 {"n":20} 200 0.063171
1790783495 0 {"n":21} 200 0.102431
1790783495 1 {"n":21} 200 0.082030
1790783495 2 {"n":21} 200 0.105183
1790783495 3 {"n":21} 200 0.094751
1790783495 4 {"n":21} 200 0.122698
1790783496 5 {"n":21} 200 0.124723
1790783496 6 {"n":21} 200 0.079047
1790783496 7 {"n":21} 200 0.093034
1790783496 8 {"n":21} 200 0.091297
1790783496 9 {"n":21} 200 0.055340
1790783496 10 {"n":21} 200 0.135847
1790783496 11 {"n":21} 200 0.104871
1790783496 0 {"n":22} 200 0.097007
1790783496 1 {"n":22} 200 0.090173
1790783496 2 {"n":22} 200 0.088981
1790783497 3 {"n":22} 200 0.070815
1790783497 4 {"n":22} 200 0.091971
1790783497 5 {"n":22} 200 0.103747
1790783497 6 {"n":22} 200 0.080800
1790783497 7 {"n":22} 200 0.063792
1790783497 8 {"n":22} 200 0.102664
1790783497 9 {"n":22} 200 0.074811
1790783497 10 {"n":22} 200 0.144226
1790783497 11 {"n":22} 200 0.063284
1790783497 0 {"n":23} 200 0.061637
1790783497 1 {"n":23} 200 0.059385
1790783498 2 {"n":23} 200 0.135966
1790783498 3 {"n":23} 200 0.085602
1790783498 4 {"n":23} 200 0.121623
1790783498 5 {"n":23} 200 0.160983
1790783498 6 {"n":23} 200 0.152270
1790783498 7 {"n":23} 200 0.083865
1790783498 8 {"n":23} 200 0.165800
1790783498 9 {"n":23} 200 0.122147
1790783499 10 {"n":23} 200 0.114152
1790783499 11 {"n":23} 200 0.138194
1790783499 0 {"n":24} 200 0.113874
1790783499 1 {"n":24} 200 0.104809
1790783499 2 {"n":24} 200 0.082036
1790783499 3 {"n":24} 200 0.103530
1790783499 4 {"n":24} 200 0.114144
1790783499 5 {"n":24} 200 0.136910
1790783500 6 {"n":24} 200 0.118779
1790783500 7 {"n":24} 200 0.106525
1790783500 8 {"n":24} 200 0.096170
1790783500 9 {"n":24} 200 0.072368
1790783500 10 {"n":24} 200 0.088854
1790783500 11 {"n":24} 200 0.078735
1790783500 0 {"n":25} 200 0.069984
1790783500 1 {"n":25} 200 0.077989
1790783500 2 {"n":25} 200 0.113126
1790783500 3 {"n":25} 200 0.083874
1790783500 4 {"n":25} 200 0.086894
1790783501 5 {"n":25} 200 0.090310
1790783501 6 {"n":25} 200 0.103748
1790783501 7 {"n":25} 200 0.071323
1790783501 8 {"n":25} 200 0.114936
1790783501 9 {"n":25} 200 0.097053
1790783501 10 {"n":25} 200 0.096505
1790783501 11 {"n":25} 200 0.072278
1790783501 0 {"n":26} 200 0.126551
1790783501 1 {"n":26} 200 0.106990
1790783501 2 {"n":26} 200 0.111985
1790783502 3 {"n":26} 200 0.168204
1790783502 4 {"n":26} 200 0.091001
1790783502 5 {"n":26} 200 0.096937
1790783502 6 {"n":26} 200 0.105680
1790783502 7 {"n":26} 200 0.113739
1790783502 8 {"n":26} 200 0.087926
1790783502 9 {"n":26} 200 0.098401
1790783502 10 {"n":26} 200 0.078750
1790783502 11 {"n":26} 200 0.079298
1790783503 0 {"n":27} 200 0.104694
1790783503 1 {"n":27} 200 0.135854
1790783503 2 {"n":27} 200 0.066389
1790783503 3 {"n":27} 200 0.072684
1790783503 4 {"n":27} 200 0.055712
1790783503 5 {"n":27} 200 0.054926
1790783503 6 {"n":27} 200 0.123637
1790783503 7 {"n":27} 200 0.173037
1790783503 8 {"n":27} 200 0.104525
1790783504 9 {"n":27} 200 0.133751
1790783504 10 {"n":27} 200 0.103928
1790783504 11 {"n":27} 200 0.145807
1790783504 0 {"n":28} 200 0.172675
1790783504 1 {"n":28} 200 0.130692
1790783504 2 {"n":28} 200 0.080915
1790783504 3 {"n":28} 200 0.112204
1790783504 4 {"n":28} 200 0.149915
1790783505 5 {"n":28} 200 0.141233
1790783505 6 {"n":28} 200 0.100425
1790783505 7 {"n":28} 200 0.089474
1790783505 8 {"n":28} 200 0.088454
1790783505 9 {"n":28} 200 0.088105
1790783505 10 {"n":28} 200 0.079202
1790783505 11 {"n":28} 200 0.119088
1790783505 0 {"n":29} 200 0.120350
1790783505 1 {"n":29} 200 0.065767
1790783505 2 {"n":29} 200 0.071679
1790783506 3 {"n":29} 200 0.102017
1790783506 4 {"n":29} 200 0.082903
1790783506 5 {"n":29} 200 0.079395
1790783506 6 {"n":29} 200 0.131189
1790783506 7 {"n":29} 200 0.096645
1790783506 8 {"n":29} 200 0.071930
1790783506 9 {"n":29} 200 0.079500
1790783506 10 {"n":29} 200 0.103873
1790783506 11 {"n":29} 200 0.155390
1790783506 0 {"n":30} 200 0.096518
1790783507 1 {"n":30} 200 0.071468
1790783507 2 {"n":30} 200 0.106045
1790783507 3 {"n":30} 200 0.097051
1790783507 4 {"n":30} 200 0.088321
1790783507 5 {"n":30} 200 0.087903
1790783507 6 {"n":30} 200 0.100480
1790783507 7 {"n":30} 200 0.115804
1790783507 8 {"n":30} 200 0.092357
1790783507 9 {"n":30} 200 0.108794
1790783507 10 {"n":30} 200 0.079615
1790783508 11 {"n":30} 200 0.138645
1790783508 0 {"n":31} 200 0.073178
1790783508 1 {"n":31} 200 0.083836
1790783508 2 {"n":31} 200 0.103498
1790783508 3 {"n":31} 200 0.095842
1790783508 4 {"n":31} 200 0.110793
1790783508 5 {"n":31} 200 0.168765
1790783508 6 {"n":31} 200 0.151149
1790783508 7 {"n":31} 200 0.063149
1790783509 8 {"n":31} 200 0.071974
1790783509 9 {"n":31} 200 0.136503
1790783509 10 {"n":31} 200 0.098168
1790783509 11 {"n":31} 200 0.105432
1790783509 0 {"n":32} 200 0.101427
1790783509 1 {"n":32} 200 0.096466
1790783509 2 {"n":32} 200 0.092303
1790783509 3 {"n":32} 200 0.093780
1790783509 4 {"n":32} 200 0.131791
1790783510 5 {"n":32} 200 0.096618
1790783510 6 {"n":32} 200 0.055139
1790783510 7 {"n":32} 200 0.096160
1790783510 8 {"n":32} 200 0.149825
1790783510 9 {"n":32} 200 0.079923
1790783510 10 {"n":32} 200 0.088372
1790783510 11 {"n":32} 200 0.113549
1790783510 0 {"n":33} 200 0.078246
1790783510 1 {"n":33} 200 0.088627
1790783510 2 {"n":33} 200 0.142668
1790783511 3 {"n":33} 200 0.135469
1790783511 4 {"n":33} 200 0.089193
1790783511 5 {"n":33} 200 0.119503
1790783511 6 {"n":33} 200 0.109513
1790783511 7 {"n":33} 200 0.143129
1790783511 8 {"n":33} 200 0.076327
1790783511 9 {"n":33} 200 0.100616
1790783511 10 {"n":33} 200 0.118284
1790783511 11 {"n":33} 200 0.093439
1790783512 0 {"n":34} 200 0.120317
1790783512 1 {"n":34} 200 0.096546
1790783512 2 {"n":34} 200 0.097175
1790783512 3 {"n":34} 200 0.088849
1790783512 4 {"n":34} 200 0.100960
1790783512 5 {"n":34} 200 0.104099
1790783512 6 {"n":34} 200 0.093094
1790783512 7 {"n":34} 200 0.092728
1790783512 8 {"n":34} 200 0.101332
1790783513 9 {"n":34} 200 0.108541
1790783513 10 {"n":34} 200 0.114640
1790783513 11 {"n":34} 200 0.104990
1790783513 0 {"n":35} 200 0.088615
1790783513 1 {"n":35} 200 0.090589
1790783513 2 {"n":35} 200 0.104653
1790783513 3 {"n":35} 200 0.085621
1790783513 4 {"n":35} 200 0.097109
1790783513 5 {"n":35} 200 0.153268
1790783514 6 {"n":35} 200 0.172025
1790783514 7 {"n":35} 200 0.130401
1790783514 8 {"n":35} 200 0.080210
1790783514 9 {"n":35} 200 0.087936
1790783514 10 {"n":35} 200 0.091638
1790783514 11 {"n":35} 200 0.085045
1790783514 0 {"n":36} 200 0.071565
1790783514 1 {"n":36} 200 0.075809
1790783514 2 {"n":36} 200 0.076375
1790783514 3 {"n":36} 200 0.080719
1790783514 4 {"n":36} 200 0.071877
1790783515 5 {"n":36} 200 0.122043
1790783515 6 {"n":36} 200 0.088340
1790783515 7 {"n":36} 200 0.072194
1790783515 8 {"n":36} 200 0.105713
1790783515 9 {"n":36} 200 0.071335
1790783515 10 {"n":36} 200 0.072037
1790783515 11 {"n":36} 200 0.105248
1790783515 0 {"n":37} 200 0.070830
1790783515 1 {"n":37} 200 0.074389
1790783515 2 {"n":37} 200 0.083975
1790783515 3 {"n":37} 200 0.055295
1790783515 4 {"n":37} 200 0.072129
1790783516 5 {"n":37} 200 0.080709
1790783516 6 {"n":37} 200 0.096445
1790783516 7 {"n":37} 200 0.053737
1790783516 8 {"n":37} 200 0.113410
1790783516 9 {"n":37} 200 0.081317
1790783516 10 {"n":37} 200 0.079303
1790783516 11 {"n":37} 200 0.096893
1790783516 0 {"n":38} 200 0.072587
1790783516 1 {"n":38} 200 0.080358
1790783516 2 {"n":38} 200 0.075772
1790783516 3 {"n":38} 200 0.084596
1790783516 4 {"n":38} 200 0.077584
1790783517 5 {"n":38} 200 0.087303
1790783517 6 {"n":38} 200 0.103973
1790783517 7 {"n":38} 200 0.084017
1790783517 8 {"n":38} 200 0.093686
1790783517 9 {"n":38} 200 0.071156
1790783517 10 {"n":38} 200 0.101434
1790783517 11 {"n":38} 200 0.093602
1790783517 0 {"n":39} 200 0.132028
1790783517 1 {"n":39} 200 0.073694
1790783517 2 {"n":39} 200 0.072709
1790783518 3 {"n":39} 200 0.080006
1790783518 4 {"n":39} 200 0.121649
1790783518 5 {"n":39} 200 0.078654
1790783518 6 {"n":39} 200 0.081349
1790783518 7 {"n":39} 200 0.164622
1790783518 8 {"n":39} 200 0.121528
1790783518 9 {"n":39} 200 0.071826
1790783518 10 {"n":39} 200 0.095000
1790783518 11 {"n":39} 200 0.096030
1790783519 0 {"n":40} 200 0.326102
1790783519 1 {"n":40} 200 0.099499
1790783519 2 {"n":40} 200 0.085986
1790783519 3 {"n":40} 200 0.088952
1790783519 4 {"n":40} 200 0.088013
1790783519 5 {"n":40} 200 0.070380
1790783519 6 {"n":40} 200 0.096079
1790783519 7 {"n":40} 200 0.071638
1790783519 8 {"n":40} 200 0.103421
1790783520 9 {"n":40} 200 0.120568
1790783520 10 {"n":40} 200 0.079087
1790783520 11 {"n":40} 200 0.103668
1790783520 0 {"n":41} 200 0.078461
1790783520 1 {"n":41} 200 0.105546
1790783520 2 {"n":41} 200 0.113549
1790783520 3 {"n":41} 200 0.121382
1790783520 4 {"n":41} 200 0.146142
1790783520 5 {"n":41} 200 0.088820
1790783521 6 {"n":41} 200 0.096411
1790783521 7 {"n":41} 200 0.096310
1790783521 8 {"n":41} 200 0.089271
1790783521 9 {"n":41} 200 0.154003
1790783521 10 {"n":41} 200 0.105951
1790783521 11 {"n":41} 200 0.118208
1790783521 0 {"n":42} 200 0.122324
1790783522 1 {"n":42} 200 0.267320
1790783522 2 {"n":42} 200 0.297515
1790783522 3 {"n":42} 200 0.236996
1790783522 4 {"n":42} 200 0.114702
1790783522 5 {"n":42} 200 0.089062
1790783522 6 {"n":42} 200 0.086709
1790783522 7 {"n":42} 200 0.114308
1790783523 8 {"n":42} 200 0.131595
1790783523 9 {"n":42} 200 0.127518
1790783523 10 {"n":42} 200 0.089008
1790783523 11 {"n":42} 200 0.082564
1790783523 0 {"n":43} 200 0.103937
1790783523 1 {"n":43} 200 0.095834
1790783523 2 {"n":43} 200 0.081882
1790783523 3 {"n":43} 200 0.087961
1790783523 4 {"n":43} 200 0.097917
1790783524 5 {"n":43} 200 0.466334
1790783524 6 {"n":43} 200 0.387039
1790783524 7 {"n":43} 200 0.083349
1790783524 8 {"n":43} 200 0.101254
1790783525 9 {"n":43} 200 0.075365
1790783525 10 {"n":43} 200 0.101373
1790783525 11 {"n":43} 200 0.074767
1790783525 0 {"n":44} 200 0.134385
1790783525 1 {"n":44} 200 0.103465
1790783525 2 {"n":44} 200 0.113645
1790783525 3 {"n":44} 200 0.113499
1790783525 4 {"n":44} 200 0.138489
1790783525 5 {"n":44} 200 0.097454
1790783526 6 {"n":44} 200 0.081550
1790783526 7 {"n":44} 200 0.336098
1790783526 8 {"n":44} 200 0.272481
1790783526 9 {"n":44} 200 0.112263
1790783526 10 {"n":44} 200 0.080960
1790783526 11 {"n":44} 200 0.088715
1790783527 0 {"n":45} 200 0.087445
1790783527 1 {"n":45} 200 0.090139
1790783527 2 {"n":45} 200 0.121081
1790783527 3 {"n":45} 200 0.071297
1790783527 4 {"n":45} 200 0.114220
1790783527 5 {"n":45} 200 0.080725
1790783527 6 {"n":45} 200 0.094383
1790783527 7 {"n":45} 200 0.105350
1790783527 8 {"n":45} 200 0.094367
1790783528 9 {"n":45} 200 0.323182
1790783528 10 {"n":45} 200 0.095191
1790783528 11 {"n":45} 200 0.078225
1790783528 0 {"n":46} 200 0.096208
1790783528 1 {"n":46} 200 0.097787
1790783528 2 {"n":46} 200 0.104241
1790783528 3 {"n":46} 200 0.070749
1790783528 4 {"n":46} 200 0.092612
1790783528 5 {"n":46} 200 0.099294
1790783529 6 {"n":46} 200 0.086966
1790783529 7 {"n":46} 200 0.153248
1790783529 8 {"n":46} 200 0.139565
1790783529 9 {"n":46} 200 0.121306
1790783529 10 {"n":46} 200 0.338727
1790783529 11 {"n":46} 200 0.080706
1790783529 0 {"n":47} 200 0.105093
1790783530 1 {"n":47} 200 0.061887
1790783530 2 {"n":47} 200 0.094630
1790783530 3 {"n":47} 200 0.121525
1790783530 4 {"n":47} 200 0.056367
1790783530 5 {"n":47} 200 0.072246
1790783530 6 {"n":47} 200 0.078739
1790783530 7 {"n":47} 200 0.122987
1790783530 8 {"n":47} 200 0.072008
1790783530 9 {"n":47} 200 0.174318
1790783530 10 {"n":47} 200 0.112204
1790783531 11 {"n":47} 200 0.331894
1790783531 0 {"n":48} 200 0.136994
1790783531 1 {"n":48} 200 0.164207
1790783531 2 {"n":48} 200 0.114415
1790783531 3 {"n":48} 200 0.087404
1790783531 4 {"n":48} 200 0.105228
1790783532 5 {"n":48} 200 0.078732
1790783532 6 {"n":48} 200 0.105522
1790783532 7 {"n":48} 200 0.087977
1790783532 8 {"n":48} 200 0.122451
1790783532 9 {"n":48} 200 0.134904
1790783532 10 {"n":48} 200 0.097670
1790783532 11 {"n":48} 200 0.104800
1790783533 0 {"n":49} 200 0.555060
1790783533 1 {"n":49} 200 0.103239
1790783533 2 {"n":49} 200 0.153981
1790783533 3 {"n":49} 200 0.122993
1790783533 4 {"n":49} 200 0.094880
1790783533 5 {"n":49} 200 0.082387
1790783533 6 {"n":49} 200 0.093936
1790783534 7 {"n":49} 200 0.108192
1790783534 8 {"n":49} 200 0.095080
1790783534 9 {"n":49} 200 0.126513
1790783534 10 {"n":49} 200 0.203065
1790783534 11 {"n":49} 200 0.103442
1790783534 0 {"n":50} 200 0.122543
1790783534 1 {"n":50} 200 0.100345
1790783534 2 {"n":50} 200 0.101805
1790783535 3 {"n":50} 200 0.088822
1790783535 4 {"n":50} 200 0.094652
1790783535 5 {"n":50} 200 0.102334
1790783535 6 {"n":50} 200 0.116635
1790783535 7 {"n":50} 200 0.091879
1790783535 8 {"n":50} 200 0.108244
1790783535 9 {"n":50} 200 0.122046
1790783535 10 {"n":50} 200 0.085882
1790783535 11 {"n":50} 200 0.062979
1790783535 0 {"n":51} 200 0.113604
1790783536 1 {"n":51} 200 0.049814
1790783536 2 {"n":51} 200 0.121043
1790783536 3 {"n":51} 200 0.113958
1790783536 4 {"n":51} 200 0.080117
1790783536 5 {"n":51} 200 0.060968
1790783536 6 {"n":51} 200 0.105100
1790783536 7 {"n":51} 200 0.103330
1790783536 8 {"n":51} 200 0.089351
1790783536 9 {"n":51} 200 0.079609
1790783536 10 {"n":51} 200 0.107554
1790783537 11 {"n":51} 200 0.119449
1790783537 0 {"n":52} 200 0.127513
1790783537 1 {"n":52} 200 0.100801
1790783537 2 {"n":52} 200 0.092771
1790783537 3 {"n":52} 200 0.096648
1790783537 4 {"n":52} 200 0.088687
1790783537 5 {"n":52} 200 0.093663
1790783537 6 {"n":52} 200 0.102064
1790783537 7 {"n":52} 200 0.091851
1790783537 8 {"n":52} 200 0.126479
1790783538 9 {"n":52} 200 0.154175
1790783538 10 {"n":52} 200 0.080462
1790783538 11 {"n":52} 200 0.129478
1790783538 0 {"n":53} 200 0.110923
1790783538 1 {"n":53} 200 0.096235
1790783538 2 {"n":53} 200 0.124864
1790783538 3 {"n":53} 200 0.090758
1790783538 4 {"n":53} 200 0.145690
1790783539 5 {"n":53} 200 0.071394
1790783539 6 {"n":53} 200 0.146589
1790783539 7 {"n":53} 200 0.088886
1790783539 8 {"n":53} 200 0.130739
1790783539 9 {"n":53} 200 0.160790
1790783539 10 {"n":53} 200 0.128731
1790783539 11 {"n":53} 200 0.112104
1790783539 0 {"n":54} 200 0.106250
1790783540 1 {"n":54} 200 0.111373
1790783540 2 {"n":54} 200 0.077160
1790783540 3 {"n":54} 200 0.069996
1790783540 4 {"n":54} 200 0.117830
1790783540 5 {"n":54} 200 0.070013
1790783540 6 {"n":54} 200 0.085699
1790783540 7 {"n":54} 200 0.139364
1790783540 8 {"n":54} 200 0.090891
1790783540 9 {"n":54} 200 0.113412
1790783540 10 {"n":54} 200 0.132073
1790783541 11 {"n":54} 200 0.057110
1790783541 0 {"n":55} 200 0.086956
1790783541 1 {"n":55} 200 0.107194
1790783541 2 {"n":55} 200 0.095126
1790783541 3 {"n":55} 200 0.079222
1790783541 4 {"n":55} 200 0.064555
1790783541 5 {"n":55} 200 0.080410
1790783541 6 {"n":55} 200 0.064043
1790783541 7 {"n":55} 200 0.073093
1790783541 8 {"n":55} 200 0.112976
1790783541 9 {"n":55} 200 0.121031
1790783542 10 {"n":55} 200 0.086898
1790783542 11 {"n":55} 200 0.117601
1790783542 0 {"n":56} 200 0.104810
1790783542 1 {"n":56} 200 0.078066
1790783542 2 {"n":56} 200 0.157625
1790783542 3 {"n":56} 200 0.087992
1790783542 4 {"n":56} 200 0.113461
1790783542 5 {"n":56} 200 0.097539
1790783542 6 {"n":56} 200 0.103989
1790783543 7 {"n":56} 200 0.089633
1790783543 8 {"n":56} 200 0.122681
1790783543 9 {"n":56} 200 0.112200
1790783543 10 {"n":56} 200 0.071311
1790783543 11 {"n":56} 200 0.105510
1790783543 0 {"n":57} 200 0.113236
1790783543 1 {"n":57} 200 0.078557
1790783543 2 {"n":57} 200 0.094509
1790783543 3 {"n":57} 200 0.097216
1790783543 4 {"n":57} 200 0.105072
1790783544 5 {"n":57} 200 0.079858
1790783544 6 {"n":57} 200 0.105355
1790783544 7 {"n":57} 200 0.088899
1790783544 8 {"n":57} 200 0.080474
1790783544 9 {"n":57} 200 0.063721
1790783544 10 {"n":57} 200 0.064552
1790783544 11 {"n":57} 200 0.160885
1790783544 0 {"n":58} 200 0.203877
1790783544 1 {"n":58} 200 0.080129
1790783544 2 {"n":58} 200 0.075755
1790783545 3 {"n":58} 200 0.063015
1790783545 4 {"n":58} 200 0.068449
1790783545 5 {"n":58} 200 0.138037
1790783545 6 {"n":58} 200 0.107537
1790783545 7 {"n":58} 200 0.061029
1790783545 8 {"n":58} 200 0.105200
1790783545 9 {"n":58} 200 0.095743
1790783545 10 {"n":58} 200 0.054876
1790783545 11 {"n":58} 200 0.121978
1790783545 0 {"n":59} 200 0.073238
1790783546 1 {"n":59} 200 0.163077
1790783546 2 {"n":59} 200 0.113934
1790783546 3 {"n":59} 200 0.153812
1790783546 4 {"n":59} 200 0.103935
1790783546 5 {"n":59} 200 0.081310
1790783546 6 {"n":59} 200 0.138389
1790783546 7 {"n":59} 200 0.137459
1790783546 8 {"n":59} 200 0.104660
1790783547 9 {"n":59} 200 0.096727
1790783547 10 {"n":59} 200 0.079252
1790783547 11 {"n":59} 200 0.080653
1790783547 0 {"n":60} 200 0.088270
1790783547 1 {"n":60} 200 0.097002
1790783547 2 {"n":60} 200 0.080377
1790783547 3 {"n":60} 200 0.105272
1790783547 4 {"n":60} 200 0.080934
1790783547 5 {"n":60} 200 0.088046
1790783547 6 {"n":60} 200 0.061710
1790783547 7 {"n":60} 200 0.073545
1790783548 8 {"n":60} 200 0.112524
1790783548 9 {"n":60} 200 0.106560
1790783548 10 {"n":60} 200 0.079139
1790783548 11 {"n":60} 200 0.087030
1790783548 0 {"n":61} 200 0.127682
1790783548 1 {"n":61} 200 0.148839
1790783548 2 {"n":61} 200 0.095581
1790783548 3 {"n":61} 200 0.094312
1790783548 4 {"n":61} 200 0.105305
1790783548 5 {"n":61} 200 0.097761
1790783549 6 {"n":61} 200 0.140817
1790783549 7 {"n":61} 200 0.085847
1790783549 8 {"n":61} 200 0.102764
1790783549 9 {"n":61} 200 0.166623
1790783549 10 {"n":61} 200 0.128096
1790783549 11 {"n":61} 200 0.219171
1790783550 0 {"n":62} 200 0.168737
1790783550 1 {"n":62} 200 0.104588
1790783550 2 {"n":62} 200 0.103980
1790783550 3 {"n":62} 200 0.071235
1790783550 4 {"n":62} 200 0.106878
1790783550 5 {"n":62} 200 0.105231
1790783550 6 {"n":62} 200 0.114119
1790783550 7 {"n":62} 200 0.104227
1790783550 8 {"n":62} 200 0.097508
1790783550 9 {"n":62} 200 0.114884
1790783551 10 {"n":62} 200 0.077974
1790783551 11 {"n":62} 200 0.121684
1790783551 0 {"n":63} 200 0.103841
1790783551 1 {"n":63} 200 0.097073
1790783551 2 {"n":63} 200 0.105099
1790783551 3 {"n":63} 200 0.080340
1790783551 4 {"n":63} 200 0.114548
1790783551 5 {"n":63} 200 0.104096
1790783551 6 {"n":63} 200 0.156480
1790783552 7 {"n":63} 200 0.170426
1790783552 8 {"n":63} 200 0.093732
1790783552 9 {"n":63} 200 0.095411
1790783552 10 {"n":63} 200 0.101226
1790783552 11 {"n":63} 200 0.092882
1790783552 0 {"n":64} 200 0.105447
1790783552 1 {"n":64} 200 0.112909
1790783552 2 {"n":64} 200 0.114223
1790783552 3 {"n":64} 200 0.089290
1790783553 4 {"n":64} 200 0.096448
1790783553 5 {"n":64} 200 0.104868
1790783553 6 {"n":64} 200 0.133819
1790783553 7 {"n":64} 200 0.105866
1790783553 8 {"n":64} 200 0.096485
1790783553 9 {"n":64} 200 0.069107
1790783553 10 {"n":64} 200 0.081033
1790783553 11 {"n":64} 200 0.075088
1790783553 0 {"n":65} 200 0.108018
1790783554 1 {"n":65} 200 0.126174
1790783554 2 {"n":65} 200 0.105595
1790783554 3 {"n":65} 200 0.058140
1790783554 4 {"n":65} 200 0.068468
1790783554 5 {"n":65} 200 0.148017
1790783554 6 {"n":65} 200 0.117316
1790783554 7 {"n":65} 200 0.054454
1790783554 8 {"n":65} 200 0.097225
1790783554 9 {"n":65} 200 0.258258
1790783555 10 {"n":65} 200 0.253554
1790783555 11 {"n":65} 200 0.103916
1790783555 0 {"n":66} 200 0.110901
1790783555 1 {"n":66} 200 0.138978
1790783555 2 {"n":66} 200 0.113216
1790783555 3 {"n":66} 200 0.123940
1790783555 4 {"n":66} 200 0.103956
1790783556 5 {"n":66} 200 0.096439
1790783556 6 {"n":66} 200 0.120548
1790783556 7 {"n":66} 200 0.104693
1790783556 8 {"n":66} 200 0.097894
1790783556 9 {"n":66} 200 0.104069
1790783556 10 {"n":66} 200 0.111685
1790783556 11 {"n":66} 200 0.106515
1790783556 0 {"n":67} 200 0.095200
1790783556 1 {"n":67} 200 0.096760
1790783557 2 {"n":67} 200 0.103502
1790783557 3 {"n":67} 200 0.115113
1790783557 4 {"n":67} 200 0.087024
1790783557 5 {"n":67} 200 0.085687
1790783557 6 {"n":67} 200 0.125893
1790783557 7 {"n":67} 200 0.079845
1790783557 8 {"n":67} 200 0.063499
1790783557 9 {"n":67} 200 0.054859
1790783557 10 {"n":67} 200 0.073491
1790783557 11 {"n":67} 200 0.093845
1790783557 0 {"n":68} 200 0.074166
1790783557 1 {"n":68} 200 0.071217
1790783558 2 {"n":68} 200 0.070091
1790783558 3 {"n":68} 200 0.122267
1790783558 4 {"n":68} 200 0.117353
1790783558 5 {"n":68} 200 0.099893
1790783558 6 {"n":68} 200 0.116439
1790783558 7 {"n":68} 200 0.110504
1790783558 8 {"n":68} 200 0.086925
1790783558 9 {"n":68} 200 0.118793
1790783558 10 {"n":68} 200 0.116937
1790783559 11 {"n":68} 200 0.109616
