1790783122 0 {"n":1} 200 0.638876
1790783123 1 {"n":1} 200 0.643228
1790783123 2 {"n":1} 200 0.583705
1790783124 3 {"n":1} 200 0.669604
1790783125 4 {"n":1} 200 0.609683
1790783125 5 {"n":1} 200 0.545548
1790783126 6 {"n":1} 200 0.531167
1790783126 7 {"n":1} 200 0.505787
1790783127 8 {"n":1} 200 0.511329
1790783127 9 {"n":1} 200 0.513780
1790783128 10 {"n":1} 200 0.711263
1790783129 11 {"n":1} 200 0.668162
1790783129 0 {"n":2} 200 0.115179
1790783129 1 {"n":2} 200 0.105625
1790783129 2 {"n":2} 200 0.113973
1790783129 3 {"n":2} 200 0.087355
1790783129 4 {"n":2} 200 0.213079
1790783130 5 {"n":2} 200 0.169670
1790783130 6 {"n":2} 200 0.131783
1790783130 7 {"n":2} 200 0.128205
1790783130 8 {"n":2} 200 0.080019
1790783130 9 {"n":2} 200 0.086541
1790783130 10 {"n":2} 200 0.130225
1790783130 11 {"n":2} 200 0.114477
1790783130 0 {"n":3} 200 0.111721
1790783131 1 {"n":3} 200 0.135049
1790783131 2 {"n":3} 200 0.136616
1790783131 3 {"n":3} 200 0.122266
1790783131 4 {"n":3} 200 0.112920
1790783131 5 {"n":3} 200 0.146871
1790783131 6 {"n":3} 200 0.163989
1790783131 7 {"n":3} 200 0.096137
1790783132 8 {"n":3} 200 0.131366
1790783132 9 {"n":3} 200 0.144857
1790783132 10 {"n":3} 200 0.089563
1790783132 11 {"n":3} 200 0.089397
1790783132 0 {"n":4} 200 0.110749
1790783132 1 {"n":4} 200 0.079510
1790783132 2 {"n":4} 200 0.096436
1790783132 3 {"n":4} 200 0.121528
1790783132 4 {"n":4} 200 0.072940
1790783132 5 {"n":4} 200 0.113406
1790783133 6 {"n":4} 200 0.121970
1790783133 7 {"n":4} 200 0.088031
1790783133 8 {"n":4} 200 0.113842
1790783133 9 {"n":4} 200 0.106102
1790783133 10 {"n":4} 200 0.084234
1790783133 11 {"n":4} 200 0.152813
1790783133 0 {"n":5} 200 0.118700
1790783133 1 {"n":5} 200 0.172556
1790783134 2 {"n":5} 200 0.371514
1790783134 3 {"n":5} 200 0.132060
1790783134 4 {"n":5} 200 0.235522
1790783134 5 {"n":5} 200 0.200840
1790783135 6 {"n":5} 200 0.473959
1790783135 7 {"n":5} 200 0.280991
1790783135 8 {"n":5} 200 0.081709
1790783136 9 {"n":5} 200 0.283909
1790783136 10 {"n":5} 200 0.111334
1790783136 11 {"n":5} 200 0.144668
1790783136 0 {"n":6} 200 0.292262
1790783136 1 {"n":6} 200 0.111214
1790783136 2 {"n":6} 200 0.145207
1790783137 3 {"n":6} 200 0.142922
1790783137 4 {"n":6} 200 0.115643
1790783137 5 {"n":6} 200 0.160910
1790783137 6 {"n":6} 200 0.112751
1790783137 7 {"n":6} 200 0.097807
1790783137 8 {"n":6} 200 0.178690
1790783137 9 {"n":6} 200 0.133822
1790783137 10 {"n":6} 200 0.170357
1790783138 11 {"n":6} 200 0.214776
1790783138 0 {"n":7} 200 0.146071
1790783138 1 {"n":7} 200 0.103566
1790783138 2 {"n":7} 200 0.131844
1790783138 3 {"n":7} 200 0.089045
1790783138 4 {"n":7} 200 0.103739
1790783138 5 {"n":7} 200 0.087214
1790783139 6 {"n":7} 200 0.103338
1790783139 7 {"n":7} 200 0.086784
1790783139 8 {"n":7} 200 0.056353
1790783139 9 {"n":7} 200 0.096676
1790783139 10 durability unproven: DurabilityUnproven 500 0.087774
1790783139 11 {"n":7} 200 0.273782
1790783139 0 {"n":8} 200 0.309789
1790783140 1 {"n":8} 200 0.435364
1790783140 2 {"n":8} 200 0.367555
1790783140 3 {"n":8} 200 0.093090
1790783141 4 {"n":8} 200 0.740970
1790783141 5 {"n":8} 200 0.110853
1790783142 6 {"n":8} 200 0.356184
1790783142 7 {"n":8} 200 0.528607
1790783142 8 {"n":8} 200 0.127349
1790783143 9 {"n":8} 200 0.267653
1790783147 10 {"n":8} 200 4.680666
1790783147 11 {"n":8} 200 0.278658
1790783148 0 {"n":9} 200 0.074632
1790783149 1 {"n":9} 200 1.524096
1790783151 2 {"n":9} 200 1.482157
1790783151 3 {"n":9} 200 0.505921
1790783151 4 {"n":9} 200 0.073514
1790783153 5 {"n":9} 200 1.621698
1790783153 6 {"n":9} 200 0.292468
1790783155 7 {"n":9} 200 1.976833
1790783157 8 {"n":9} 200 2.018252
1790783157 9 {"n":9} 200 0.298104
1790783159 10 {"n":9} 200 1.644426
1790783160 11 {"n":9} 200 0.512820
1790783161 0 {"n":10} 200 1.477138
1790783161 1 {"n":10} 200 0.200287
1790783161 2 {"n":10} 200 0.097514
1790783161 3 {"n":10} 200 0.100787
1790783162 4 {"n":10} 200 0.281822
1790783162 5 {"n":10} 200 0.084957
1790783162 6 {"n":10} 200 0.147160
1790783162 7 {"n":10} 200 0.089151
1790783162 8 {"n":10} 200 0.084585
1790783162 9 {"n":10} 200 0.101102
1790783162 10 {"n":10} 200 0.089461
1790783162 11 {"n":10} 200 0.070185
1790783162 0 {"n":11} 200 0.071999
1790783163 1 {"n":11} 200 0.198394
1790783163 2 {"n":11} 200 0.184642
1790783163 3 {"n":11} 200 0.092553
1790783164 4 {"n":11} 200 1.353658
1790783164 5 {"n":11} 200 0.097192
1790783165 6 {"n":11} 200 0.096163
1790783165 7 {"n":11} 200 0.219350
1790783165 8 {"n":11} 200 0.090043
1790783165 9 {"n":11} 200 0.103724
1790783165 10 {"n":11} 200 0.117252
1790783165 11 {"n":11} 200 0.222407
1790783165 0 {"n":12} 200 0.138615
1790783166 1 {"n":12} 200 0.058389
1790783166 2 {"n":12} 200 0.080537
1790783166 3 {"n":12} 200 0.096574
1790783166 4 {"n":12} 200 0.093596
1790783166 5 {"n":12} 200 0.058876
1790783166 6 {"n":12} 200 0.100483
1790783166 7 {"n":12} 200 0.078956
1790783166 8 {"n":12} 200 0.066597
1790783166 9 {"n":12} 200 0.076371
1790783166 10 {"n":12} 200 0.097375
1790783166 11 {"n":12} 200 0.092004
1790783166 0 {"n":13} 200 0.054750
1790783167 1 {"n":13} 200 0.055579
1790783167 2 {"n":13} 200 0.060078
1790783167 3 {"n":13} 200 0.083748
1790783167 4 {"n":13} 200 0.063184
1790783167 5 {"n":13} 200 0.064076
1790783167 6 {"n":13} 200 0.080381
1790783167 7 {"n":13} 200 0.076451
1790783167 8 {"n":13} 200 0.063911
1790783167 9 {"n":13} 200 0.105886
1790783167 10 {"n":13} 200 0.096572
1790783167 11 {"n":13} 200 0.088236
1790783167 0 {"n":14} 200 0.130955
1790783168 1 {"n":14} 200 0.080047
1790783168 2 {"n":14} 200 0.105359
1790783168 3 {"n":14} 200 0.138942
1790783168 4 {"n":14} 200 0.088343
1790783168 5 {"n":14} 200 0.092652
1790783168 6 {"n":14} 200 0.076805
1790783168 7 {"n":14} 200 0.080706
1790783168 8 {"n":14} 200 0.063995
1790783168 9 {"n":14} 200 0.096752
1790783168 10 {"n":14} 200 0.113916
1790783169 11 {"n":14} 200 0.104892
1790783169 0 {"n":15} 200 0.108120
1790783169 1 {"n":15} 200 0.122281
1790783169 2 {"n":15} 200 0.106028
1790783169 3 {"n":15} 200 0.114587
1790783169 4 {"n":15} 200 0.097231
1790783169 5 {"n":15} 200 0.078787
1790783169 6 {"n":15} 200 0.087993
1790783169 7 {"n":15} 200 0.082272
1790783169 8 {"n":15} 200 0.095005
1790783170 9 {"n":15} 200 0.080341
1790783170 10 {"n":15} 200 0.079499
1790783170 11 {"n":15} 200 0.095668
1790783170 0 {"n":16} 200 0.088488
1790783170 1 {"n":16} 200 0.073847
1790783170 2 {"n":16} 200 0.088618
1790783170 3 {"n":16} 200 0.070776
1790783170 4 {"n":16} 200 0.078931
1790783170 5 {"n":16} 200 0.160181
1790783170 6 {"n":16} 200 0.173774
1790783171 7 {"n":16} 200 0.195169
1790783171 8 {"n":16} 200 0.121616
1790783171 9 {"n":16} 200 0.097586
1790783171 10 {"n":16} 200 0.088249
1790783171 11 {"n":16} 200 0.072333
1790783171 0 {"n":17} 200 0.110171
1790783171 1 {"n":17} 200 0.116706
1790783171 2 {"n":17} 200 0.089298
1790783171 3 {"n":17} 200 0.071912
1790783172 4 {"n":17} 200 0.080569
1790783172 5 {"n":17} 200 0.063433
1790783172 6 {"n":17} 200 0.047298
1790783172 7 {"n":17} 200 0.055185
1790783172 8 {"n":17} 200 0.071075
1790783172 9 {"n":17} 200 0.096551
1790783172 10 {"n":17} 200 0.055256
1790783172 11 {"n":17} 200 0.097472
1790783172 0 {"n":18} 200 0.137801
1790783172 1 {"n":18} 200 0.097141
1790783172 2 {"n":18} 200 0.130080
1790783173 3 {"n":18} 200 0.088620
1790783173 4 {"n":18} 200 0.055562
1790783173 5 {"n":18} 200 0.096726
1790783173 6 {"n":18} 200 0.105141
1790783173 7 {"n":18} 200 0.133275
1790783173 8 {"n":18} 200 0.096482
1790783173 9 {"n":18} 200 0.106204
1790783173 10 {"n":18} 200 0.076045
1790783173 11 {"n":18} 200 0.105297
1790783173 0 {"n":19} 200 0.147986
1790783174 1 {"n":19} 200 0.153606
1790783174 2 {"n":19} 200 0.113590
1790783174 3 {"n":19} 200 0.137448
1790783174 4 {"n":19} 200 0.080640
1790783174 5 {"n":19} 200 0.072026
1790783174 6 {"n":19} 200 0.095586
1790783174 7 {"n":19} 200 0.113713
1790783174 8 {"n":19} 200 0.129857
1790783175 9 {"n":19} 200 0.108156
1790783175 10 {"n":19} 200 0.061040
1790783175 11 {"n":19} 200 0.055300
1790783175 0 {"n":20} 200 0.064068
1790783175 1 {"n":20} 200 0.071284
1790783175 2 {"n":20} 200 0.121991
1790783175 3 {"n":20} 200 0.072179
1790783175 4 {"n":20} 200 0.063410
1790783175 5 {"n":20} 200 0.080057
1790783175 6 {"n":20} 200 0.064657
1790783175 7 {"n":20} 200 0.114056
1790783176 8 {"n":20} 200 0.198706
1790783176 9 {"n":20} 200 0.152658
1790783176 10 {"n":20} 200 0.070518
1790783176 11 {"n":20} 200 0.178567
1790783176 0 {"n":21} 200 0.121414
1790783176 1 {"n":21} 200 0.123541
1790783176 2 {"n":21} 200 0.147652
1790783176 3 {"n":21} 200 0.121302
1790783177 4 {"n":21} 200 0.095900
1790783177 5 {"n":21} 200 0.061263
1790783177 6 {"n":21} 200 0.065301
1790783177 7 {"n":21} 200 0.047979
1790783177 8 {"n":21} 200 0.053457
1790783177 9 {"n":21} 200 0.090311
1790783177 10 {"n":21} 200 0.153711
1790783177 11 {"n":21} 200 0.063955
1790783177 0 {"n":22} 200 0.113089
1790783177 1 {"n":22} 200 0.087290
1790783177 2 {"n":22} 200 0.071518
1790783177 3 {"n":22} 200 0.080494
1790783178 4 {"n":22} 200 0.087709
1790783178 5 {"n":22} 200 0.069732
1790783178 6 {"n":22} 200 0.063860
1790783178 7 {"n":22} 200 0.090601
1790783178 8 {"n":22} 200 0.084671
1790783178 9 {"n":22} 200 0.088786
1790783178 10 {"n":22} 200 0.073849
1790783178 11 {"n":22} 200 0.120522
1790783178 0 {"n":23} 200 0.086436
1790783178 1 {"n":23} 200 0.061766
1790783178 2 {"n":23} 200 0.105218
1790783179 3 {"n":23} 200 0.080213
1790783179 4 {"n":23} 200 0.074713
1790783179 5 {"n":23} 200 0.127946
1790783179 6 {"n":23} 200 0.088703
1790783179 7 {"n":23} 200 0.082202
1790783179 8 {"n":23} 200 0.053530
1790783179 9 {"n":23} 200 0.082301
1790783179 10 {"n":23} 200 0.163269
1790783179 11 {"n":23} 200 0.070170
1790783179 0 {"n":24} 200 0.140709
1790783180 1 {"n":24} 200 0.139298
1790783180 2 {"n":24} 200 0.103445
1790783180 3 {"n":24} 200 0.180775
1790783180 4 {"n":24} 200 0.105757
1790783180 5 {"n":24} 200 0.085504
1790783180 6 {"n":24} 200 0.142293
1790783180 7 {"n":24} 200 0.113519
1790783181 8 {"n":24} 200 0.163289
1790783181 9 {"n":24} 200 0.118100
1790783181 10 {"n":24} 200 0.251810
1790783181 11 {"n":24} 200 0.063859
1790783181 0 {"n":25} 200 0.084538
1790783181 1 {"n":25} 200 0.137848
1790783181 2 {"n":25} 200 0.121044
1790783181 3 {"n":25} 200 0.147668
1790783182 4 {"n":25} 200 0.089034
1790783182 5 {"n":25} 200 0.096484
1790783182 6 {"n":25} 200 0.130285
1790783182 7 {"n":25} 200 0.064520
1790783182 8 {"n":25} 200 0.122192
1790783182 9 {"n":25} 200 0.121756
1790783182 10 {"n":25} 200 0.113535
1790783182 11 {"n":25} 200 0.111995
1790783182 0 {"n":26} 200 0.113566
1790783183 1 {"n":26} 200 0.113346
1790783183 2 {"n":26} 200 0.095643
1790783183 3 {"n":26} 200 0.054645
1790783183 4 {"n":26} 200 0.047755
1790783183 5 {"n":26} 200 0.045215
1790783183 6 {"n":26} 200 0.072640
1790783183 7 {"n":26} 200 0.047275
1790783183 8 {"n":26} 200 0.080938
1790783183 9 {"n":26} 200 0.088131
1790783183 10 {"n":26} 200 0.096356
1790783183 11 {"n":26} 200 0.088133
1790783183 0 {"n":27} 200 0.088887
1790783183 1 {"n":27} 200 0.063650
1790783184 2 {"n":27} 200 0.063491
1790783184 3 {"n":27} 200 0.096574
1790783184 4 {"n":27} 200 0.080461
1790783184 5 {"n":27} 200 0.081301
1790783184 6 {"n":27} 200 0.087860
1790783184 7 {"n":27} 200 0.054152
1790783184 8 {"n":27} 200 0.097676
1790783184 9 {"n":27} 200 0.105110
1790783184 10 {"n":27} 200 0.071745
1790783184 11 {"n":27} 200 0.080512
1790783184 0 {"n":28} 200 0.087863
1790783185 1 {"n":28} 200 0.122458
1790783185 2 {"n":28} 200 0.079842
1790783185 3 {"n":28} 200 0.130916
1790783185 4 {"n":28} 200 0.063450
1790783185 5 {"n":28} 200 0.117851
1790783185 6 {"n":28} 200 0.176836
1790783185 7 {"n":28} 200 0.121668
1790783185 8 {"n":28} 200 0.146788
1790783186 9 {"n":28} 200 0.122800
1790783186 10 {"n":28} 200 0.223231
1790783186 11 {"n":28} 200 0.151944
1790783186 0 {"n":29} 200 0.096807
1790783186 1 {"n":29} 200 0.083207
1790783186 2 {"n":29} 200 0.145331
1790783186 3 {"n":29} 200 0.073729
1790783186 4 {"n":29} 200 0.083411
1790783187 5 {"n":29} 200 0.125032
1790783187 6 {"n":29} 200 0.093039
1790783187 7 {"n":29} 200 0.079088
1790783187 8 {"n":29} 200 0.121684
1790783187 9 {"n":29} 200 0.090116
1790783187 10 {"n":29} 200 0.069095
1790783187 11 {"n":29} 200 0.093055
1790783187 0 {"n":30} 200 0.099366
1790783187 1 {"n":30} 200 0.128256
1790783188 2 {"n":30} 200 0.141514
1790783188 3 {"n":30} 200 0.105024
1790783188 4 {"n":30} 200 0.130738
1790783188 5 {"n":30} 200 0.122233
1790783188 6 {"n":30} 200 0.130414
1790783188 7 {"n":30} 200 0.138344
1790783188 8 {"n":30} 200 0.155741
1790783188 9 {"n":30} 200 0.113892
1790783189 10 {"n":30} 200 0.122006
1790783189 11 {"n":30} 200 0.097717
1790783189 0 {"n":31} 200 0.071722
1790783189 1 {"n":31} 200 0.122343
1790783189 2 {"n":31} 200 0.072163
1790783189 3 {"n":31} 200 0.121839
1790783189 4 {"n":31} 200 0.096767
1790783189 5 {"n":31} 200 0.100893
1790783189 6 {"n":31} 200 0.092174
1790783189 7 {"n":31} 200 0.114616
1790783190 8 {"n":31} 200 0.103714
1790783190 9 {"n":31} 200 0.104743
1790783190 10 {"n":31} 200 0.112806
1790783190 11 {"n":31} 200 0.097159
1790783190 0 {"n":32} 200 0.112463
1790783190 1 {"n":32} 200 0.088508
1790783190 2 {"n":32} 200 0.138113
1790783190 3 {"n":32} 200 0.062296
1790783190 4 {"n":32} 200 0.097746
1790783191 5 {"n":32} 200 0.088123
1790783191 6 {"n":32} 200 0.083757
1790783191 7 {"n":32} 200 0.126909
1790783191 8 {"n":32} 200 0.166976
1790783191 9 {"n":32} 200 0.179697
1790783191 10 {"n":32} 200 0.078042
1790783191 11 {"n":32} 200 0.114834
1790783191 0 {"n":33} 200 0.165610
1790783192 1 {"n":33} 200 0.079133
1790783192 2 {"n":33} 200 0.069350
1790783192 3 {"n":33} 200 0.056532
1790783192 4 {"n":33} 200 0.081539
1790783192 5 {"n":33} 200 0.103846
1790783192 6 {"n":33} 200 0.080106
1790783192 7 {"n":33} 200 0.057303
1790783192 8 {"n":33} 200 0.103675
1790783192 9 {"n":33} 200 0.106627
1790783192 10 {"n":33} 200 0.089353
1790783192 11 {"n":33} 200 0.080457
1790783192 0 {"n":34} 200 0.071337
1790783193 1 {"n":34} 200 0.113686
1790783193 2 {"n":34} 200 0.105659
1790783193 3 {"n":34} 200 0.088448
1790783193 4 {"n":34} 200 0.080268
1790783193 5 {"n":34} 200 0.088832
1790783193 6 {"n":34} 200 0.097175
1790783193 7 {"n":34} 200 0.130314
1790783193 8 {"n":34} 200 0.080428
1790783193 9 {"n":34} 200 0.063439
1790783193 10 {"n":34} 200 0.047325
1790783193 11 {"n":34} 200 0.063428
1790783194 0 {"n":35} 200 0.121951
1790783194 1 {"n":35} 200 0.072437
1790783194 2 {"n":35} 200 0.137542
1790783194 3 {"n":35} 200 0.145795
1790783194 4 {"n":35} 200 0.105454
1790783194 5 {"n":35} 200 0.079227
1790783194 6 {"n":35} 200 0.138843
1790783194 7 {"n":35} 200 0.113047
1790783195 8 {"n":35} 200 0.095943
1790783195 9 {"n":35} 200 0.095096
1790783195 10 {"n":35} 200 0.072194
1790783195 11 {"n":35} 200 0.071253
1790783195 0 {"n":36} 200 0.096925
1790783195 1 {"n":36} 200 0.103750
1790783195 2 {"n":36} 200 0.097161
1790783195 3 {"n":36} 200 0.113073
1790783195 4 {"n":36} 200 0.063927
1790783195 5 {"n":36} 200 0.072015
1790783196 6 {"n":36} 200 0.197310
1790783196 7 {"n":36} 200 0.121691
1790783196 8 {"n":36} 200 0.088330
1790783196 9 {"n":36} 200 0.183124
1790783196 10 {"n":36} 200 0.135689
1790783196 11 {"n":36} 200 0.214122
1790783196 0 {"n":37} 200 0.078874
1790783197 1 {"n":37} 200 0.129997
1790783197 2 {"n":37} 200 0.080445
1790783197 3 {"n":37} 200 0.063598
1790783197 4 {"n":37} 200 0.105014
1790783197 5 {"n":37} 200 0.071844
1790783197 6 {"n":37} 200 0.130812
1790783197 7 {"n":37} 200 0.096297
1790783197 8 {"n":37} 200 0.112657
1790783197 9 {"n":37} 200 0.113009
1790783197 10 {"n":37} 200 0.113008
1790783198 11 {"n":37} 200 0.121822
1790783198 0 {"n":38} 200 0.111783
1790783198 1 {"n":38} 200 0.071683
1790783198 2 {"n":38} 200 0.080316
1790783198 3 {"n":38} 200 0.088987
1790783198 4 {"n":38} 200 0.062319
1790783198 5 {"n":38} 200 0.097745
1790783198 6 {"n":38} 200 0.097261
1790783198 7 {"n":38} 200 0.129166
1790783198 8 {"n":38} 200 0.114981
1790783199 9 {"n":38} 200 0.072317
1790783199 10 {"n":38} 200 0.102236
1790783199 11 {"n":38} 200 0.096805
1790783199 0 {"n":39} 200 0.081261
1790783199 1 {"n":39} 200 0.080711
1790783199 2 {"n":39} 200 0.087925
1790783199 3 {"n":39} 200 0.103552
1790783199 4 {"n":39} 200 0.097448
1790783199 5 {"n":39} 200 0.088625
1790783199 6 {"n":39} 200 0.072164
1790783199 7 {"n":39} 200 0.055495
1790783199 8 {"n":39} 200 0.064106
1790783200 9 {"n":39} 200 0.122086
1790783200 10 {"n":39} 200 0.088665
1790783200 11 {"n":39} 200 0.080599
1790783200 0 {"n":40} 200 0.071743
1790783200 1 {"n":40} 200 0.064488
1790783200 2 {"n":40} 200 0.078274
1790783200 3 {"n":40} 200 0.071638
1790783200 4 {"n":40} 200 0.088997
1790783200 5 {"n":40} 200 0.073827
1790783200 6 {"n":40} 200 0.120201
1790783200 7 {"n":40} 200 0.111835
1790783201 8 {"n":40} 200 0.063151
1790783201 9 {"n":40} 200 0.094786
1790783201 10 {"n":40} 200 0.124113
1790783201 11 {"n":40} 200 0.080135
1790783201 0 {"n":41} 200 0.104936
1790783201 1 {"n":41} 200 0.182368
1790783201 2 {"n":41} 200 0.053209
1790783201 3 {"n":41} 200 0.047166
1790783201 4 {"n":41} 200 0.072727
1790783201 5 {"n":41} 200 0.141371
1790783202 6 {"n":41} 200 0.164418
1790783202 7 {"n":41} 200 0.085984
1790783202 8 {"n":41} 200 0.087364
1790783202 9 {"n":41} 200 0.087092
1790783202 10 {"n":41} 200 0.108971
1790783202 11 {"n":41} 200 0.116727
1790783202 0 {"n":42} 200 0.088379
1790783202 1 {"n":42} 200 0.060348
1790783202 2 {"n":42} 200 0.086902
1790783203 3 {"n":42} 200 0.122521
1790783203 4 {"n":42} 200 0.070313
1790783203 5 {"n":42} 200 0.053180
1790783203 6 {"n":42} 200 0.124594
1790783203 7 {"n":42} 200 0.104623
1790783203 8 {"n":42} 200 0.189139
1790783203 9 {"n":42} 200 0.155370
1790783203 10 {"n":42} 200 0.136373
1790783204 11 {"n":42} 200 0.112564
1790783204 0 {"n":43} 200 0.120435
1790783204 1 {"n":43} 200 0.088467
1790783204 2 {"n":43} 200 0.107764
1790783204 3 {"n":43} 200 0.084188
1790783204 4 {"n":43} 200 0.130299
1790783204 5 {"n":43} 200 0.166359
1790783204 6 {"n":43} 200 0.095872
1790783204 7 {"n":43} 200 0.106087
1790783205 8 {"n":43} 200 0.089041
1790783205 9 {"n":43} 200 0.139102
1790783205 10 {"n":43} 200 0.079819
1790783205 11 {"n":43} 200 0.080172
1790783205 0 {"n":44} 200 0.113439
1790783205 1 {"n":44} 200 0.078496
1790783205 2 {"n":44} 200 0.096451
1790783205 3 {"n":44} 200 0.103568
1790783205 4 {"n":44} 200 0.118414
1790783205 5 {"n":44} 200 0.092508
1790783206 6 {"n":44} 200 0.054635
1790783206 7 {"n":44} 200 0.068677
1790783206 8 {"n":44} 200 0.091894
1790783206 9 {"n":44} 200 0.118664
1790783206 10 {"n":44} 200 0.115378
1790783206 11 {"n":44} 200 0.120759
1790783206 0 {"n":45} 200 0.228281
1790783206 1 {"n":45} 200 0.140965
1790783207 2 {"n":45} 200 0.083795
1790783207 3 {"n":45} 200 0.071586
1790783207 4 {"n":45} 200 0.072811
1790783207 5 {"n":45} 200 0.088805
1790783207 6 {"n":45} 200 0.102756
1790783207 7 {"n":45} 200 0.073294
1790783207 8 {"n":45} 200 0.071622
1790783207 9 {"n":45} 200 0.080611
1790783207 10 {"n":45} 200 0.173344
1790783207 11 {"n":45} 200 0.062671
1790783207 0 {"n":46} 200 0.091303
1790783208 1 {"n":46} 200 0.093140
1790783208 2 {"n":46} 200 0.083743
1790783208 3 {"n":46} 200 0.089160
1790783208 4 {"n":46} 200 0.111379
1790783208 5 {"n":46} 200 0.096681
1790783208 6 {"n":46} 200 0.054827
1790783208 7 {"n":46} 200 0.064079
1790783208 8 {"n":46} 200 0.090686
1790783208 9 {"n":46} 200 0.093701
1790783208 10 {"n":46} 200 0.107012
1790783209 11 {"n":46} 200 0.170534
1790783209 0 {"n":47} 200 0.095815
1790783209 1 {"n":47} 200 0.237268
1790783209 2 {"n":47} 200 0.047754
1790783209 3 {"n":47} 200 0.128971
1790783209 4 {"n":47} 200 0.096709
1790783209 5 {"n":47} 200 0.088519
1790783209 6 {"n":47} 200 0.097143
1790783210 7 {"n":47} 200 0.172813
1790783210 8 {"n":47} 200 0.121571
1790783210 9 {"n":47} 200 0.097100
1790783210 10 {"n":47} 200 0.095503
1790783210 11 {"n":47} 200 0.119308
1790783210 0 {"n":48} 200 0.074540
1790783210 1 {"n":48} 200 0.088148
1790783210 2 {"n":48} 200 0.092075
1790783210 3 {"n":48} 200 0.122667
1790783210 4 {"n":48} 200 0.074926
1790783211 5 {"n":48} 200 0.079382
1790783211 6 {"n":48} 200 0.112218
1790783211 7 {"n":48} 200 0.071020
1790783211 8 {"n":48} 200 0.094894
1790783211 9 {"n":48} 200 0.113385
1790783211 10 {"n":48} 200 0.083140
1790783211 11 {"n":48} 200 0.087007
1790783211 0 {"n":49} 200 0.288538
1790783212 1 {"n":49} 200 0.224958
1790783212 2 {"n":49} 200 0.155603
1790783212 3 {"n":49} 200 0.126992
1790783212 4 {"n":49} 200 0.091789
1790783212 5 {"n":49} 200 0.260570
1790783212 6 {"n":49} 200 0.049542
1790783212 7 {"n":49} 200 0.055949
1790783212 8 {"n":49} 200 0.093628
1790783213 9 {"n":49} 200 0.116961
1790783213 10 {"n":49} 200 0.146796
1790783213 11 {"n":49} 200 0.103463
1790783213 0 {"n":50} 200 0.104717
1790783213 1 {"n":50} 200 0.063789
1790783213 2 {"n":50} 200 0.072365
1790783213 3 {"n":50} 200 0.133518
1790783213 4 {"n":50} 200 0.088771
1790783213 5 {"n":50} 200 0.113265
1790783214 6 {"n":50} 200 0.167660
1790783214 7 {"n":50} 200 0.113217
1790783214 8 {"n":50} 200 0.104536
1790783214 9 {"n":50} 200 0.114274
1790783214 10 {"n":50} 200 0.121249
1790783214 11 {"n":50} 200 0.103696
1790783214 0 {"n":51} 200 0.104148
1790783214 1 {"n":51} 200 0.155145
1790783215 2 {"n":51} 200 0.113407
1790783215 3 {"n":51} 200 0.088895
1790783215 4 {"n":51} 200 0.081162
1790783215 5 {"n":51} 200 0.080373
1790783215 6 {"n":51} 200 0.113103
1790783215 7 {"n":51} 200 0.319602
1790783215 8 {"n":51} 200 0.072086
1790783215 9 {"n":51} 200 0.087947
1790783216 10 {"n":51} 200 0.211161
1790783216 11 {"n":51} 200 0.154358
1790783216 0 {"n":52} 200 0.148659
1790783216 1 {"n":52} 200 0.156356
1790783216 2 {"n":52} 200 0.063419
1790783216 3 {"n":52} 200 0.212321
1790783217 4 {"n":52} 200 0.398638
1790783217 5 {"n":52} 200 0.146260
1790783217 6 {"n":52} 200 0.128985
1790783217 7 {"n":52} 200 0.094921
1790783217 8 {"n":52} 200 0.155506
1790783218 9 {"n":52} 200 0.221164
1790783218 10 {"n":52} 200 0.180050
1790783218 11 {"n":52} 200 0.108898
1790783218 0 {"n":53} 200 0.064372
1790783218 1 {"n":53} 200 0.112149
1790783218 2 {"n":53} 200 0.089456
1790783218 3 {"n":53} 200 0.154241
1790783218 4 {"n":53} 200 0.137000
1790783219 5 {"n":53} 200 0.071131
1790783219 6 {"n":53} 200 0.120815
1790783219 7 {"n":53} 200 0.097357
1790783219 8 {"n":53} 200 0.087745
1790783219 9 {"n":53} 200 0.072858
1790783219 10 {"n":53} 200 0.105756
1790783219 11 {"n":53} 200 0.096767
1790783219 0 {"n":54} 200 0.071802
1790783219 1 {"n":54} 200 0.140014
1790783219 2 {"n":54} 200 0.114775
1790783220 3 {"n":54} 200 0.085194
1790783220 4 {"n":54} 200 0.121466
1790783220 5 {"n":54} 200 0.080286
1790783220 6 {"n":54} 200 0.088416
1790783220 7 {"n":54} 200 0.062224
1790783220 8 {"n":54} 200 0.046938
1790783220 9 {"n":54} 200 0.055398
1790783220 10 {"n":54} 200 0.063537
1790783220 11 {"n":54} 200 0.063756
1790783220 0 {"n":55} 200 0.164494
1790783220 1 {"n":55} 200 0.063392
1790783221 2 {"n":55} 200 0.072102
1790783221 3 {"n":55} 200 0.105431
1790783221 4 {"n":55} 200 0.095298
1790783221 5 {"n":55} 200 0.078530
1790783221 6 {"n":55} 200 0.088064
1790783221 7 {"n":55} 200 0.103823
1790783221 8 {"n":55} 200 0.107019
1790783221 9 {"n":55} 200 0.170360
1790783221 10 {"n":55} 200 0.080488
1790783222 11 {"n":55} 200 0.277069
1790783222 0 {"n":56} 200 0.129096
1790783222 1 {"n":56} 200 0.179729
1790783222 2 {"n":56} 200 0.115237
1790783222 3 {"n":56} 200 0.063692
1790783222 4 {"n":56} 200 0.222046
1790783222 5 {"n":56} 200 0.079605
1790783223 6 {"n":56} 200 0.082391
1790783223 7 {"n":56} 200 0.055392
1790783223 8 {"n":56} 200 0.080842
1790783223 9 {"n":56} 200 0.079997
1790783223 10 {"n":56} 200 0.089106
1790783223 11 {"n":56} 200 0.114592
1790783223 0 {"n":57} 200 0.088469
1790783223 1 {"n":57} 200 0.088495
1790783223 2 {"n":57} 200 0.109739
1790783223 3 {"n":57} 200 0.090628
1790783223 4 {"n":57} 200 0.091353
1790783224 5 {"n":57} 200 0.067416
1790783224 6 {"n":57} 200 0.084929
1790783224 7 {"n":57} 200 0.144993
1790783224 8 {"n":57} 200 0.124479
1790783224 9 {"n":57} 200 0.072082
1790783224 10 {"n":57} 200 0.080645
1790783224 11 {"n":57} 200 0.096281
1790783224 0 {"n":58} 200 0.078772
1790783224 1 {"n":58} 200 0.063527
1790783224 2 {"n":58} 200 0.125241
1790783225 3 {"n":58} 200 0.091398
1790783225 4 {"n":58} 200 0.148868
1790783225 5 {"n":58} 200 0.069745
1790783225 6 {"n":58} 200 0.079628
1790783225 7 {"n":58} 200 0.104055
1790783225 8 {"n":58} 200 0.094692
1790783225 9 {"n":58} 200 0.074688
1790783225 10 {"n":58} 200 0.113668
1790783225 11 {"n":58} 200 0.071771
1790783225 0 {"n":59} 200 0.080313
1790783226 1 {"n":59} 200 0.111916
1790783226 2 {"n":59} 200 0.132523
1790783226 3 {"n":59} 200 0.116500
1790783226 4 {"n":59} 200 0.130432
1790783226 5 {"n":59} 200 0.071701
1790783226 6 {"n":59} 200 0.105830
1790783226 7 {"n":59} 200 0.122157
1790783226 8 {"n":59} 200 0.090446
1790783226 9 {"n":59} 200 0.080491
1790783227 10 {"n":59} 200 0.230846
1790783227 11 {"n":59} 200 0.155082
1790783227 0 {"n":60} 200 0.079783
1790783227 1 {"n":60} 200 0.126292
1790783227 2 {"n":60} 200 0.071791
1790783227 3 {"n":60} 200 0.147736
1790783227 4 {"n":60} 200 0.084228
1790783227 5 {"n":60} 200 0.075841
1790783227 6 {"n":60} 200 0.072546
1790783228 7 {"n":60} 200 0.126567
1790783228 8 {"n":60} 200 0.076378
1790783228 9 {"n":60} 200 0.087837
1790783228 10 {"n":60} 200 0.101493
1790783228 11 {"n":60} 200 0.129728
1790783228 0 {"n":61} 200 0.105923
1790783228 1 {"n":61} 200 0.071771
1790783228 2 {"n":61} 200 0.109861
1790783228 3 {"n":61} 200 0.109382
1790783229 4 {"n":61} 200 0.113845
1790783229 5 {"n":61} 200 0.092567
1790783229 6 {"n":61} 200 0.063461
1790783229 7 {"n":61} 200 0.127537
1790783229 8 {"n":61} 200 0.104643
1790783229 9 {"n":61} 200 0.084342
1790783229 10 {"n":61} 200 0.071968
1790783229 11 {"n":61} 200 0.122207
1790783229 0 {"n":62} 200 0.098436
1790783229 1 {"n":62} 200 0.091639
1790783230 2 {"n":62} 200 0.110001
1790783230 3 {"n":62} 200 0.164353
1790783230 4 {"n":62} 200 0.083377
1790783230 5 {"n":62} 200 0.105498
1790783230 6 {"n":62} 200 0.099873
1790783230 7 {"n":62} 200 0.122394
1790783230 8 {"n":62} 200 0.095531
1790783230 9 {"n":62} 200 0.088719
1790783230 10 {"n":62} 200 0.097055
1790783231 11 {"n":62} 200 0.128550
1790783231 0 {"n":63} 200 0.096552
1790783231 1 {"n":63} 200 0.078547
1790783231 2 {"n":63} 200 0.082665
1790783231 3 {"n":63} 200 0.121683
1790783231 4 {"n":63} 200 0.094451
1790783231 5 {"n":63} 200 0.099131
1790783231 6 {"n":63} 200 0.079905
1790783231 7 {"n":63} 200 0.128005
1790783231 8 {"n":63} 200 0.087886
1790783232 9 {"n":63} 200 0.094938
1790783232 10 {"n":63} 200 0.107082
1790783232 11 {"n":63} 200 0.296669
1790783232 0 {"n":64} 200 0.055423
1790783232 1 {"n":64} 200 0.073992
1790783232 2 {"n":64} 200 0.071046
1790783232 3 {"n":64} 200 0.097739
1790783232 4 {"n":64} 200 0.088449
1790783232 5 {"n":64} 200 0.097241
1790783233 6 {"n":64} 200 0.147492
1790783233 7 {"n":64} 200 0.095708
1790783233 8 {"n":64} 200 0.121595
1790783233 9 {"n":64} 200 0.125426
1790783233 10 {"n":64} 200 0.055129
1790783233 11 {"n":64} 200 0.072325
1790783233 0 {"n":65} 200 0.080892
1790783233 1 {"n":65} 200 0.072879
1790783233 2 {"n":65} 200 0.080255
1790783233 3 {"n":65} 200 0.080031
1790783233 4 {"n":65} 200 0.080736
1790783234 5 {"n":65} 200 0.088720
1790783234 6 {"n":65} 200 0.088655
1790783234 7 {"n":65} 200 0.119944
1790783234 8 {"n":65} 200 0.113994
1790783234 9 {"n":65} 200 0.089116
1790783234 10 {"n":65} 200 0.128841
1790783234 11 {"n":65} 200 0.081912
1790783234 0 {"n":66} 200 0.079732
1790783234 1 {"n":66} 200 0.104461
1790783235 2 {"n":66} 200 0.121973
1790783235 3 {"n":66} 200 0.085312
1790783235 4 {"n":66} 200 0.074723
1790783235 5 {"n":66} 200 0.112286
1790783235 6 {"n":66} 200 0.080547
1790783235 7 {"n":66} 200 0.110115
1790783235 8 {"n":66} 200 0.083488
1790783235 9 {"n":66} 200 0.063824
1790783235 10 {"n":66} 200 0.088858
1790783235 11 {"n":66} 200 0.081002
1790783235 0 {"n":67} 200 0.071610
1790783236 1 {"n":67} 200 0.114600
1790783236 2 {"n":67} 200 0.087859
1790783236 3 {"n":67} 200 0.080062
1790783236 4 {"n":67} 200 0.047063
1790783236 5 {"n":67} 200 0.096287
1790783236 6 {"n":67} 200 0.089327
1790783236 7 {"n":67} 200 0.096012
1790783236 8 {"n":67} 200 0.055249
1790783236 9 {"n":67} 200 0.054425
1790783236 10 {"n":67} 200 0.114571
1790783236 11 {"n":67} 200 0.077073
1790783236 0 {"n":68} 200 0.089574
1790783237 1 {"n":68} 200 0.113617
1790783237 2 {"n":68} 200 0.070469
1790783237 3 {"n":68} 200 0.138083
1790783237 4 {"n":68} 200 0.145457
1790783237 5 {"n":68} 200 0.138093
1790783237 6 {"n":68} 200 0.072128
1790783237 7 {"n":68} 200 0.091938
1790783237 8 {"n":68} 200 0.093761
1790783237 9 {"n":68} 200 0.105250
1790783238 10 {"n":68} 200 0.105528
1790783238 11 {"n":68} 200 0.114165
1790783238 0 {"n":69} 200 0.129830
1790783238 1 {"n":69} 200 0.113483
1790783238 2 {"n":69} 200 0.122440
1790783238 3 {"n":69} 200 0.112886
1790783238 4 {"n":69} 200 0.122123
1790783238 5 {"n":69} 200 0.088593
1790783238 6 {"n":69} 200 0.055053
1790783239 7 {"n":69} 200 0.105670
1790783239 8 {"n":69} 200 0.063794
1790783239 9 {"n":69} 200 0.063735
1790783239 10 {"n":69} 200 0.087555
1790783239 11 {"n":69} 200 0.086936
1790783239 0 {"n":70} 200 0.087172
1790783239 1 {"n":70} 200 0.047052
1790783239 2 {"n":70} 200 0.080488
1790783239 3 {"n":70} 200 0.088497
1790783239 4 {"n":70} 200 0.095501
1790783239 5 {"n":70} 200 0.129947
1790783240 6 {"n":70} 200 0.080143
1790783240 7 {"n":70} 200 0.121440
1790783240 8 {"n":70} 200 0.097801
1790783240 9 {"n":70} 200 0.071384
1790783240 10 {"n":70} 200 0.061541
1790783240 11 {"n":70} 200 0.097963
1790783240 0 {"n":71} 200 0.077444
1790783240 1 {"n":71} 200 0.121366
1790783240 2 {"n":71} 200 0.080539
1790783240 3 {"n":71} 200 0.061756
1790783240 4 {"n":71} 200 0.087850
1790783241 5 {"n":71} 200 0.121129
1790783241 6 {"n":71} 200 0.095976
1790783241 7 {"n":71} 200 0.105739
1790783241 8 {"n":71} 200 0.072627
1790783241 9 {"n":71} 200 0.096040
1790783241 10 {"n":71} 200 0.070711
1790783241 11 {"n":71} 200 0.119831
1790783241 0 {"n":72} 200 0.148551
1790783241 1 {"n":72} 200 0.109745
1790783242 2 {"n":72} 200 0.125652
1790783242 3 {"n":72} 200 0.077264
1790783242 4 {"n":72} 200 0.080747
1790783242 5 {"n":72} 200 0.095526
1790783242 6 {"n":72} 200 0.088797
1790783242 7 {"n":72} 200 0.166772
1790783242 8 {"n":72} 200 0.161818
1790783242 9 {"n":72} 200 0.113800
1790783243 10 {"n":72} 200 0.142298
1790783243 11 {"n":72} 200 0.105038
1790783243 0 {"n":73} 200 0.104831
1790783243 1 {"n":73} 200 0.093408
1790783243 2 {"n":73} 200 0.080078
1790783243 3 {"n":73} 200 0.105873
1790783243 4 {"n":73} 200 0.095095
1790783243 5 {"n":73} 200 0.113192
1790783243 6 {"n":73} 200 0.121707
1790783243 7 {"n":73} 200 0.075431
1790783244 8 {"n":73} 200 0.084884
1790783244 9 {"n":73} 200 0.122387
1790783244 10 {"n":73} 200 0.071943
1790783244 11 {"n":73} 200 0.075875
1790783244 0 {"n":74} 200 0.105304
1790783244 1 {"n":74} 200 0.135024
1790783244 2 {"n":74} 200 0.113764
1790783244 3 {"n":74} 200 0.105406
1790783244 4 {"n":74} 200 0.083735
1790783244 5 {"n":74} 200 0.108587
1790783245 6 {"n":74} 200 0.105348
1790783245 7 {"n":74} 200 0.116603
1790783245 8 {"n":74} 200 0.151365
1790783245 9 {"n":74} 200 0.089611
1790783245 10 {"n":74} 200 0.095828
1790783245 11 {"n":74} 200 0.066637
1790783245 0 {"n":75} 200 0.102334
1790783245 1 {"n":75} 200 0.095394
1790783245 2 {"n":75} 200 0.091431
1790783245 3 {"n":75} 200 0.054080
1790783246 4 {"n":75} 200 0.145439
1790783246 5 {"n":75} 200 0.100698
1790783246 6 {"n":75} 200 0.134529
1790783246 7 {"n":75} 200 0.081306
1790783246 8 {"n":75} 200 0.096698
1790783246 9 {"n":75} 200 0.123124
1790783246 10 {"n":75} 200 0.103852
1790783246 11 {"n":75} 200 0.082222
1790783247 0 {"n":76} 200 0.127595
1790783247 1 {"n":76} 200 0.122096
1790783247 2 {"n":76} 200 0.089119
1790783247 3 {"n":76} 200 0.114426
1790783247 4 {"n":76} 200 0.080031
1790783247 5 {"n":76} 200 0.129635
1790783248 6 {"n":76} 200 0.491790
1790783248 7 {"n":76} 200 0.285502
1790783248 8 {"n":76} 200 0.128975
1790783248 9 {"n":76} 200 0.088254
1790783248 10 {"n":76} 200 0.098926
1790783248 11 {"n":76} 200 0.121806
1790783248 0 {"n":77} 200 0.113311
1790783249 1 {"n":77} 200 0.097734
1790783249 2 {"n":77} 200 0.095155
1790783249 3 {"n":77} 200 0.114710
1790783249 4 {"n":77} 200 0.096973
1790783249 5 {"n":77} 200 0.095814
1790783249 6 {"n":77} 200 0.098066
1790783249 7 {"n":77} 200 0.120408
1790783249 8 {"n":77} 200 0.143567
1790783249 9 {"n":77} 200 0.146630
1790783250 10 {"n":77} 200 0.100938
1790783250 11 {"n":77} 200 0.104529
1790783250 0 {"n":78} 200 0.097233
1790783250 1 {"n":78} 200 0.110535
1790783250 2 {"n":78} 200 0.138584
1790783250 3 {"n":78} 200 0.092060
1790783250 4 {"n":78} 200 0.063511
1790783250 5 {"n":78} 200 0.055513
1790783250 6 {"n":78} 200 0.087084
1790783250 7 {"n":78} 200 0.138615
1790783251 8 {"n":78} 200 0.062149
1790783251 9 {"n":78} 200 0.045665
1790783251 10 {"n":78} 200 0.097348
1790783251 11 {"n":78} 200 0.045380
1790783251 0 {"n":79} 200 0.072277
1790783251 1 {"n":79} 200 0.046677
1790783251 2 {"n":79} 200 0.080930
1790783251 3 {"n":79} 200 0.071566
1790783251 4 {"n":79} 200 0.087718
1790783251 5 {"n":79} 200 0.088769
1790783251 6 {"n":79} 200 0.062986
1790783251 7 {"n":79} 200 0.063941
1790783251 8 {"n":79} 200 0.064032
1790783252 9 {"n":79} 200 0.130370
1790783252 10 {"n":79} 200 0.074761
1790783252 11 {"n":79} 200 0.102553
1790783252 0 {"n":80} 200 0.088489
1790783252 1 {"n":80} 200 0.072726
1790783252 2 {"n":80} 200 0.072130
1790783252 3 {"n":80} 200 0.105544
1790783252 4 {"n":80} 200 0.119001
1790783252 5 {"n":80} 200 0.149879
1790783252 6 {"n":80} 200 0.089254
1790783253 7 {"n":80} 200 0.072089
1790783253 8 {"n":80} 200 0.087603
1790783253 9 {"n":80} 200 0.086314
1790783253 10 {"n":80} 200 0.080335
1790783253 11 {"n":80} 200 0.097206
1790783253 0 {"n":81} 200 0.104612
1790783253 1 {"n":81} 200 0.083287
1790783253 2 {"n":81} 200 0.063712
1790783253 3 {"n":81} 200 0.138850
1790783253 4 {"n":81} 200 0.052588
1790783253 5 {"n":81} 200 0.075708
1790783253 6 {"n":81} 200 0.071638
1790783254 7 {"n":81} 200 0.112246
1790783254 8 {"n":81} 200 0.103801
1790783254 9 {"n":81} 200 0.103204
1790783254 10 {"n":81} 200 0.088505
1790783254 11 {"n":81} 200 0.088667
1790783254 0 {"n":82} 200 0.096809
1790783254 1 {"n":82} 200 0.113570
1790783254 2 {"n":82} 200 0.107340
1790783254 3 {"n":82} 200 0.105554
1790783255 4 {"n":82} 200 0.080731
1790783255 5 {"n":82} 200 0.105450
1790783255 6 {"n":82} 200 0.106955
1790783255 7 {"n":82} 200 0.084587
1790783255 8 {"n":82} 200 0.074286
1790783255 9 {"n":82} 200 0.079936
1790783255 10 {"n":82} 200 0.110601
1790783255 11 {"n":82} 200 0.108176
1790783255 0 {"n":83} 200 0.123788
1790783255 1 {"n":83} 200 0.095426
1790783256 2 {"n":83} 200 0.077342
1790783256 3 {"n":83} 200 0.136839
1790783256 4 {"n":83} 200 0.119001
1790783256 5 {"n":83} 200 0.132565
1790783256 6 {"n":83} 200 0.119235
1790783256 7 {"n":83} 200 0.113924
1790783256 8 {"n":83} 200 0.158118
1790783256 9 {"n":83} 200 0.110680
1790783257 10 {"n":83} 200 0.103581
1790783257 11 {"n":83} 200 0.144476
1790783257 0 {"n":84} 200 0.107937
1790783257 1 {"n":84} 200 0.092001
1790783257 2 {"n":84} 200 0.063056
1790783257 3 {"n":84} 200 0.093343
1790783257 4 {"n":84} 200 0.097036
1790783257 5 {"n":84} 200 0.276367
1790783258 6 {"n":84} 200 0.129503
1790783258 7 {"n":84} 200 0.080598
1790783258 8 {"n":84} 200 0.147110
1790783258 9 {"n":84} 200 0.063859
1790783258 10 {"n":84} 200 0.123344
1790783258 11 {"n":84} 200 0.062430
1790783258 0 {"n":85} 200 0.071800
1790783258 1 {"n":85} 200 0.072664
1790783258 2 {"n":85} 200 0.121709
1790783258 3 {"n":85} 200 0.105556
1790783259 4 {"n":85} 200 0.133546
1790783259 5 {"n":85} 200 0.083466
1790783259 6 {"n":85} 200 0.071745
1790783259 7 {"n":85} 200 0.109182
1790783259 8 {"n":85} 200 0.130168
1790783259 9 {"n":85} 200 0.118070
1790783259 10 {"n":85} 200 0.126073
1790783259 11 {"n":85} 200 0.108717
1790783259 0 {"n":86} 200 0.117051
1790783260 1 {"n":86} 200 0.105074
1790783260 2 {"n":86} 200 0.102227
1790783260 3 {"n":86} 200 0.113290
1790783260 4 {"n":86} 200 0.071842
1790783260 5 {"n":86} 200 0.088678
1790783260 6 {"n":86} 200 0.123338
1790783260 7 {"n":86} 200 0.104629
1790783260 8 {"n":86} 200 0.119024
1790783260 9 {"n":86} 200 0.108457
1790783261 10 {"n":86} 200 0.088854
1790783261 11 {"n":86} 200 0.096478
1790783261 0 {"n":87} 200 0.093596
1790783261 1 {"n":87} 200 0.105041
1790783261 2 {"n":87} 200 0.100195
1790783261 3 {"n":87} 200 0.128713
1790783261 4 {"n":87} 200 0.088355
1790783261 5 {"n":87} 200 0.118942
1790783261 6 {"n":87} 200 0.133740
1790783262 7 {"n":87} 200 0.127279
1790783262 8 {"n":87} 200 0.088882
1790783262 9 {"n":87} 200 0.142165
1790783262 10 {"n":87} 200 0.088662
1790783262 11 {"n":87} 200 0.110122
1790783262 0 {"n":88} 200 0.078437
1790783262 1 {"n":88} 200 0.088115
1790783262 2 {"n":88} 200 0.071910
1790783262 3 {"n":88} 200 0.057822
1790783263 4 {"n":88} 200 0.211327
1790783263 5 {"n":88} 200 0.147870
1790783263 6 {"n":88} 200 0.080009
1790783263 7 {"n":88} 200 0.119417
1790783263 8 {"n":88} 200 0.117048
1790783263 9 {"n":88} 200 0.070926
1790783263 10 {"n":88} 200 0.095297
1790783263 11 {"n":88} 200 0.086259
1790783263 0 {"n":89} 200 0.074861
1790783263 1 {"n":89} 200 0.114723
1790783264 2 {"n":89} 200 0.105001
1790783264 3 {"n":89} 200 0.062669
1790783264 4 {"n":89} 200 0.078724
1790783264 5 {"n":89} 200 0.095104
1790783264 6 {"n":89} 200 0.064022
1790783264 7 {"n":89} 200 0.088856
1790783264 8 {"n":89} 200 0.097529
1790783264 9 {"n":89} 200 0.113605
1790783264 10 {"n":89} 200 0.078773
1790783264 11 {"n":89} 200 0.105754
1790783264 0 {"n":90} 200 0.079221
1790783265 1 {"n":90} 200 0.095150
1790783265 2 {"n":90} 200 0.096679
1790783265 3 {"n":90} 200 0.146657
1790783265 4 {"n":90} 200 0.105787
1790783265 5 {"n":90} 200 0.113196
1790783265 6 {"n":90} 200 0.097067
1790783265 7 {"n":90} 200 0.063511
1790783265 8 {"n":90} 200 0.089128
1790783265 9 {"n":90} 200 0.089044
1790783266 10 {"n":90} 200 0.104964
1790783266 11 {"n":90} 200 0.136355
1790783266 0 {"n":91} 200 0.104248
1790783266 1 {"n":91} 200 0.112830
1790783266 2 {"n":91} 200 0.112049
1790783266 3 {"n":91} 200 0.113163
1790783266 4 {"n":91} 200 0.079258
1790783266 5 {"n":91} 200 0.147802
1790783266 6 {"n":91} 200 0.071435
1790783267 7 {"n":91} 200 0.097956
1790783267 8 {"n":91} 200 0.121376
1790783267 9 {"n":91} 200 0.113704
1790783267 10 {"n":91} 200 0.094968
1790783267 11 {"n":91} 200 0.071246
1790783267 0 {"n":92} 200 0.071920
1790783267 1 {"n":92} 200 0.063161
1790783267 2 {"n":92} 200 0.139144
1790783267 3 {"n":92} 200 0.138083
1790783268 4 {"n":92} 200 0.181705
1790783268 5 {"n":92} 200 0.171582
1790783268 6 {"n":92} 200 0.120331
1790783268 7 {"n":92} 200 0.096731
1790783268 8 {"n":92} 200 0.068695
1790783268 9 {"n":92} 200 0.089039
1790783268 10 {"n":92} 200 0.099149
1790783268 11 {"n":92} 200 0.047362
1790783268 0 {"n":93} 200 0.095597
1790783268 1 {"n":93} 200 0.055150
1790783269 2 {"n":93} 200 0.110792
1790783269 3 {"n":93} 200 0.057149
1790783269 4 {"n":93} 200 0.061253
1790783269 5 {"n":93} 200 0.063784
1790783269 6 {"n":93} 200 0.116383
1790783269 7 {"n":93} 200 0.113625
1790783269 8 {"n":93} 200 0.111311
1790783269 9 {"n":93} 200 0.122309
1790783269 10 {"n":93} 200 0.096735
1790783269 11 {"n":93} 200 0.108302
1790783270 0 {"n":94} 200 0.088904
1790783270 1 {"n":94} 200 0.443807
1790783270 2 {"n":94} 200 0.101078
1790783270 3 {"n":94} 200 0.088341
1790783270 4 {"n":94} 200 0.072109
1790783270 5 {"n":94} 200 0.093029
1790783270 6 {"n":94} 200 0.075653
1790783271 7 {"n":94} 200 0.088451
1790783271 8 {"n":94} 200 0.085159
1790783271 9 {"n":94} 200 0.083702
1790783271 10 {"n":94} 200 0.080583
1790783271 11 {"n":94} 200 0.097266
1790783271 0 {"n":95} 200 0.138825
1790783271 1 {"n":95} 200 0.096645
1790783271 2 {"n":95} 200 0.083722
1790783271 3 {"n":95} 200 0.075836
1790783271 4 {"n":95} 200 0.097425
1790783272 5 {"n":95} 200 0.136915
1790783272 6 {"n":95} 200 0.095096
1790783272 7 {"n":95} 200 0.143267
1790783272 8 {"n":95} 200 0.109273
1790783272 9 {"n":95} 200 0.077408
1790783272 10 {"n":95} 200 0.096733
1790783272 11 {"n":95} 200 0.144019
